Product: MDK-ARM Professional 5.10
Component: ARM Compiler 5.04 update 1 (build 49)
Tool: armlink [5040049]

==============================================================================

Section Cross References

    main.o(i.chage_char) refers to lcd.o(i.LCD_ShowString) for LCD_ShowString
    main.o(i.init) refers to system_stm32f10x.o(i.SystemInit) for SystemInit
    main.o(i.init) refers to user_delay.o(i.delay_init) for delay_init
    main.o(i.init) refers to nvic.o(i.NVIC_Configuration) for NVIC_Configuration
    main.o(i.init) refers to gpio.o(i.GPIO_Configuration) for GPIO_Configuration
    main.o(i.init) refers to sci.o(i.USART1_Configuration) for USART1_Configuration
    main.o(i.init) refers to stm32f10x_usart.o(i.USART_ClearFlag) for USART_ClearFlag
    main.o(i.init) refers to sci.o(i.USART2_Configuration) for USART2_Configuration
    main.o(i.init) refers to sci.o(i.USART3_Configuration) for USART3_Configuration
    main.o(i.main) refers to main.o(i.init) for init
    main.o(i.main) refers to lcd.o(i.LCD_Init) for LCD_Init
    main.o(i.main) refers to myiic.o(i.IIC_Init) for IIC_Init
    main.o(i.main) refers to bmp280.o(i.bmp280Init) for bmp280Init
    main.o(i.main) refers to lcd.o(i.LCD_ShowString) for LCD_ShowString
    main.o(i.main) refers to bmp280.o(i.bmp280GetData) for bmp280GetData
    main.o(i.main) refers to user_delay.o(i.delay_ms) for delay_ms
    main.o(i.main) refers to fmul.o(.text) for __aeabi_fmul
    main.o(i.main) refers to fadd.o(.text) for __aeabi_fadd
    main.o(i.main) refers to fdiv.o(.text) for __aeabi_fdiv
    main.o(i.main) refers to ffixi.o(.text) for __aeabi_f2iz
    main.o(i.main) refers to sci.o(i.itoa) for itoa
    main.o(i.main) refers to sci.o(i.USART_printf) for USART_printf
    main.o(i.main) refers to ffixui.o(.text) for __aeabi_f2uiz
    main.o(i.main) refers to lcd.o(i.LCD_ShowxNum) for LCD_ShowxNum
    main.o(i.main) refers to main.o(i.chage_char) for chage_char
    main.o(i.main) refers to lcd.o(.data) for POINT_COLOR
    sci.o(i.USART1_Configuration) refers to stm32f10x_usart.o(i.USART_Init) for USART_Init
    sci.o(i.USART1_Configuration) refers to stm32f10x_usart.o(i.USART_ITConfig) for USART_ITConfig
    sci.o(i.USART1_Configuration) refers to stm32f10x_usart.o(i.USART_Cmd) for USART_Cmd
    sci.o(i.USART1_IRQHandler) refers to stm32f10x_usart.o(i.USART_GetITStatus) for USART_GetITStatus
    sci.o(i.USART1_IRQHandler) refers to stm32f10x_usart.o(i.USART_ReceiveData) for USART_ReceiveData
    sci.o(i.USART1_IRQHandler) refers to sci.o(.bss) for .bss
    sci.o(i.USART1_IRQHandler) refers to sci.o(.data) for .data
    sci.o(i.USART2_Configuration) refers to stm32f10x_usart.o(i.USART_Init) for USART_Init
    sci.o(i.USART2_Configuration) refers to stm32f10x_usart.o(i.USART_ITConfig) for USART_ITConfig
    sci.o(i.USART2_Configuration) refers to stm32f10x_usart.o(i.USART_Cmd) for USART_Cmd
    sci.o(i.USART2_IRQHandler) refers to stm32f10x_usart.o(i.USART_GetITStatus) for USART_GetITStatus
    sci.o(i.USART2_IRQHandler) refers to stm32f10x_usart.o(i.USART_ReceiveData) for USART_ReceiveData
    sci.o(i.USART2_IRQHandler) refers to sci.o(.bss) for .bss
    sci.o(i.USART2_IRQHandler) refers to sci.o(.data) for .data
    sci.o(i.USART3_Configuration) refers to stm32f10x_usart.o(i.USART_Init) for USART_Init
    sci.o(i.USART3_Configuration) refers to stm32f10x_usart.o(i.USART_ITConfig) for USART_ITConfig
    sci.o(i.USART3_Configuration) refers to stm32f10x_usart.o(i.USART_Cmd) for USART_Cmd
    sci.o(i.USART3_IRQHandler) refers to stm32f10x_usart.o(i.USART_GetITStatus) for USART_GetITStatus
    sci.o(i.USART3_IRQHandler) refers to stm32f10x_usart.o(i.USART_ReceiveData) for USART_ReceiveData
    sci.o(i.USART3_IRQHandler) refers to sci.o(.bss) for .bss
    sci.o(i.USART3_IRQHandler) refers to sci.o(.data) for .data
    sci.o(i.USART_printf) refers to stm32f10x_usart.o(i.USART_SendData) for USART_SendData
    sci.o(i.USART_printf) refers to stm32f10x_usart.o(i.USART_GetFlagStatus) for USART_GetFlagStatus
    sci.o(i.USART_printf) refers to sci.o(i.itoa) for itoa
    sci.o(i.fputc) refers to stm32f10x_usart.o(i.USART_SendData) for USART_SendData
    gpio.o(i.GPIO_Configuration) refers to stm32f10x_rcc.o(i.RCC_APB2PeriphClockCmd) for RCC_APB2PeriphClockCmd
    gpio.o(i.GPIO_Configuration) refers to stm32f10x_rcc.o(i.RCC_APB1PeriphClockCmd) for RCC_APB1PeriphClockCmd
    gpio.o(i.GPIO_Configuration) refers to stm32f10x_gpio.o(i.GPIO_Init) for GPIO_Init
    nvic.o(i.NVIC_Configuration) refers to misc.o(i.NVIC_SetVectorTable) for NVIC_SetVectorTable
    nvic.o(i.NVIC_Configuration) refers to misc.o(i.NVIC_PriorityGroupConfig) for NVIC_PriorityGroupConfig
    nvic.o(i.NVIC_Configuration) refers to misc.o(i.NVIC_Init) for NVIC_Init
    user_delay.o(i.delay_init) refers to user_delay.o(.data) for .data
    user_delay.o(i.delay_ms) refers to user_delay.o(.data) for .data
    user_delay.o(i.delay_us) refers to user_delay.o(.data) for .data
    myiic.o(i.IIC_Ack) refers to user_delay.o(i.delay_us) for delay_us
    myiic.o(i.IIC_Init) refers to stm32f10x_rcc.o(i.RCC_APB2PeriphClockCmd) for RCC_APB2PeriphClockCmd
    myiic.o(i.IIC_Init) refers to stm32f10x_gpio.o(i.GPIO_Init) for GPIO_Init
    myiic.o(i.IIC_NAck) refers to user_delay.o(i.delay_us) for delay_us
    myiic.o(i.IIC_Read_Byte) refers to user_delay.o(i.delay_us) for delay_us
    myiic.o(i.IIC_Read_Byte) refers to myiic.o(i.IIC_Ack) for IIC_Ack
    myiic.o(i.IIC_Read_Byte) refers to myiic.o(i.IIC_NAck) for IIC_NAck
    myiic.o(i.IIC_Send_Byte) refers to user_delay.o(i.delay_us) for delay_us
    myiic.o(i.IIC_Send_Byte) refers to myiic.o(i.IIC_Wait_Ack) for IIC_Wait_Ack
    myiic.o(i.IIC_Start) refers to user_delay.o(i.delay_us) for delay_us
    myiic.o(i.IIC_Stop) refers to user_delay.o(i.delay_us) for delay_us
    myiic.o(i.IIC_Wait_Ack) refers to user_delay.o(i.delay_us) for delay_us
    myiic.o(i.IIC_Wait_Ack) refers to myiic.o(i.IIC_Stop) for IIC_Stop
    myiic.o(i.iicDevRead) refers to myiic.o(i.IIC_Start) for IIC_Start
    myiic.o(i.iicDevRead) refers to myiic.o(i.IIC_Send_Byte) for IIC_Send_Byte
    myiic.o(i.iicDevRead) refers to myiic.o(i.IIC_Read_Byte) for IIC_Read_Byte
    myiic.o(i.iicDevRead) refers to myiic.o(i.IIC_Stop) for IIC_Stop
    myiic.o(i.iicDevReadByte) refers to myiic.o(i.IIC_Start) for IIC_Start
    myiic.o(i.iicDevReadByte) refers to myiic.o(i.IIC_Send_Byte) for IIC_Send_Byte
    myiic.o(i.iicDevReadByte) refers to myiic.o(i.IIC_Read_Byte) for IIC_Read_Byte
    myiic.o(i.iicDevReadByte) refers to myiic.o(i.IIC_Stop) for IIC_Stop
    myiic.o(i.iicDevWrite) refers to myiic.o(i.IIC_Start) for IIC_Start
    myiic.o(i.iicDevWrite) refers to myiic.o(i.IIC_Send_Byte) for IIC_Send_Byte
    myiic.o(i.iicDevWrite) refers to myiic.o(i.IIC_Wait_Ack) for IIC_Wait_Ack
    myiic.o(i.iicDevWrite) refers to myiic.o(i.IIC_Stop) for IIC_Stop
    myiic.o(i.iicDevWriteByte) refers to myiic.o(i.IIC_Start) for IIC_Start
    myiic.o(i.iicDevWriteByte) refers to myiic.o(i.IIC_Send_Byte) for IIC_Send_Byte
    myiic.o(i.iicDevWriteByte) refers to myiic.o(i.IIC_Stop) for IIC_Stop
    lcd.o(i.LCD_Clear) refers to lcd.o(i.LCD_SetCursor) for LCD_SetCursor
    lcd.o(i.LCD_Clear) refers to lcd.o(i.LCD_WriteRAM_Prepare) for LCD_WriteRAM_Prepare
    lcd.o(i.LCD_Clear) refers to lcd.o(.bss) for .bss
    lcd.o(i.LCD_Color_Fill) refers to lcd.o(i.LCD_SetCursor) for LCD_SetCursor
    lcd.o(i.LCD_Color_Fill) refers to lcd.o(i.LCD_WriteRAM_Prepare) for LCD_WriteRAM_Prepare
    lcd.o(i.LCD_DisplayOff) refers to lcd.o(i.LCD_WriteReg) for LCD_WriteReg
    lcd.o(i.LCD_DisplayOff) refers to lcd.o(i.LCD_WR_REG) for LCD_WR_REG
    lcd.o(i.LCD_DisplayOff) refers to lcd.o(.bss) for .bss
    lcd.o(i.LCD_DisplayOn) refers to lcd.o(i.LCD_WriteReg) for LCD_WriteReg
    lcd.o(i.LCD_DisplayOn) refers to lcd.o(i.LCD_WR_REG) for LCD_WR_REG
    lcd.o(i.LCD_DisplayOn) refers to lcd.o(.bss) for .bss
    lcd.o(i.LCD_Display_Dir) refers to lcd.o(i.LCD_Scan_Dir) for LCD_Scan_Dir
    lcd.o(i.LCD_Display_Dir) refers to lcd.o(.bss) for .bss
    lcd.o(i.LCD_DrawLine) refers to lcd.o(i.LCD_DrawPoint) for LCD_DrawPoint
    lcd.o(i.LCD_DrawPoint) refers to lcd.o(i.LCD_SetCursor) for LCD_SetCursor
    lcd.o(i.LCD_DrawPoint) refers to lcd.o(i.LCD_WriteRAM_Prepare) for LCD_WriteRAM_Prepare
    lcd.o(i.LCD_DrawPoint) refers to lcd.o(.data) for .data
    lcd.o(i.LCD_DrawRectangle) refers to lcd.o(i.LCD_DrawLine) for LCD_DrawLine
    lcd.o(i.LCD_Draw_Circle) refers to lcd.o(i.LCD_DrawPoint) for LCD_DrawPoint
    lcd.o(i.LCD_Fast_DrawPoint) refers to lcd.o(i.LCD_WR_REG) for LCD_WR_REG
    lcd.o(i.LCD_Fast_DrawPoint) refers to lcd.o(i.LCD_WriteReg) for LCD_WriteReg
    lcd.o(i.LCD_Fast_DrawPoint) refers to lcd.o(.bss) for .bss
    lcd.o(i.LCD_Fill) refers to lcd.o(i.LCD_SetCursor) for LCD_SetCursor
    lcd.o(i.LCD_Fill) refers to lcd.o(i.LCD_WriteRAM_Prepare) for LCD_WriteRAM_Prepare
    lcd.o(i.LCD_Fill) refers to lcd.o(.bss) for .bss
    lcd.o(i.LCD_Init) refers to stm32f10x_rcc.o(i.RCC_APB2PeriphClockCmd) for RCC_APB2PeriphClockCmd
    lcd.o(i.LCD_Init) refers to stm32f10x_gpio.o(i.GPIO_PinRemapConfig) for GPIO_PinRemapConfig
    lcd.o(i.LCD_Init) refers to stm32f10x_gpio.o(i.GPIO_Init) for GPIO_Init
    lcd.o(i.LCD_Init) refers to stm32f10x_gpio.o(i.GPIO_SetBits) for GPIO_SetBits
    lcd.o(i.LCD_Init) refers to user_delay.o(i.delay_ms) for delay_ms
    lcd.o(i.LCD_Init) refers to lcd.o(i.LCD_WriteReg) for LCD_WriteReg
    lcd.o(i.LCD_Init) refers to lcd.o(i.LCD_ReadReg) for LCD_ReadReg
    lcd.o(i.LCD_Init) refers to lcd.o(i.LCD_WR_REG) for LCD_WR_REG
    lcd.o(i.LCD_Init) refers to lcd.o(i.LCD_RD_DATA) for LCD_RD_DATA
    lcd.o(i.LCD_Init) refers to lcd.o(i.LCD_WR_DATAX) for LCD_WR_DATAX
    lcd.o(i.LCD_Init) refers to lcd.o(.bss) for .bss
    lcd.o(i.LCD_Init) refers to user_delay.o(i.delay_us) for delay_us
    lcd.o(i.LCD_Init) refers to lcd.o(i.LCD_SSD_BackLightSet) for LCD_SSD_BackLightSet
    lcd.o(i.LCD_Init) refers to lcd.o(i.LCD_Display_Dir) for LCD_Display_Dir
    lcd.o(i.LCD_Init) refers to lcd.o(i.LCD_Clear) for LCD_Clear
    lcd.o(i.LCD_RD_DATA) refers to user_delay.o(i.delay_us) for delay_us
    lcd.o(i.LCD_RD_DATA) refers to lcd.o(.bss) for .bss
    lcd.o(i.LCD_ReadPoint) refers to lcd.o(i.LCD_SetCursor) for LCD_SetCursor
    lcd.o(i.LCD_ReadPoint) refers to lcd.o(i.LCD_WR_REG) for LCD_WR_REG
    lcd.o(i.LCD_ReadPoint) refers to lcd.o(i.LCD_BGR2RGB) for LCD_BGR2RGB
    lcd.o(i.LCD_ReadPoint) refers to lcd.o(.bss) for .bss
    lcd.o(i.LCD_ReadReg) refers to lcd.o(i.LCD_WR_REG) for LCD_WR_REG
    lcd.o(i.LCD_ReadReg) refers to lcd.o(i.LCD_RD_DATA) for LCD_RD_DATA
    lcd.o(i.LCD_SSD_BackLightSet) refers to lcd.o(i.LCD_WR_REG) for LCD_WR_REG
    lcd.o(i.LCD_SSD_BackLightSet) refers to dfltui.o(.text) for __aeabi_ui2d
    lcd.o(i.LCD_SSD_BackLightSet) refers to dmul.o(.text) for __aeabi_dmul
    lcd.o(i.LCD_SSD_BackLightSet) refers to dfixui.o(.text) for __aeabi_d2uiz
    lcd.o(i.LCD_Scan_Dir) refers to lcd.o(i.LCD_WriteReg) for LCD_WriteReg
    lcd.o(i.LCD_Scan_Dir) refers to lcd.o(i.LCD_WR_REG) for LCD_WR_REG
    lcd.o(i.LCD_Scan_Dir) refers to lcd.o(.bss) for .bss
    lcd.o(i.LCD_SetCursor) refers to lcd.o(i.LCD_WR_REG) for LCD_WR_REG
    lcd.o(i.LCD_SetCursor) refers to lcd.o(i.LCD_WriteReg) for LCD_WriteReg
    lcd.o(i.LCD_SetCursor) refers to lcd.o(.bss) for .bss
    lcd.o(i.LCD_Set_Window) refers to lcd.o(i.LCD_WR_REG) for LCD_WR_REG
    lcd.o(i.LCD_Set_Window) refers to lcd.o(i.LCD_WriteReg) for LCD_WriteReg
    lcd.o(i.LCD_Set_Window) refers to lcd.o(i.LCD_SetCursor) for LCD_SetCursor
    lcd.o(i.LCD_Set_Window) refers to lcd.o(.bss) for .bss
    lcd.o(i.LCD_ShowChar) refers to lcd.o(i.LCD_Fast_DrawPoint) for LCD_Fast_DrawPoint
    lcd.o(i.LCD_ShowChar) refers to lcd.o(.constdata) for .constdata
    lcd.o(i.LCD_ShowChar) refers to lcd.o(.data) for .data
    lcd.o(i.LCD_ShowChar) refers to lcd.o(.bss) for .bss
    lcd.o(i.LCD_ShowNum) refers to lcd.o(i.LCD_Pow) for LCD_Pow
    lcd.o(i.LCD_ShowNum) refers to lcd.o(i.LCD_ShowChar) for LCD_ShowChar
    lcd.o(i.LCD_ShowString) refers to lcd.o(i.LCD_ShowChar) for LCD_ShowChar
    lcd.o(i.LCD_ShowxNum) refers to lcd.o(i.LCD_Pow) for LCD_Pow
    lcd.o(i.LCD_ShowxNum) refers to lcd.o(i.LCD_ShowChar) for LCD_ShowChar
    lcd.o(i.LCD_WriteRAM_Prepare) refers to lcd.o(i.LCD_WR_REG) for LCD_WR_REG
    lcd.o(i.LCD_WriteRAM_Prepare) refers to lcd.o(.bss) for .bss
    lcd.o(i.LCD_WriteReg) refers to lcd.o(i.LCD_WR_REG) for LCD_WR_REG
    bmp280.o(i.bmp280CompensateP) refers to ldiv.o(.text) for __aeabi_ldivmod
    bmp280.o(i.bmp280CompensateP) refers to bmp280.o(.bss) for .bss
    bmp280.o(i.bmp280GetData) refers to myiic.o(i.iicDevRead) for iicDevRead
    bmp280.o(i.bmp280GetData) refers to dflti.o(.text) for __aeabi_i2d
    bmp280.o(i.bmp280GetData) refers to ddiv.o(.text) for __aeabi_ddiv
    bmp280.o(i.bmp280GetData) refers to d2f.o(.text) for __aeabi_d2f
    bmp280.o(i.bmp280GetData) refers to bmp280.o(i.bmp280CompensateP) for bmp280CompensateP
    bmp280.o(i.bmp280GetData) refers to dfltui.o(.text) for __aeabi_ui2d
    bmp280.o(i.bmp280GetData) refers to bmp280.o(i.presssureFilter) for presssureFilter
    bmp280.o(i.bmp280GetData) refers to bmp280.o(i.bmp280PressureToAltitude) for bmp280PressureToAltitude
    bmp280.o(i.bmp280GetData) refers to bmp280.o(.data) for .data
    bmp280.o(i.bmp280GetData) refers to bmp280.o(.bss) for .bss
    bmp280.o(i.bmp280Init) refers to myiic.o(i.IIC_Init) for IIC_Init
    bmp280.o(i.bmp280Init) refers to user_delay.o(i.delay_ms) for delay_ms
    bmp280.o(i.bmp280Init) refers to myiic.o(i.iicDevReadByte) for iicDevReadByte
    bmp280.o(i.bmp280Init) refers to lcd.o(i.LCD_ShowString) for LCD_ShowString
    bmp280.o(i.bmp280Init) refers to myiic.o(i.iicDevRead) for iicDevRead
    bmp280.o(i.bmp280Init) refers to myiic.o(i.iicDevWriteByte) for iicDevWriteByte
    bmp280.o(i.bmp280Init) refers to bmp280.o(.data) for .data
    bmp280.o(i.bmp280Init) refers to bmp280.o(.bss) for .bss
    bmp280.o(i.bmp280PressureToAltitude) refers to fdiv.o(.text) for __aeabi_fdiv
    bmp280.o(i.bmp280PressureToAltitude) refers to f2d.o(.text) for __aeabi_f2d
    bmp280.o(i.bmp280PressureToAltitude) refers to pow.o(i.pow) for pow
    bmp280.o(i.bmp280PressureToAltitude) refers to dadd.o(.text) for __aeabi_dsub
    bmp280.o(i.bmp280PressureToAltitude) refers to dmul.o(.text) for __aeabi_dmul
    bmp280.o(i.bmp280PressureToAltitude) refers to ddiv.o(.text) for __aeabi_ddiv
    bmp280.o(i.bmp280PressureToAltitude) refers to d2f.o(.text) for __aeabi_d2f
    bmp280.o(i.presssureFilter) refers to fadd.o(.text) for __aeabi_fsub
    bmp280.o(i.presssureFilter) refers to cfcmple.o(.text) for __aeabi_cfcmple
    bmp280.o(i.presssureFilter) refers to f2d.o(.text) for __aeabi_f2d
    bmp280.o(i.presssureFilter) refers to dadd.o(.text) for __aeabi_dadd
    bmp280.o(i.presssureFilter) refers to ddiv.o(.text) for __aeabi_ddiv
    bmp280.o(i.presssureFilter) refers to d2f.o(.text) for __aeabi_d2f
    bmp280.o(i.presssureFilter) refers to bmp280.o(.bss) for .bss
    bmp280.o(i.presssureFilter) refers to bmp280.o(.data) for .data
    stm32f10x_usart.o(i.USART_DeInit) refers to stm32f10x_rcc.o(i.RCC_APB2PeriphResetCmd) for RCC_APB2PeriphResetCmd
    stm32f10x_usart.o(i.USART_DeInit) refers to stm32f10x_rcc.o(i.RCC_APB1PeriphResetCmd) for RCC_APB1PeriphResetCmd
    stm32f10x_usart.o(i.USART_Init) refers to stm32f10x_rcc.o(i.RCC_GetClocksFreq) for RCC_GetClocksFreq
    stm32f10x_gpio.o(i.GPIO_AFIODeInit) refers to stm32f10x_rcc.o(i.RCC_APB2PeriphResetCmd) for RCC_APB2PeriphResetCmd
    stm32f10x_gpio.o(i.GPIO_DeInit) refers to stm32f10x_rcc.o(i.RCC_APB2PeriphResetCmd) for RCC_APB2PeriphResetCmd
    stm32f10x_rcc.o(i.RCC_GetClocksFreq) refers to stm32f10x_rcc.o(.data) for .data
    stm32f10x_rcc.o(i.RCC_WaitForHSEStartUp) refers to stm32f10x_rcc.o(i.RCC_GetFlagStatus) for RCC_GetFlagStatus
    stm32f10x_adc.o(i.ADC_DeInit) refers to stm32f10x_rcc.o(i.RCC_APB2PeriphResetCmd) for RCC_APB2PeriphResetCmd
    system_stm32f10x.o(i.SystemCoreClockUpdate) refers to system_stm32f10x.o(.data) for .data
    system_stm32f10x.o(i.SystemInit) refers to system_stm32f10x.o(i.SetSysClockTo72) for SetSysClockTo72
    startup_stm32f10x_md.o(RESET) refers to startup_stm32f10x_md.o(STACK) for __initial_sp
    startup_stm32f10x_md.o(RESET) refers to startup_stm32f10x_md.o(.text) for Reset_Handler
    startup_stm32f10x_md.o(RESET) refers to stm32f10x_it.o(i.NMI_Handler) for NMI_Handler
    startup_stm32f10x_md.o(RESET) refers to stm32f10x_it.o(i.HardFault_Handler) for HardFault_Handler
    startup_stm32f10x_md.o(RESET) refers to stm32f10x_it.o(i.MemManage_Handler) for MemManage_Handler
    startup_stm32f10x_md.o(RESET) refers to stm32f10x_it.o(i.BusFault_Handler) for BusFault_Handler
    startup_stm32f10x_md.o(RESET) refers to stm32f10x_it.o(i.UsageFault_Handler) for UsageFault_Handler
    startup_stm32f10x_md.o(RESET) refers to stm32f10x_it.o(i.SVC_Handler) for SVC_Handler
    startup_stm32f10x_md.o(RESET) refers to stm32f10x_it.o(i.DebugMon_Handler) for DebugMon_Handler
    startup_stm32f10x_md.o(RESET) refers to stm32f10x_it.o(i.PendSV_Handler) for PendSV_Handler
    startup_stm32f10x_md.o(RESET) refers to stm32f10x_it.o(i.SysTick_Handler) for SysTick_Handler
    startup_stm32f10x_md.o(RESET) refers to sci.o(i.USART1_IRQHandler) for USART1_IRQHandler
    startup_stm32f10x_md.o(RESET) refers to sci.o(i.USART2_IRQHandler) for USART2_IRQHandler
    startup_stm32f10x_md.o(RESET) refers to sci.o(i.USART3_IRQHandler) for USART3_IRQHandler
    startup_stm32f10x_md.o(RESET) refers to stm32f10x_it.o(i.EXTI15_10_IRQHandler) for EXTI15_10_IRQHandler
    startup_stm32f10x_md.o(.text) refers to system_stm32f10x.o(i.SystemInit) for SystemInit
    startup_stm32f10x_md.o(.text) refers to entry.o(.ARM.Collect$$$$00000000) for __main
    pow.o(i.__softfp_pow) refers (Special) to iusefp.o(.text) for __I$use$fp
    pow.o(i.__softfp_pow) refers to pow.o(i.pow) for pow
    pow.o(i.pow) refers (Special) to iusefp.o(.text) for __I$use$fp
    pow.o(i.pow) refers to dadd.o(.text) for __aeabi_dadd
    pow.o(i.pow) refers to errno.o(i.__set_errno) for __set_errno
    pow.o(i.pow) refers to ddiv.o(.text) for __aeabi_ddiv
    pow.o(i.pow) refers to sqrt.o(i.sqrt) for sqrt
    pow.o(i.pow) refers to dmul.o(.text) for __aeabi_dmul
    pow.o(i.pow) refers to dscalb.o(.text) for __ARM_scalbn
    pow.o(i.pow) refers to dunder.o(i.__mathlib_dbl_underflow) for __mathlib_dbl_underflow
    pow.o(i.pow) refers to qnan.o(.constdata) for __mathlib_zero
    pow.o(i.pow) refers to poly.o(i.__kernel_poly) for __kernel_poly
    pow.o(i.pow) refers to dflti.o(.text) for __aeabi_i2d
    pow.o(i.pow) refers to cdrcmple.o(.text) for __aeabi_cdrcmple
    pow.o(i.pow) refers to pow.o(.constdata) for .constdata
    pow.o(i.pow) refers to fpclassify.o(i.__ARM_fpclassify) for __ARM_fpclassify
    pow.o(.constdata) refers (Special) to iusefp.o(.text) for __I$use$fp
    pow_x.o(i.____softfp_pow$lsc) refers (Special) to iusefp.o(.text) for __I$use$fp
    pow_x.o(i.____softfp_pow$lsc) refers to pow_x.o(i.__pow$lsc) for __pow$lsc
    pow_x.o(i.__pow$lsc) refers (Special) to iusefp.o(.text) for __I$use$fp
    pow_x.o(i.__pow$lsc) refers to dadd.o(.text) for __aeabi_dadd
    pow_x.o(i.__pow$lsc) refers to errno.o(i.__set_errno) for __set_errno
    pow_x.o(i.__pow$lsc) refers to ddiv.o(.text) for __aeabi_ddiv
    pow_x.o(i.__pow$lsc) refers to sqrt.o(i.sqrt) for sqrt
    pow_x.o(i.__pow$lsc) refers to dmul.o(.text) for __aeabi_dmul
    pow_x.o(i.__pow$lsc) refers to dflti.o(.text) for __aeabi_i2d
    pow_x.o(i.__pow$lsc) refers to dscalb.o(.text) for __ARM_scalbn
    pow_x.o(i.__pow$lsc) refers to qnan.o(.constdata) for __mathlib_zero
    pow_x.o(i.__pow$lsc) refers to pow_x.o(.constdata) for .constdata
    pow_x.o(i.__pow$lsc) refers to poly.o(i.__kernel_poly) for __kernel_poly
    pow_x.o(i.__pow$lsc) refers to cdrcmple.o(.text) for __aeabi_cdrcmple
    pow_x.o(.constdata) refers (Special) to iusefp.o(.text) for __I$use$fp
    entry.o(.ARM.Collect$$$$00000000) refers (Special) to entry10a.o(.ARM.Collect$$$$0000000D) for __rt_final_cpp
    entry.o(.ARM.Collect$$$$00000000) refers (Special) to entry11a.o(.ARM.Collect$$$$0000000F) for __rt_final_exit
    entry.o(.ARM.Collect$$$$00000000) refers (Special) to entry7b.o(.ARM.Collect$$$$00000008) for _main_clock
    entry.o(.ARM.Collect$$$$00000000) refers (Special) to entry8b.o(.ARM.Collect$$$$0000000A) for _main_cpp_init
    entry.o(.ARM.Collect$$$$00000000) refers (Special) to entry9a.o(.ARM.Collect$$$$0000000B) for _main_init
    entry.o(.ARM.Collect$$$$00000000) refers (Special) to entry5.o(.ARM.Collect$$$$00000004) for _main_scatterload
    entry.o(.ARM.Collect$$$$00000000) refers (Special) to entry2.o(.ARM.Collect$$$$00000001) for _main_stk
    ldiv.o(.text) refers to uldiv.o(.text) for __aeabi_uldivmod
    fadd.o(.text) refers (Special) to iusefp.o(.text) for __I$use$fp
    fadd.o(.text) refers to fepilogue.o(.text) for _float_epilogue
    fmul.o(.text) refers (Special) to iusefp.o(.text) for __I$use$fp
    fdiv.o(.text) refers (Special) to iusefp.o(.text) for __I$use$fp
    fdiv.o(.text) refers to fepilogue.o(.text) for _float_round
    dadd.o(.text) refers (Special) to iusefp.o(.text) for __I$use$fp
    dadd.o(.text) refers to llshl.o(.text) for __aeabi_llsl
    dadd.o(.text) refers to llsshr.o(.text) for __aeabi_lasr
    dadd.o(.text) refers to depilogue.o(.text) for _double_epilogue
    dmul.o(.text) refers (Special) to iusefp.o(.text) for __I$use$fp
    dmul.o(.text) refers to depilogue.o(.text) for _double_epilogue
    ddiv.o(.text) refers (Special) to iusefp.o(.text) for __I$use$fp
    ddiv.o(.text) refers to depilogue.o(.text) for _double_round
    dflti.o(.text) refers (Special) to iusefp.o(.text) for __I$use$fp
    dflti.o(.text) refers to depilogue.o(.text) for _double_epilogue
    dfltui.o(.text) refers (Special) to iusefp.o(.text) for __I$use$fp
    dfltui.o(.text) refers to depilogue.o(.text) for _double_epilogue
    ffixi.o(.text) refers (Special) to iusefp.o(.text) for __I$use$fp
    ffixui.o(.text) refers (Special) to iusefp.o(.text) for __I$use$fp
    dfixui.o(.text) refers (Special) to iusefp.o(.text) for __I$use$fp
    dfixui.o(.text) refers to llushr.o(.text) for __aeabi_llsr
    f2d.o(.text) refers (Special) to iusefp.o(.text) for __I$use$fp
    d2f.o(.text) refers (Special) to iusefp.o(.text) for __I$use$fp
    d2f.o(.text) refers to fepilogue.o(.text) for _float_round
    cfcmple.o(.text) refers (Special) to iusefp.o(.text) for __I$use$fp
    dunder.o(i.__mathlib_dbl_underflow) refers to dscalb.o(.text) for __ARM_scalbn
    fpclassify.o(i.__ARM_fpclassify) refers (Special) to iusefp.o(.text) for __I$use$fp
    poly.o(i.__kernel_poly) refers (Special) to iusefp.o(.text) for __I$use$fp
    poly.o(i.__kernel_poly) refers to dmul.o(.text) for __aeabi_dmul
    poly.o(i.__kernel_poly) refers to dadd.o(.text) for __aeabi_dadd
    qnan.o(.constdata) refers (Special) to iusefp.o(.text) for __I$use$fp
    sqrt.o(i.__softfp_sqrt) refers (Special) to iusefp.o(.text) for __I$use$fp
    sqrt.o(i.__softfp_sqrt) refers to dsqrt.o(.text) for _dsqrt
    sqrt.o(i.__softfp_sqrt) refers to errno.o(i.__set_errno) for __set_errno
    sqrt.o(i.sqrt) refers (Special) to iusefp.o(.text) for __I$use$fp
    sqrt.o(i.sqrt) refers to dsqrt.o(.text) for _dsqrt
    sqrt.o(i.sqrt) refers to errno.o(i.__set_errno) for __set_errno
    sqrt_x.o(i.____softfp_sqrt$lsc) refers (Special) to iusefp.o(.text) for __I$use$fp
    sqrt_x.o(i.____softfp_sqrt$lsc) refers to cdcmple.o(.text) for __aeabi_cdcmple
    sqrt_x.o(i.____softfp_sqrt$lsc) refers to errno.o(i.__set_errno) for __set_errno
    sqrt_x.o(i.____softfp_sqrt$lsc) refers to dsqrt.o(.text) for _dsqrt
    sqrt_x.o(i.__sqrt$lsc) refers (Special) to iusefp.o(.text) for __I$use$fp
    sqrt_x.o(i.__sqrt$lsc) refers to cdcmple.o(.text) for __aeabi_cdcmple
    sqrt_x.o(i.__sqrt$lsc) refers to errno.o(i.__set_errno) for __set_errno
    sqrt_x.o(i.__sqrt$lsc) refers to dsqrt.o(.text) for _dsqrt
    entry2.o(.ARM.Collect$$$$00000001) refers to entry2.o(.ARM.Collect$$$$00002712) for __lit__00000000
    entry2.o(.ARM.Collect$$$$00002712) refers to startup_stm32f10x_md.o(STACK) for __initial_sp
    entry2.o(__vectab_stack_and_reset_area) refers to startup_stm32f10x_md.o(STACK) for __initial_sp
    entry2.o(__vectab_stack_and_reset_area) refers to entry.o(.ARM.Collect$$$$00000000) for __main
    entry5.o(.ARM.Collect$$$$00000004) refers to init.o(.text) for __scatterload
    entry9a.o(.ARM.Collect$$$$0000000B) refers to main.o(i.main) for main
    entry9b.o(.ARM.Collect$$$$0000000C) refers to main.o(i.main) for main
    uldiv.o(.text) refers to llushr.o(.text) for __aeabi_llsr
    uldiv.o(.text) refers to llshl.o(.text) for __aeabi_llsl
    errno.o(i.__aeabi_errno_addr) refers to errno.o(.data) for .data
    errno.o(i.__read_errno) refers to errno.o(.data) for .data
    errno.o(i.__set_errno) refers to errno.o(.data) for .data
    depilogue.o(.text) refers to llshl.o(.text) for __aeabi_llsl
    depilogue.o(.text) refers to llushr.o(.text) for __aeabi_llsr
    init.o(.text) refers to entry5.o(.ARM.Collect$$$$00000004) for __main_after_scatterload
    dsqrt.o(.text) refers to llushr.o(.text) for __aeabi_llsr
    dsqrt.o(.text) refers to depilogue.o(.text) for _double_round


==============================================================================

Removing Unused input sections from the image.

    Removing stm32f10x_it.o(i.ETH_IRQHandler), (2 bytes).
    Removing sci.o(i.RS232_Send1_Data), (32 bytes).
    Removing sci.o(i.RS232_Send2_Data), (32 bytes).
    Removing sci.o(i.RS232_Send3_Data), (32 bytes).
    Removing sci.o(i.fputc), (28 bytes).
    Removing myiic.o(i.iicDevWrite), (64 bytes).
    Removing lcd.o(i.LCD_BGR2RGB), (18 bytes).
    Removing lcd.o(i.LCD_Color_Fill), (116 bytes).
    Removing lcd.o(i.LCD_DisplayOff), (68 bytes).
    Removing lcd.o(i.LCD_DisplayOn), (72 bytes).
    Removing lcd.o(i.LCD_DrawLine), (150 bytes).
    Removing lcd.o(i.LCD_DrawPoint), (52 bytes).
    Removing lcd.o(i.LCD_DrawRectangle), (56 bytes).
    Removing lcd.o(i.LCD_Draw_Circle), (176 bytes).
    Removing lcd.o(i.LCD_Fill), (172 bytes).
    Removing lcd.o(i.LCD_ReadPoint), (400 bytes).
    Removing lcd.o(i.LCD_Set_Window), (820 bytes).
    Removing lcd.o(i.LCD_ShowNum), (118 bytes).
    Removing lcd.o(i.LCD_WriteRAM), (36 bytes).
    Removing lcd.o(i.opt_delay), (8 bytes).
    Removing stm32f10x_usart.o(i.USART_ClearITPendingBit), (12 bytes).
    Removing stm32f10x_usart.o(i.USART_ClockInit), (30 bytes).
    Removing stm32f10x_usart.o(i.USART_ClockStructInit), (12 bytes).
    Removing stm32f10x_usart.o(i.USART_DMACmd), (16 bytes).
    Removing stm32f10x_usart.o(i.USART_DeInit), (116 bytes).
    Removing stm32f10x_usart.o(i.USART_HalfDuplexCmd), (20 bytes).
    Removing stm32f10x_usart.o(i.USART_IrDACmd), (20 bytes).
    Removing stm32f10x_usart.o(i.USART_IrDAConfig), (16 bytes).
    Removing stm32f10x_usart.o(i.USART_LINBreakDetectLengthConfig), (16 bytes).
    Removing stm32f10x_usart.o(i.USART_LINCmd), (20 bytes).
    Removing stm32f10x_usart.o(i.USART_OneBitMethodCmd), (20 bytes).
    Removing stm32f10x_usart.o(i.USART_OverSampling8Cmd), (20 bytes).
    Removing stm32f10x_usart.o(i.USART_ReceiverWakeUpCmd), (20 bytes).
    Removing stm32f10x_usart.o(i.USART_SendBreak), (10 bytes).
    Removing stm32f10x_usart.o(i.USART_SetAddress), (16 bytes).
    Removing stm32f10x_usart.o(i.USART_SetGuardTime), (16 bytes).
    Removing stm32f10x_usart.o(i.USART_SetPrescaler), (16 bytes).
    Removing stm32f10x_usart.o(i.USART_SmartCardCmd), (20 bytes).
    Removing stm32f10x_usart.o(i.USART_SmartCardNACKCmd), (20 bytes).
    Removing stm32f10x_usart.o(i.USART_StructInit), (22 bytes).
    Removing stm32f10x_usart.o(i.USART_WakeUpConfig), (16 bytes).
    Removing stm32f10x_gpio.o(i.GPIO_AFIODeInit), (22 bytes).
    Removing stm32f10x_gpio.o(i.GPIO_DeInit), (180 bytes).
    Removing stm32f10x_gpio.o(i.GPIO_ETH_MediaInterfaceConfig), (12 bytes).
    Removing stm32f10x_gpio.o(i.GPIO_EXTILineConfig), (40 bytes).
    Removing stm32f10x_gpio.o(i.GPIO_EventOutputCmd), (12 bytes).
    Removing stm32f10x_gpio.o(i.GPIO_EventOutputConfig), (28 bytes).
    Removing stm32f10x_gpio.o(i.GPIO_PinLockConfig), (16 bytes).
    Removing stm32f10x_gpio.o(i.GPIO_ReadInputData), (6 bytes).
    Removing stm32f10x_gpio.o(i.GPIO_ReadInputDataBit), (14 bytes).
    Removing stm32f10x_gpio.o(i.GPIO_ReadOutputData), (6 bytes).
    Removing stm32f10x_gpio.o(i.GPIO_ReadOutputDataBit), (14 bytes).
    Removing stm32f10x_gpio.o(i.GPIO_ResetBits), (4 bytes).
    Removing stm32f10x_gpio.o(i.GPIO_StructInit), (16 bytes).
    Removing stm32f10x_gpio.o(i.GPIO_Write), (4 bytes).
    Removing stm32f10x_gpio.o(i.GPIO_WriteBit), (10 bytes).
    Removing stm32f10x_rcc.o(i.RCC_ADCCLKConfig), (20 bytes).
    Removing stm32f10x_rcc.o(i.RCC_AHBPeriphClockCmd), (24 bytes).
    Removing stm32f10x_rcc.o(i.RCC_APB1PeriphResetCmd), (24 bytes).
    Removing stm32f10x_rcc.o(i.RCC_APB2PeriphResetCmd), (24 bytes).
    Removing stm32f10x_rcc.o(i.RCC_AdjustHSICalibrationValue), (20 bytes).
    Removing stm32f10x_rcc.o(i.RCC_BackupResetCmd), (12 bytes).
    Removing stm32f10x_rcc.o(i.RCC_ClearFlag), (16 bytes).
    Removing stm32f10x_rcc.o(i.RCC_ClearITPendingBit), (12 bytes).
    Removing stm32f10x_rcc.o(i.RCC_ClockSecuritySystemCmd), (12 bytes).
    Removing stm32f10x_rcc.o(i.RCC_DeInit), (64 bytes).
    Removing stm32f10x_rcc.o(i.RCC_GetFlagStatus), (48 bytes).
    Removing stm32f10x_rcc.o(i.RCC_GetITStatus), (20 bytes).
    Removing stm32f10x_rcc.o(i.RCC_GetSYSCLKSource), (16 bytes).
    Removing stm32f10x_rcc.o(i.RCC_HCLKConfig), (20 bytes).
    Removing stm32f10x_rcc.o(i.RCC_HSEConfig), (52 bytes).
    Removing stm32f10x_rcc.o(i.RCC_HSICmd), (12 bytes).
    Removing stm32f10x_rcc.o(i.RCC_ITConfig), (24 bytes).
    Removing stm32f10x_rcc.o(i.RCC_LSEConfig), (32 bytes).
    Removing stm32f10x_rcc.o(i.RCC_LSICmd), (12 bytes).
    Removing stm32f10x_rcc.o(i.RCC_MCOConfig), (12 bytes).
    Removing stm32f10x_rcc.o(i.RCC_PCLK1Config), (20 bytes).
    Removing stm32f10x_rcc.o(i.RCC_PCLK2Config), (20 bytes).
    Removing stm32f10x_rcc.o(i.RCC_PLLCmd), (12 bytes).
    Removing stm32f10x_rcc.o(i.RCC_PLLCoLnfig), (20 bytes).
    Removing stm32f10x_rcc.o(i.RCC_RTCCLKCmd), (12 bytes).
    Removing stm32f10x_rcc.o(i.RCC_RTCCLKConfig), (16 bytes).
    Removing stm32f10x_rcc.o(i.RCC_SYSCLKConfig), (20 bytes).
    Removing stm32f10x_rcc.o(i.RCC_USBCLKConfig), (12 bytes).
    Removing stm32f10x_rcc.o(i.RCC_WaitForHSEStartUp), (44 bytes).
    Removing misc.o(i.NVIC_SystemLPConfig), (24 bytes).
    Removing misc.o(i.SysTick_CLKSourceConfig), (24 bytes).
    Removing stm32f10x_adc.o(i.ADC_AnalogWatchdogCmd), (16 bytes).
    Removing stm32f10x_adc.o(i.ADC_AnalogWatchdogSingleChannelConfig), (12 bytes).
    Removing stm32f10x_adc.o(i.ADC_AnalogWatchdogThresholdsConfig), (6 bytes).
    Removing stm32f10x_adc.o(i.ADC_AutoInjectedConvCmd), (20 bytes).
    Removing stm32f10x_adc.o(i.ADC_ClearFlag), (6 bytes).
    Removing stm32f10x_adc.o(i.ADC_ClearITPendingBit), (8 bytes).
    Removing stm32f10x_adc.o(i.ADC_Cmd), (20 bytes).
    Removing stm32f10x_adc.o(i.ADC_DMACmd), (20 bytes).
    Removing stm32f10x_adc.o(i.ADC_DeInit), (68 bytes).
    Removing stm32f10x_adc.o(i.ADC_DiscModeChannelCountConfig), (16 bytes).
    Removing stm32f10x_adc.o(i.ADC_DiscModeCmd), (20 bytes).
    Removing stm32f10x_adc.o(i.ADC_ExternalTrigConvCmd), (20 bytes).
    Removing stm32f10x_adc.o(i.ADC_ExternalTrigInjectedConvCmd), (20 bytes).
    Removing stm32f10x_adc.o(i.ADC_ExternalTrigInjectedConvConfig), (12 bytes).
    Removing stm32f10x_adc.o(i.ADC_GetCalibrationStatus), (14 bytes).
    Removing stm32f10x_adc.o(i.ADC_GetConversionValue), (6 bytes).
    Removing stm32f10x_adc.o(i.ADC_GetDualModeConversionValue), (12 bytes).
    Removing stm32f10x_adc.o(i.ADC_GetFlagStatus), (14 bytes).
    Removing stm32f10x_adc.o(i.ADC_GetITStatus), (28 bytes).
    Removing stm32f10x_adc.o(i.ADC_GetInjectedConversionValue), (14 bytes).
    Removing stm32f10x_adc.o(i.ADC_GetResetCalibrationStatus), (14 bytes).
    Removing stm32f10x_adc.o(i.ADC_GetSoftwareStartConvStatus), (14 bytes).
    Removing stm32f10x_adc.o(i.ADC_GetSoftwareStartInjectedConvCmdStatus), (14 bytes).
    Removing stm32f10x_adc.o(i.ADC_ITConfig), (18 bytes).
    Removing stm32f10x_adc.o(i.ADC_Init), (72 bytes).
    Removing stm32f10x_adc.o(i.ADC_InjectedChannelConfig), (74 bytes).
    Removing stm32f10x_adc.o(i.ADC_InjectedDiscModeCmd), (20 bytes).
    Removing stm32f10x_adc.o(i.ADC_InjectedSequencerLengthConfig), (16 bytes).
    Removing stm32f10x_adc.o(i.ADC_RegularChannelConfig), (116 bytes).
    Removing stm32f10x_adc.o(i.ADC_ResetCalibration), (10 bytes).
    Removing stm32f10x_adc.o(i.ADC_SetInjectedOffset), (10 bytes).
    Removing stm32f10x_adc.o(i.ADC_SoftwareStartConvCmd), (20 bytes).
    Removing stm32f10x_adc.o(i.ADC_SoftwareStartInjectedConvCmd), (20 bytes).
    Removing stm32f10x_adc.o(i.ADC_StartCalibration), (10 bytes).
    Removing stm32f10x_adc.o(i.ADC_StructInit), (18 bytes).
    Removing stm32f10x_adc.o(i.ADC_TempSensorVrefintCmd), (28 bytes).
    Removing system_stm32f10x.o(i.SystemCoreClockUpdate), (104 bytes).
    Removing system_stm32f10x.o(.data), (20 bytes).
    Removing core_cm3.o(.emb_text), (32 bytes).
    Removing startup_stm32f10x_md.o(HEAP), (512 bytes).
    Removing cdcmple.o(.text), (40 bytes).

128 unused section(s) (total 5544 bytes) removed from the image.

==============================================================================

Image Symbol Table

    Local Symbols

    Symbol Name                              Value     Ov Type        Size  Object(Section)

    ../clib/microlib/division.c              0x00000000   Number         0  uldiv.o ABSOLUTE
    ../clib/microlib/division.c              0x00000000   Number         0  ldiv.o ABSOLUTE
    ../clib/microlib/errno.c                 0x00000000   Number         0  errno.o ABSOLUTE
    ../clib/microlib/init/entry.s            0x00000000   Number         0  entry9a.o ABSOLUTE
    ../clib/microlib/init/entry.s            0x00000000   Number         0  entry9b.o ABSOLUTE
    ../clib/microlib/init/entry.s            0x00000000   Number         0  entry7a.o ABSOLUTE
    ../clib/microlib/init/entry.s            0x00000000   Number         0  entry10a.o ABSOLUTE
    ../clib/microlib/init/entry.s            0x00000000   Number         0  entry10b.o ABSOLUTE
    ../clib/microlib/init/entry.s            0x00000000   Number         0  entry11a.o ABSOLUTE
    ../clib/microlib/init/entry.s            0x00000000   Number         0  entry11b.o ABSOLUTE
    ../clib/microlib/init/entry.s            0x00000000   Number         0  entry.o ABSOLUTE
    ../clib/microlib/init/entry.s            0x00000000   Number         0  entry8b.o ABSOLUTE
    ../clib/microlib/init/entry.s            0x00000000   Number         0  entry8a.o ABSOLUTE
    ../clib/microlib/init/entry.s            0x00000000   Number         0  entry7b.o ABSOLUTE
    ../clib/microlib/init/entry.s            0x00000000   Number         0  entry5.o ABSOLUTE
    ../clib/microlib/init/entry.s            0x00000000   Number         0  entry2.o ABSOLUTE
    ../clib/microlib/longlong.c              0x00000000   Number         0  llushr.o ABSOLUTE
    ../clib/microlib/longlong.c              0x00000000   Number         0  llsshr.o ABSOLUTE
    ../clib/microlib/longlong.c              0x00000000   Number         0  llshl.o ABSOLUTE
    ../clib/microlib/stubs.s                 0x00000000   Number         0  iusefp.o ABSOLUTE
    ../fplib/microlib/d2f.c                  0x00000000   Number         0  d2f.o ABSOLUTE
    ../fplib/microlib/f2d.c                  0x00000000   Number         0  f2d.o ABSOLUTE
    ../fplib/microlib/fpadd.c                0x00000000   Number         0  dadd.o ABSOLUTE
    ../fplib/microlib/fpadd.c                0x00000000   Number         0  fadd.o ABSOLUTE
    ../fplib/microlib/fpdiv.c                0x00000000   Number         0  ddiv.o ABSOLUTE
    ../fplib/microlib/fpdiv.c                0x00000000   Number         0  fdiv.o ABSOLUTE
    ../fplib/microlib/fpepilogue.c           0x00000000   Number         0  fepilogue.o ABSOLUTE
    ../fplib/microlib/fpepilogue.c           0x00000000   Number         0  depilogue.o ABSOLUTE
    ../fplib/microlib/fpfix.c                0x00000000   Number         0  ffixi.o ABSOLUTE
    ../fplib/microlib/fpfix.c                0x00000000   Number         0  dfixui.o ABSOLUTE
    ../fplib/microlib/fpfix.c                0x00000000   Number         0  ffixui.o ABSOLUTE
    ../fplib/microlib/fpflt.c                0x00000000   Number         0  dflti.o ABSOLUTE
    ../fplib/microlib/fpflt.c                0x00000000   Number         0  dfltui.o ABSOLUTE
    ../fplib/microlib/fpmul.c                0x00000000   Number         0  dmul.o ABSOLUTE
    ../fplib/microlib/fpmul.c                0x00000000   Number         0  fmul.o ABSOLUTE
    ../fplib/microlib/fpscalb.c              0x00000000   Number         0  dscalb.o ABSOLUTE
    ../fplib/microlib/fpsqrt.c               0x00000000   Number         0  dsqrt.o ABSOLUTE
    ../mathlib/dunder.c                      0x00000000   Number         0  dunder.o ABSOLUTE
    ../mathlib/fpclassify.c                  0x00000000   Number         0  fpclassify.o ABSOLUTE
    ../mathlib/poly.c                        0x00000000   Number         0  poly.o ABSOLUTE
    ../mathlib/pow.c                         0x00000000   Number         0  pow.o ABSOLUTE
    ../mathlib/pow.c                         0x00000000   Number         0  pow_x.o ABSOLUTE
    ../mathlib/qnan.c                        0x00000000   Number         0  qnan.o ABSOLUTE
    ../mathlib/sqrt.c                        0x00000000   Number         0  sqrt_x.o ABSOLUTE
    ../mathlib/sqrt.c                        0x00000000   Number         0  sqrt.o ABSOLUTE
    ..\..\Libraries\CMSIS\CM3\DeviceSupport\ST\STM32F10x\startup\arm\startup_stm32f10x_md.s 0x00000000   Number         0  startup_stm32f10x_md.o ABSOLUTE
    ..\..\Libraries\CMSIS\Core\CM3\core_cm3.c 0x00000000   Number         0  core_cm3.o ABSOLUTE
    ..\..\Libraries\CMSIS\Core\CM3\system_stm32f10x.c 0x00000000   Number         0  system_stm32f10x.o ABSOLUTE
    ..\..\Libraries\STM32F10x_StdPeriph_Driver\src\misc.c 0x00000000   Number         0  misc.o ABSOLUTE
    ..\..\Libraries\STM32F10x_StdPeriph_Driver\src\stm32f10x_adc.c 0x00000000   Number         0  stm32f10x_adc.o ABSOLUTE
    ..\..\Libraries\STM32F10x_StdPeriph_Driver\src\stm32f10x_gpio.c 0x00000000   Number         0  stm32f10x_gpio.o ABSOLUTE
    ..\..\Libraries\STM32F10x_StdPeriph_Driver\src\stm32f10x_rcc.c 0x00000000   Number         0  stm32f10x_rcc.o ABSOLUTE
    ..\..\Libraries\STM32F10x_StdPeriph_Driver\src\stm32f10x_usart.c 0x00000000   Number         0  stm32f10x_usart.o ABSOLUTE
    ..\\..\\Libraries\\CMSIS\\Core\\CM3\\core_cm3.c 0x00000000   Number         0  core_cm3.o ABSOLUTE
    ..\src\GPIO.C                            0x00000000   Number         0  gpio.o ABSOLUTE
    ..\src\NVIC.C                            0x00000000   Number         0  nvic.o ABSOLUTE
    ..\src\SCI.c                             0x00000000   Number         0  sci.o ABSOLUTE
    ..\src\USER_delay.c                      0x00000000   Number         0  user_delay.o ABSOLUTE
    ..\src\bmp280.c                          0x00000000   Number         0  bmp280.o ABSOLUTE
    ..\src\lcd.c                             0x00000000   Number         0  lcd.o ABSOLUTE
    ..\src\main.c                            0x00000000   Number         0  main.o ABSOLUTE
    ..\src\myiic.c                           0x00000000   Number         0  myiic.o ABSOLUTE
    ..\src\stm32f10x_it.c                    0x00000000   Number         0  stm32f10x_it.o ABSOLUTE
    cdcmple.s                                0x00000000   Number         0  cdcmple.o ABSOLUTE
    cdrcmple.s                               0x00000000   Number         0  cdrcmple.o ABSOLUTE
    cfcmple.s                                0x00000000   Number         0  cfcmple.o ABSOLUTE
    dc.s                                     0x00000000   Number         0  dc.o ABSOLUTE
    handlers.s                               0x00000000   Number         0  handlers.o ABSOLUTE
    init.s                                   0x00000000   Number         0  init.o ABSOLUTE
    RESET                                    0x08000000   Section      236  startup_stm32f10x_md.o(RESET)
    .ARM.Collect$$$$00000000                 0x080000ec   Section        0  entry.o(.ARM.Collect$$$$00000000)
    .ARM.Collect$$$$00000001                 0x080000ec   Section        4  entry2.o(.ARM.Collect$$$$00000001)
    .ARM.Collect$$$$00000004                 0x080000f0   Section        4  entry5.o(.ARM.Collect$$$$00000004)
    .ARM.Collect$$$$00000008                 0x080000f4   Section        0  entry7b.o(.ARM.Collect$$$$00000008)
    .ARM.Collect$$$$0000000A                 0x080000f4   Section        0  entry8b.o(.ARM.Collect$$$$0000000A)
    .ARM.Collect$$$$0000000B                 0x080000f4   Section        8  entry9a.o(.ARM.Collect$$$$0000000B)
    .ARM.Collect$$$$0000000D                 0x080000fc   Section        0  entry10a.o(.ARM.Collect$$$$0000000D)
    .ARM.Collect$$$$0000000F                 0x080000fc   Section        0  entry11a.o(.ARM.Collect$$$$0000000F)
    .ARM.Collect$$$$00002712                 0x080000fc   Section        4  entry2.o(.ARM.Collect$$$$00002712)
    __lit__00000000                          0x080000fc   Data           4  entry2.o(.ARM.Collect$$$$00002712)
    .text                                    0x08000100   Section       36  startup_stm32f10x_md.o(.text)
    .text                                    0x08000124   Section        0  ldiv.o(.text)
    .text                                    0x0800017e   Section        0  fadd.o(.text)
    .text                                    0x0800022e   Section        0  fmul.o(.text)
    .text                                    0x08000292   Section        0  fdiv.o(.text)
    .text                                    0x0800030e   Section        0  dadd.o(.text)
    .text                                    0x0800045c   Section        0  dmul.o(.text)
    .text                                    0x08000540   Section        0  ddiv.o(.text)
    .text                                    0x0800061e   Section        0  dflti.o(.text)
    .text                                    0x08000640   Section        0  dfltui.o(.text)
    .text                                    0x0800065a   Section        0  ffixi.o(.text)
    .text                                    0x0800068c   Section        0  ffixui.o(.text)
    .text                                    0x080006b4   Section        0  dfixui.o(.text)
    .text                                    0x080006e6   Section        0  f2d.o(.text)
    .text                                    0x0800070c   Section        0  d2f.o(.text)
    .text                                    0x08000744   Section       20  cfcmple.o(.text)
    .text                                    0x08000758   Section        0  uldiv.o(.text)
    .text                                    0x080007ba   Section        0  llshl.o(.text)
    .text                                    0x080007d8   Section        0  llushr.o(.text)
    .text                                    0x080007f8   Section        0  llsshr.o(.text)
    .text                                    0x0800081c   Section        0  fepilogue.o(.text)
    .text                                    0x0800081c   Section        0  iusefp.o(.text)
    .text                                    0x0800088a   Section        0  depilogue.o(.text)
    .text                                    0x08000940   Section        0  dscalb.o(.text)
    .text                                    0x08000970   Section       40  cdrcmple.o(.text)
    .text                                    0x08000998   Section       36  init.o(.text)
    .text                                    0x080009bc   Section        0  dsqrt.o(.text)
    i.BusFault_Handler                       0x08000a5e   Section        0  stm32f10x_it.o(i.BusFault_Handler)
    i.DebugMon_Handler                       0x08000a60   Section        0  stm32f10x_it.o(i.DebugMon_Handler)
    i.EXTI15_10_IRQHandler                   0x08000a62   Section        0  stm32f10x_it.o(i.EXTI15_10_IRQHandler)
    i.GPIO_Configuration                     0x08000a64   Section        0  gpio.o(i.GPIO_Configuration)
    i.GPIO_Init                              0x08000b54   Section        0  stm32f10x_gpio.o(i.GPIO_Init)
    i.GPIO_PinRemapConfig                    0x08000bf0   Section        0  stm32f10x_gpio.o(i.GPIO_PinRemapConfig)
    i.GPIO_SetBits                           0x08000c48   Section        0  stm32f10x_gpio.o(i.GPIO_SetBits)
    i.HardFault_Handler                      0x08000c4c   Section        0  stm32f10x_it.o(i.HardFault_Handler)
    i.IIC_Ack                                0x08000c50   Section        0  myiic.o(i.IIC_Ack)
    i.IIC_Init                               0x08000c90   Section        0  myiic.o(i.IIC_Init)
    i.IIC_NAck                               0x08000ccc   Section        0  myiic.o(i.IIC_NAck)
    i.IIC_Read_Byte                          0x08000d0c   Section        0  myiic.o(i.IIC_Read_Byte)
    i.IIC_Send_Byte                          0x08000d78   Section        0  myiic.o(i.IIC_Send_Byte)
    i.IIC_Start                              0x08000ddc   Section        0  myiic.o(i.IIC_Start)
    i.IIC_Stop                               0x08000e1c   Section        0  myiic.o(i.IIC_Stop)
    i.IIC_Wait_Ack                           0x08000e60   Section        0  myiic.o(i.IIC_Wait_Ack)
    i.LCD_Clear                              0x08000eb4   Section        0  lcd.o(i.LCD_Clear)
    i.LCD_Display_Dir                        0x08000f38   Section        0  lcd.o(i.LCD_Display_Dir)
    i.LCD_Fast_DrawPoint                     0x0800106c   Section        0  lcd.o(i.LCD_Fast_DrawPoint)
    i.LCD_Init                               0x080012bc   Section        0  lcd.o(i.LCD_Init)
    i.LCD_Pow                                0x08004a54   Section        0  lcd.o(i.LCD_Pow)
    i.LCD_RD_DATA                            0x08004a64   Section        0  lcd.o(i.LCD_RD_DATA)
    i.LCD_ReadReg                            0x08004ad4   Section        0  lcd.o(i.LCD_ReadReg)
    i.LCD_SSD_BackLightSet                   0x08004ae4   Section        0  lcd.o(i.LCD_SSD_BackLightSet)
    i.LCD_Scan_Dir                           0x08004b80   Section        0  lcd.o(i.LCD_Scan_Dir)
    i.LCD_SetCursor                          0x08004e74   Section        0  lcd.o(i.LCD_SetCursor)
    i.LCD_ShowChar                           0x080051c8   Section        0  lcd.o(i.LCD_ShowChar)
    i.LCD_ShowString                         0x08005294   Section        0  lcd.o(i.LCD_ShowString)
    i.LCD_ShowxNum                           0x080052e8   Section        0  lcd.o(i.LCD_ShowxNum)
    i.LCD_WR_DATAX                           0x08005370   Section        0  lcd.o(i.LCD_WR_DATAX)
    i.LCD_WR_REG                             0x08005394   Section        0  lcd.o(i.LCD_WR_REG)
    i.LCD_WriteRAM_Prepare                   0x080053b8   Section        0  lcd.o(i.LCD_WriteRAM_Prepare)
    i.LCD_WriteReg                           0x080053c4   Section        0  lcd.o(i.LCD_WriteReg)
    i.MemManage_Handler                      0x080053f0   Section        0  stm32f10x_it.o(i.MemManage_Handler)
    i.NMI_Handler                            0x080053f2   Section        0  stm32f10x_it.o(i.NMI_Handler)
    i.NVIC_Configuration                     0x080053f4   Section        0  nvic.o(i.NVIC_Configuration)
    i.NVIC_Init                              0x08005458   Section        0  misc.o(i.NVIC_Init)
    i.NVIC_PriorityGroupConfig               0x080054bc   Section        0  misc.o(i.NVIC_PriorityGroupConfig)
    i.NVIC_SetVectorTable                    0x080054d0   Section        0  misc.o(i.NVIC_SetVectorTable)
    i.PendSV_Handler                         0x080054e4   Section        0  stm32f10x_it.o(i.PendSV_Handler)
    i.RCC_APB1PeriphClockCmd                 0x080054e8   Section        0  stm32f10x_rcc.o(i.RCC_APB1PeriphClockCmd)
    i.RCC_APB2PeriphClockCmd                 0x08005500   Section        0  stm32f10x_rcc.o(i.RCC_APB2PeriphClockCmd)
    i.RCC_GetClocksFreq                      0x08005518   Section        0  stm32f10x_rcc.o(i.RCC_GetClocksFreq)
    i.SVC_Handler                            0x080055ac   Section        0  stm32f10x_it.o(i.SVC_Handler)
    i.SetSysClockTo72                        0x080055b0   Section        0  system_stm32f10x.o(i.SetSysClockTo72)
    SetSysClockTo72                          0x080055b1   Thumb Code   160  system_stm32f10x.o(i.SetSysClockTo72)
    i.SysTick_Handler                        0x08005658   Section        0  stm32f10x_it.o(i.SysTick_Handler)
    i.SystemInit                             0x0800565c   Section        0  system_stm32f10x.o(i.SystemInit)
    i.USART1_Configuration                   0x080056ac   Section        0  sci.o(i.USART1_Configuration)
    i.USART1_IRQHandler                      0x080056f0   Section        0  sci.o(i.USART1_IRQHandler)
    i.USART2_Configuration                   0x08005728   Section        0  sci.o(i.USART2_Configuration)
    i.USART2_IRQHandler                      0x0800576c   Section        0  sci.o(i.USART2_IRQHandler)
    i.USART3_Configuration                   0x080057a4   Section        0  sci.o(i.USART3_Configuration)
    i.USART3_IRQHandler                      0x080057e8   Section        0  sci.o(i.USART3_IRQHandler)
    i.USART_ClearFlag                        0x08005820   Section        0  stm32f10x_usart.o(i.USART_ClearFlag)
    i.USART_Cmd                              0x08005826   Section        0  stm32f10x_usart.o(i.USART_Cmd)
    i.USART_GetFlagStatus                    0x0800583a   Section        0  stm32f10x_usart.o(i.USART_GetFlagStatus)
    i.USART_GetITStatus                      0x08005848   Section        0  stm32f10x_usart.o(i.USART_GetITStatus)
    i.USART_ITConfig                         0x08005886   Section        0  stm32f10x_usart.o(i.USART_ITConfig)
    i.USART_Init                             0x080058b8   Section        0  stm32f10x_usart.o(i.USART_Init)
    i.USART_ReceiveData                      0x08005964   Section        0  stm32f10x_usart.o(i.USART_ReceiveData)
    i.USART_SendData                         0x0800596c   Section        0  stm32f10x_usart.o(i.USART_SendData)
    i.USART_printf                           0x08005974   Section        0  sci.o(i.USART_printf)
    i.UsageFault_Handler                     0x08005a22   Section        0  stm32f10x_it.o(i.UsageFault_Handler)
    i.__ARM_fpclassify                       0x08005a24   Section        0  fpclassify.o(i.__ARM_fpclassify)
    i.__kernel_poly                          0x08005a4c   Section        0  poly.o(i.__kernel_poly)
    i.__mathlib_dbl_underflow                0x08005af8   Section        0  dunder.o(i.__mathlib_dbl_underflow)
    i.__scatterload_copy                     0x08005b08   Section       14  handlers.o(i.__scatterload_copy)
    i.__scatterload_null                     0x08005b16   Section        2  handlers.o(i.__scatterload_null)
    i.__scatterload_zeroinit                 0x08005b18   Section       14  handlers.o(i.__scatterload_zeroinit)
    i.__set_errno                            0x08005b28   Section        0  errno.o(i.__set_errno)
    i.bmp280CompensateP                      0x08005b34   Section        0  bmp280.o(i.bmp280CompensateP)
    bmp280CompensateP                        0x08005b35   Thumb Code   346  bmp280.o(i.bmp280CompensateP)
    i.bmp280GetData                          0x08005c98   Section        0  bmp280.o(i.bmp280GetData)
    i.bmp280Init                             0x08005d68   Section        0  bmp280.o(i.bmp280Init)
    i.bmp280PressureToAltitude               0x08005ddc   Section        0  bmp280.o(i.bmp280PressureToAltitude)
    bmp280PressureToAltitude                 0x08005ddd   Thumb Code    68  bmp280.o(i.bmp280PressureToAltitude)
    i.chage_char                             0x08005e38   Section        0  main.o(i.chage_char)
    i.delay_init                             0x08005ea4   Section        0  user_delay.o(i.delay_init)
    i.delay_ms                               0x08005ed0   Section        0  user_delay.o(i.delay_ms)
    i.delay_us                               0x08005ef8   Section        0  user_delay.o(i.delay_us)
    i.iicDevRead                             0x08005f20   Section        0  myiic.o(i.iicDevRead)
    i.iicDevReadByte                         0x08005f6c   Section        0  myiic.o(i.iicDevReadByte)
    i.iicDevWriteByte                        0x08005f9e   Section        0  myiic.o(i.iicDevWriteByte)
    i.init                                   0x08005fc4   Section        0  main.o(i.init)
    i.itoa                                   0x0800600c   Section        0  sci.o(i.itoa)
    i.main                                   0x0800606c   Section        0  main.o(i.main)
    i.pow                                    0x080061b0   Section        0  pow.o(i.pow)
    i.presssureFilter                        0x08006b90   Section        0  bmp280.o(i.presssureFilter)
    presssureFilter                          0x08006b91   Thumb Code   174  bmp280.o(i.presssureFilter)
    i.sqrt                                   0x08006c50   Section        0  sqrt.o(i.sqrt)
    .constdata                               0x08006c9c   Section     6080  lcd.o(.constdata)
    .constdata                               0x08008460   Section      136  pow.o(.constdata)
    bp                                       0x08008460   Data          16  pow.o(.constdata)
    dp_h                                     0x08008470   Data          16  pow.o(.constdata)
    dp_l                                     0x08008480   Data          16  pow.o(.constdata)
    L                                        0x08008490   Data          48  pow.o(.constdata)
    P                                        0x080084c0   Data          40  pow.o(.constdata)
    .constdata                               0x080084e8   Section        8  qnan.o(.constdata)
    .data                                    0x20000000   Section        6  sci.o(.data)
    .data                                    0x20000006   Section        4  user_delay.o(.data)
    fac_us                                   0x20000006   Data           1  user_delay.o(.data)
    fac_ms                                   0x20000008   Data           2  user_delay.o(.data)
    .data                                    0x2000000a   Section        4  lcd.o(.data)
    .data                                    0x20000010   Section       20  bmp280.o(.data)
    bmp280ID                                 0x20000010   Data           1  bmp280.o(.data)
    isInit                                   0x20000011   Data           1  bmp280.o(.data)
    i                                        0x20000012   Data           1  bmp280.o(.data)
    bmp280RawPressure                        0x20000014   Data           4  bmp280.o(.data)
    bmp280RawTemperature                     0x20000018   Data           4  bmp280.o(.data)
    t                                        0x2000001c   Data           4  bmp280.o(.data)
    p                                        0x20000020   Data           4  bmp280.o(.data)
    .data                                    0x20000024   Section       20  stm32f10x_rcc.o(.data)
    ADCPrescTable                            0x20000024   Data           4  stm32f10x_rcc.o(.data)
    APBAHBPrescTable                         0x20000028   Data          16  stm32f10x_rcc.o(.data)
    .data                                    0x20000038   Section        4  errno.o(.data)
    _errno                                   0x20000038   Data           4  errno.o(.data)
    .bss                                     0x2000003c   Section      300  sci.o(.bss)
    .bss                                     0x20000168   Section       14  lcd.o(.bss)
    .bss                                     0x20000178   Section       48  bmp280.o(.bss)
    filter_buf                               0x20000178   Data          20  bmp280.o(.bss)
    STACK                                    0x200001a8   Section     1024  startup_stm32f10x_md.o(STACK)

    Global Symbols

    Symbol Name                              Value     Ov Type        Size  Object(Section)

    BuildAttributes$$THM_ISAv4$P$D$K$B$S$PE$A:L22UL41UL21$X:L11$S22US41US21$IEEE1$IW$USESV6$~STKCKD$USESV7$~SHL$OTIME$ROPI$IEEEX$EBA8$MICROLIB$REQ8$PRES8$EABIv2 0x00000000   Number         0  anon$$obj.o ABSOLUTE
    __ARM_use_no_argv                        0x00000000   Number         0  main.o ABSOLUTE
    __cpp_initialize__aeabi_                  - Undefined Weak Reference
    __cxa_finalize                            - Undefined Weak Reference
    __decompress                              - Undefined Weak Reference
    _clock_init                               - Undefined Weak Reference
    _microlib_exit                            - Undefined Weak Reference
    __Vectors_Size                           0x000000ec   Number         0  startup_stm32f10x_md.o ABSOLUTE
    __Vectors                                0x08000000   Data           4  startup_stm32f10x_md.o(RESET)
    __Vectors_End                            0x080000ec   Data           0  startup_stm32f10x_md.o(RESET)
    __main                                   0x080000ed   Thumb Code     0  entry.o(.ARM.Collect$$$$00000000)
    _main_stk                                0x080000ed   Thumb Code     0  entry2.o(.ARM.Collect$$$$00000001)
    _main_scatterload                        0x080000f1   Thumb Code     0  entry5.o(.ARM.Collect$$$$00000004)
    __main_after_scatterload                 0x080000f5   Thumb Code     0  entry5.o(.ARM.Collect$$$$00000004)
    _main_clock                              0x080000f5   Thumb Code     0  entry7b.o(.ARM.Collect$$$$00000008)
    _main_cpp_init                           0x080000f5   Thumb Code     0  entry8b.o(.ARM.Collect$$$$0000000A)
    _main_init                               0x080000f5   Thumb Code     0  entry9a.o(.ARM.Collect$$$$0000000B)
    __rt_final_cpp                           0x080000fd   Thumb Code     0  entry10a.o(.ARM.Collect$$$$0000000D)
    __rt_final_exit                          0x080000fd   Thumb Code     0  entry11a.o(.ARM.Collect$$$$0000000F)
    Reset_Handler                            0x08000101   Thumb Code     8  startup_stm32f10x_md.o(.text)
    ADC1_2_IRQHandler                        0x0800011b   Thumb Code     0  startup_stm32f10x_md.o(.text)
    CAN1_RX1_IRQHandler                      0x0800011b   Thumb Code     0  startup_stm32f10x_md.o(.text)
    CAN1_SCE_IRQHandler                      0x0800011b   Thumb Code     0  startup_stm32f10x_md.o(.text)
    DMA1_Channel1_IRQHandler                 0x0800011b   Thumb Code     0  startup_stm32f10x_md.o(.text)
    DMA1_Channel2_IRQHandler                 0x0800011b   Thumb Code     0  startup_stm32f10x_md.o(.text)
    DMA1_Channel3_IRQHandler                 0x0800011b   Thumb Code     0  startup_stm32f10x_md.o(.text)
    DMA1_Channel4_IRQHandler                 0x0800011b   Thumb Code     0  startup_stm32f10x_md.o(.text)
    DMA1_Channel5_IRQHandler                 0x0800011b   Thumb Code     0  startup_stm32f10x_md.o(.text)
    DMA1_Channel6_IRQHandler                 0x0800011b   Thumb Code     0  startup_stm32f10x_md.o(.text)
    DMA1_Channel7_IRQHandler                 0x0800011b   Thumb Code     0  startup_stm32f10x_md.o(.text)
    EXTI0_IRQHandler                         0x0800011b   Thumb Code     0  startup_stm32f10x_md.o(.text)
    EXTI1_IRQHandler                         0x0800011b   Thumb Code     0  startup_stm32f10x_md.o(.text)
    EXTI2_IRQHandler                         0x0800011b   Thumb Code     0  startup_stm32f10x_md.o(.text)
    EXTI3_IRQHandler                         0x0800011b   Thumb Code     0  startup_stm32f10x_md.o(.text)
    EXTI4_IRQHandler                         0x0800011b   Thumb Code     0  startup_stm32f10x_md.o(.text)
    EXTI9_5_IRQHandler                       0x0800011b   Thumb Code     0  startup_stm32f10x_md.o(.text)
    FLASH_IRQHandler                         0x0800011b   Thumb Code     0  startup_stm32f10x_md.o(.text)
    I2C1_ER_IRQHandler                       0x0800011b   Thumb Code     0  startup_stm32f10x_md.o(.text)
    I2C1_EV_IRQHandler                       0x0800011b   Thumb Code     0  startup_stm32f10x_md.o(.text)
    I2C2_ER_IRQHandler                       0x0800011b   Thumb Code     0  startup_stm32f10x_md.o(.text)
    I2C2_EV_IRQHandler                       0x0800011b   Thumb Code     0  startup_stm32f10x_md.o(.text)
    PVD_IRQHandler                           0x0800011b   Thumb Code     0  startup_stm32f10x_md.o(.text)
    RCC_IRQHandler                           0x0800011b   Thumb Code     0  startup_stm32f10x_md.o(.text)
    RTCAlarm_IRQHandler                      0x0800011b   Thumb Code     0  startup_stm32f10x_md.o(.text)
    RTC_IRQHandler                           0x0800011b   Thumb Code     0  startup_stm32f10x_md.o(.text)
    SPI1_IRQHandler                          0x0800011b   Thumb Code     0  startup_stm32f10x_md.o(.text)
    SPI2_IRQHandler                          0x0800011b   Thumb Code     0  startup_stm32f10x_md.o(.text)
    TAMPER_IRQHandler                        0x0800011b   Thumb Code     0  startup_stm32f10x_md.o(.text)
    TIM1_BRK_IRQHandler                      0x0800011b   Thumb Code     0  startup_stm32f10x_md.o(.text)
    TIM1_CC_IRQHandler                       0x0800011b   Thumb Code     0  startup_stm32f10x_md.o(.text)
    TIM1_TRG_COM_IRQHandler                  0x0800011b   Thumb Code     0  startup_stm32f10x_md.o(.text)
    TIM1_UP_IRQHandler                       0x0800011b   Thumb Code     0  startup_stm32f10x_md.o(.text)
    TIM2_IRQHandler                          0x0800011b   Thumb Code     0  startup_stm32f10x_md.o(.text)
    TIM3_IRQHandler                          0x0800011b   Thumb Code     0  startup_stm32f10x_md.o(.text)
    TIM4_IRQHandler                          0x0800011b   Thumb Code     0  startup_stm32f10x_md.o(.text)
    USBWakeUp_IRQHandler                     0x0800011b   Thumb Code     0  startup_stm32f10x_md.o(.text)
    USB_HP_CAN1_TX_IRQHandler                0x0800011b   Thumb Code     0  startup_stm32f10x_md.o(.text)
    USB_LP_CAN1_RX0_IRQHandler               0x0800011b   Thumb Code     0  startup_stm32f10x_md.o(.text)
    WWDG_IRQHandler                          0x0800011b   Thumb Code     0  startup_stm32f10x_md.o(.text)
    __aeabi_ldivmod                          0x08000125   Thumb Code    90  ldiv.o(.text)
    __aeabi_fadd                             0x0800017f   Thumb Code   164  fadd.o(.text)
    __aeabi_fsub                             0x08000223   Thumb Code     6  fadd.o(.text)
    __aeabi_frsub                            0x08000229   Thumb Code     6  fadd.o(.text)
    __aeabi_fmul                             0x0800022f   Thumb Code   100  fmul.o(.text)
    __aeabi_fdiv                             0x08000293   Thumb Code   124  fdiv.o(.text)
    __aeabi_dadd                             0x0800030f   Thumb Code   322  dadd.o(.text)
    __aeabi_dsub                             0x08000451   Thumb Code     6  dadd.o(.text)
    __aeabi_drsub                            0x08000457   Thumb Code     6  dadd.o(.text)
    __aeabi_dmul                             0x0800045d   Thumb Code   228  dmul.o(.text)
    __aeabi_ddiv                             0x08000541   Thumb Code   222  ddiv.o(.text)
    __aeabi_i2d                              0x0800061f   Thumb Code    34  dflti.o(.text)
    __aeabi_ui2d                             0x08000641   Thumb Code    26  dfltui.o(.text)
    __aeabi_f2iz                             0x0800065b   Thumb Code    50  ffixi.o(.text)
    __aeabi_f2uiz                            0x0800068d   Thumb Code    40  ffixui.o(.text)
    __aeabi_d2uiz                            0x080006b5   Thumb Code    50  dfixui.o(.text)
    __aeabi_f2d                              0x080006e7   Thumb Code    38  f2d.o(.text)
    __aeabi_d2f                              0x0800070d   Thumb Code    56  d2f.o(.text)
    __aeabi_cfcmpeq                          0x08000745   Thumb Code     0  cfcmple.o(.text)
    __aeabi_cfcmple                          0x08000745   Thumb Code    20  cfcmple.o(.text)
    __aeabi_uldivmod                         0x08000759   Thumb Code    98  uldiv.o(.text)
    __aeabi_llsl                             0x080007bb   Thumb Code    30  llshl.o(.text)
    _ll_shift_l                              0x080007bb   Thumb Code     0  llshl.o(.text)
    __aeabi_llsr                             0x080007d9   Thumb Code    32  llushr.o(.text)
    _ll_ushift_r                             0x080007d9   Thumb Code     0  llushr.o(.text)
    __aeabi_lasr                             0x080007f9   Thumb Code    36  llsshr.o(.text)
    _ll_sshift_r                             0x080007f9   Thumb Code     0  llsshr.o(.text)
    __I$use$fp                               0x0800081d   Thumb Code     0  iusefp.o(.text)
    _float_round                             0x0800081d   Thumb Code    18  fepilogue.o(.text)
    _float_epilogue                          0x0800082f   Thumb Code    92  fepilogue.o(.text)
    _double_round                            0x0800088b   Thumb Code    26  depilogue.o(.text)
    _double_epilogue                         0x080008a5   Thumb Code   156  depilogue.o(.text)
    __ARM_scalbn                             0x08000941   Thumb Code    46  dscalb.o(.text)
    scalbn                                   0x08000941   Thumb Code     0  dscalb.o(.text)
    __aeabi_cdrcmple                         0x08000971   Thumb Code    38  cdrcmple.o(.text)
    __scatterload                            0x08000999   Thumb Code    28  init.o(.text)
    __scatterload_rt2                        0x08000999   Thumb Code     0  init.o(.text)
    _dsqrt                                   0x080009bd   Thumb Code   162  dsqrt.o(.text)
    BusFault_Handler                         0x08000a5f   Thumb Code     2  stm32f10x_it.o(i.BusFault_Handler)
    DebugMon_Handler                         0x08000a61   Thumb Code     2  stm32f10x_it.o(i.DebugMon_Handler)
    EXTI15_10_IRQHandler                     0x08000a63   Thumb Code     2  stm32f10x_it.o(i.EXTI15_10_IRQHandler)
    GPIO_Configuration                       0x08000a65   Thumb Code   230  gpio.o(i.GPIO_Configuration)
    GPIO_Init                                0x08000b55   Thumb Code   156  stm32f10x_gpio.o(i.GPIO_Init)
    GPIO_PinRemapConfig                      0x08000bf1   Thumb Code    82  stm32f10x_gpio.o(i.GPIO_PinRemapConfig)
    GPIO_SetBits                             0x08000c49   Thumb Code     4  stm32f10x_gpio.o(i.GPIO_SetBits)
    HardFault_Handler                        0x08000c4d   Thumb Code     2  stm32f10x_it.o(i.HardFault_Handler)
    IIC_Ack                                  0x08000c51   Thumb Code    56  myiic.o(i.IIC_Ack)
    IIC_Init                                 0x08000c91   Thumb Code    52  myiic.o(i.IIC_Init)
    IIC_NAck                                 0x08000ccd   Thumb Code    56  myiic.o(i.IIC_NAck)
    IIC_Read_Byte                            0x08000d0d   Thumb Code   100  myiic.o(i.IIC_Read_Byte)
    IIC_Send_Byte                            0x08000d79   Thumb Code    90  myiic.o(i.IIC_Send_Byte)
    IIC_Start                                0x08000ddd   Thumb Code    56  myiic.o(i.IIC_Start)
    IIC_Stop                                 0x08000e1d   Thumb Code    58  myiic.o(i.IIC_Stop)
    IIC_Wait_Ack                             0x08000e61   Thumb Code    76  myiic.o(i.IIC_Wait_Ack)
    LCD_Clear                                0x08000eb5   Thumb Code   120  lcd.o(i.LCD_Clear)
    LCD_Display_Dir                          0x08000f39   Thumb Code   304  lcd.o(i.LCD_Display_Dir)
    LCD_Fast_DrawPoint                       0x0800106d   Thumb Code   580  lcd.o(i.LCD_Fast_DrawPoint)
    LCD_Init                                 0x080012bd   Thumb Code 14220  lcd.o(i.LCD_Init)
    LCD_Pow                                  0x08004a55   Thumb Code    16  lcd.o(i.LCD_Pow)
    LCD_RD_DATA                              0x08004a65   Thumb Code   100  lcd.o(i.LCD_RD_DATA)
    LCD_ReadReg                              0x08004ad5   Thumb Code    14  lcd.o(i.LCD_ReadReg)
    LCD_SSD_BackLightSet                     0x08004ae5   Thumb Code   142  lcd.o(i.LCD_SSD_BackLightSet)
    LCD_Scan_Dir                             0x08004b81   Thumb Code   742  lcd.o(i.LCD_Scan_Dir)
    LCD_SetCursor                            0x08004e75   Thumb Code   838  lcd.o(i.LCD_SetCursor)
    LCD_ShowChar                             0x080051c9   Thumb Code   182  lcd.o(i.LCD_ShowChar)
    LCD_ShowString                           0x08005295   Thumb Code    84  lcd.o(i.LCD_ShowString)
    LCD_ShowxNum                             0x080052e9   Thumb Code   134  lcd.o(i.LCD_ShowxNum)
    LCD_WR_DATAX                             0x08005371   Thumb Code    26  lcd.o(i.LCD_WR_DATAX)
    LCD_WR_REG                               0x08005395   Thumb Code    26  lcd.o(i.LCD_WR_REG)
    LCD_WriteRAM_Prepare                     0x080053b9   Thumb Code     8  lcd.o(i.LCD_WriteRAM_Prepare)
    LCD_WriteReg                             0x080053c5   Thumb Code    34  lcd.o(i.LCD_WriteReg)
    MemManage_Handler                        0x080053f1   Thumb Code     2  stm32f10x_it.o(i.MemManage_Handler)
    NMI_Handler                              0x080053f3   Thumb Code     2  stm32f10x_it.o(i.NMI_Handler)
    NVIC_Configuration                       0x080053f5   Thumb Code    98  nvic.o(i.NVIC_Configuration)
    NVIC_Init                                0x08005459   Thumb Code    94  misc.o(i.NVIC_Init)
    NVIC_PriorityGroupConfig                 0x080054bd   Thumb Code    10  misc.o(i.NVIC_PriorityGroupConfig)
    NVIC_SetVectorTable                      0x080054d1   Thumb Code    12  misc.o(i.NVIC_SetVectorTable)
    PendSV_Handler                           0x080054e5   Thumb Code     2  stm32f10x_it.o(i.PendSV_Handler)
    RCC_APB1PeriphClockCmd                   0x080054e9   Thumb Code    18  stm32f10x_rcc.o(i.RCC_APB1PeriphClockCmd)
    RCC_APB2PeriphClockCmd                   0x08005501   Thumb Code    18  stm32f10x_rcc.o(i.RCC_APB2PeriphClockCmd)
    RCC_GetClocksFreq                        0x08005519   Thumb Code   132  stm32f10x_rcc.o(i.RCC_GetClocksFreq)
    SVC_Handler                              0x080055ad   Thumb Code     2  stm32f10x_it.o(i.SVC_Handler)
    SysTick_Handler                          0x08005659   Thumb Code     2  stm32f10x_it.o(i.SysTick_Handler)
    SystemInit                               0x0800565d   Thumb Code    64  system_stm32f10x.o(i.SystemInit)
    USART1_Configuration                     0x080056ad   Thumb Code    64  sci.o(i.USART1_Configuration)
    USART1_IRQHandler                        0x080056f1   Thumb Code    42  sci.o(i.USART1_IRQHandler)
    USART2_Configuration                     0x08005729   Thumb Code    64  sci.o(i.USART2_Configuration)
    USART2_IRQHandler                        0x0800576d   Thumb Code    42  sci.o(i.USART2_IRQHandler)
    USART3_Configuration                     0x080057a5   Thumb Code    64  sci.o(i.USART3_Configuration)
    USART3_IRQHandler                        0x080057e9   Thumb Code    42  sci.o(i.USART3_IRQHandler)
    USART_ClearFlag                          0x08005821   Thumb Code     6  stm32f10x_usart.o(i.USART_ClearFlag)
    USART_Cmd                                0x08005827   Thumb Code    20  stm32f10x_usart.o(i.USART_Cmd)
    USART_GetFlagStatus                      0x0800583b   Thumb Code    14  stm32f10x_usart.o(i.USART_GetFlagStatus)
    USART_GetITStatus                        0x08005849   Thumb Code    62  stm32f10x_usart.o(i.USART_GetITStatus)
    USART_ITConfig                           0x08005887   Thumb Code    48  stm32f10x_usart.o(i.USART_ITConfig)
    USART_Init                               0x080058b9   Thumb Code   166  stm32f10x_usart.o(i.USART_Init)
    USART_ReceiveData                        0x08005965   Thumb Code     8  stm32f10x_usart.o(i.USART_ReceiveData)
    USART_SendData                           0x0800596d   Thumb Code     8  stm32f10x_usart.o(i.USART_SendData)
    USART_printf                             0x08005975   Thumb Code   174  sci.o(i.USART_printf)
    UsageFault_Handler                       0x08005a23   Thumb Code     2  stm32f10x_it.o(i.UsageFault_Handler)
    __ARM_fpclassify                         0x08005a25   Thumb Code    40  fpclassify.o(i.__ARM_fpclassify)
    __kernel_poly                            0x08005a4d   Thumb Code   170  poly.o(i.__kernel_poly)
    __mathlib_dbl_underflow                  0x08005af9   Thumb Code    10  dunder.o(i.__mathlib_dbl_underflow)
    __scatterload_copy                       0x08005b09   Thumb Code    14  handlers.o(i.__scatterload_copy)
    __scatterload_null                       0x08005b17   Thumb Code     2  handlers.o(i.__scatterload_null)
    __scatterload_zeroinit                   0x08005b19   Thumb Code    14  handlers.o(i.__scatterload_zeroinit)
    __set_errno                              0x08005b29   Thumb Code     6  errno.o(i.__set_errno)
    bmp280GetData                            0x08005c99   Thumb Code   190  bmp280.o(i.bmp280GetData)
    bmp280Init                               0x08005d69   Thumb Code    98  bmp280.o(i.bmp280Init)
    chage_char                               0x08005e39   Thumb Code    94  main.o(i.chage_char)
    delay_init                               0x08005ea5   Thumb Code    38  user_delay.o(i.delay_init)
    delay_ms                                 0x08005ed1   Thumb Code    36  user_delay.o(i.delay_ms)
    delay_us                                 0x08005ef9   Thumb Code    36  user_delay.o(i.delay_us)
    iicDevRead                               0x08005f21   Thumb Code    76  myiic.o(i.iicDevRead)
    iicDevReadByte                           0x08005f6d   Thumb Code    50  myiic.o(i.iicDevReadByte)
    iicDevWriteByte                          0x08005f9f   Thumb Code    38  myiic.o(i.iicDevWriteByte)
    init                                     0x08005fc5   Thumb Code    60  main.o(i.init)
    itoa                                     0x0800600d   Thumb Code    94  sci.o(i.itoa)
    main                                     0x0800606d   Thumb Code   272  main.o(i.main)
    pow                                      0x080061b1   Thumb Code  2510  pow.o(i.pow)
    sqrt                                     0x08006c51   Thumb Code    76  sqrt.o(i.sqrt)
    asc2_1206                                0x08006c9c   Data        1140  lcd.o(.constdata)
    asc2_1608                                0x08007110   Data        1520  lcd.o(.constdata)
    asc2_2412                                0x08007700   Data        3420  lcd.o(.constdata)
    __mathlib_zero                           0x080084e8   Data           8  qnan.o(.constdata)
    Region$$Table$$Base                      0x080084f0   Number         0  anon$$obj.o(Region$$Table)
    Region$$Table$$Limit                     0x08008510   Number         0  anon$$obj.o(Region$$Table)
    RS232_REC_Flag1                          0x20000000   Data           1  sci.o(.data)
    RS232_REC_Count1                         0x20000001   Data           1  sci.o(.data)
    RS232_REC_Flag2                          0x20000002   Data           1  sci.o(.data)
    RS232_REC_Count2                         0x20000003   Data           1  sci.o(.data)
    RS232_REC_Flag3                          0x20000004   Data           1  sci.o(.data)
    RS232_REC_Count3                         0x20000005   Data           1  sci.o(.data)
    POINT_COLOR                              0x2000000a   Data           2  lcd.o(.data)
    BACK_COLOR                               0x2000000c   Data           2  lcd.o(.data)
    RS232_buff1                              0x2000003c   Data         100  sci.o(.bss)
    RS232_buff2                              0x200000a0   Data         100  sci.o(.bss)
    RS232_buff3                              0x20000104   Data         100  sci.o(.bss)
    lcddev                                   0x20000168   Data          14  lcd.o(.bss)
    bmp280Cal                                0x2000018c   Data          28  bmp280.o(.bss)
    __initial_sp                             0x200005a8   Data           0  startup_stm32f10x_md.o(STACK)



==============================================================================

Memory Map of the image

  Image Entry point : 0x080000ed

  Load Region LR_IROM1 (Base: 0x08000000, Size: 0x0000854c, Max: 0x00010000, ABSOLUTE)

    Execution Region ER_IROM1 (Base: 0x08000000, Size: 0x00008510, Max: 0x00010000, ABSOLUTE)

    Base Addr    Size         Type   Attr      Idx    E Section Name        Object

    0x08000000   0x000000ec   Data   RO         1432    RESET               startup_stm32f10x_md.o
    0x080000ec   0x00000000   Code   RO         1447  * .ARM.Collect$$$$00000000  mc_w.l(entry.o)
    0x080000ec   0x00000004   Code   RO         1495    .ARM.Collect$$$$00000001  mc_w.l(entry2.o)
    0x080000f0   0x00000004   Code   RO         1498    .ARM.Collect$$$$00000004  mc_w.l(entry5.o)
    0x080000f4   0x00000000   Code   RO         1500    .ARM.Collect$$$$00000008  mc_w.l(entry7b.o)
    0x080000f4   0x00000000   Code   RO         1502    .ARM.Collect$$$$0000000A  mc_w.l(entry8b.o)
    0x080000f4   0x00000008   Code   RO         1503    .ARM.Collect$$$$0000000B  mc_w.l(entry9a.o)
    0x080000fc   0x00000000   Code   RO         1505    .ARM.Collect$$$$0000000D  mc_w.l(entry10a.o)
    0x080000fc   0x00000000   Code   RO         1507    .ARM.Collect$$$$0000000F  mc_w.l(entry11a.o)
    0x080000fc   0x00000004   Code   RO         1496    .ARM.Collect$$$$00002712  mc_w.l(entry2.o)
    0x08000100   0x00000024   Code   RO         1433    .text               startup_stm32f10x_md.o
    0x08000124   0x0000005a   Code   RO         1450    .text               mc_w.l(ldiv.o)
    0x0800017e   0x000000b0   Code   RO         1452    .text               mf_w.l(fadd.o)
    0x0800022e   0x00000064   Code   RO         1454    .text               mf_w.l(fmul.o)
    0x08000292   0x0000007c   Code   RO         1456    .text               mf_w.l(fdiv.o)
    0x0800030e   0x0000014e   Code   RO         1458    .text               mf_w.l(dadd.o)
    0x0800045c   0x000000e4   Code   RO         1460    .text               mf_w.l(dmul.o)
    0x08000540   0x000000de   Code   RO         1462    .text               mf_w.l(ddiv.o)
    0x0800061e   0x00000022   Code   RO         1464    .text               mf_w.l(dflti.o)
    0x08000640   0x0000001a   Code   RO         1466    .text               mf_w.l(dfltui.o)
    0x0800065a   0x00000032   Code   RO         1468    .text               mf_w.l(ffixi.o)
    0x0800068c   0x00000028   Code   RO         1470    .text               mf_w.l(ffixui.o)
    0x080006b4   0x00000032   Code   RO         1472    .text               mf_w.l(dfixui.o)
    0x080006e6   0x00000026   Code   RO         1474    .text               mf_w.l(f2d.o)
    0x0800070c   0x00000038   Code   RO         1476    .text               mf_w.l(d2f.o)
    0x08000744   0x00000014   Code   RO         1478    .text               mf_w.l(cfcmple.o)
    0x08000758   0x00000062   Code   RO         1509    .text               mc_w.l(uldiv.o)
    0x080007ba   0x0000001e   Code   RO         1511    .text               mc_w.l(llshl.o)
    0x080007d8   0x00000020   Code   RO         1513    .text               mc_w.l(llushr.o)
    0x080007f8   0x00000024   Code   RO         1515    .text               mc_w.l(llsshr.o)
    0x0800081c   0x00000000   Code   RO         1524    .text               mc_w.l(iusefp.o)
    0x0800081c   0x0000006e   Code   RO         1525    .text               mf_w.l(fepilogue.o)
    0x0800088a   0x000000b6   Code   RO         1527    .text               mf_w.l(depilogue.o)
    0x08000940   0x0000002e   Code   RO         1529    .text               mf_w.l(dscalb.o)
    0x0800096e   0x00000002   PAD
    0x08000970   0x00000028   Code   RO         1531    .text               mf_w.l(cdrcmple.o)
    0x08000998   0x00000024   Code   RO         1533    .text               mc_w.l(init.o)
    0x080009bc   0x000000a2   Code   RO         1535    .text               mf_w.l(dsqrt.o)
    0x08000a5e   0x00000002   Code   RO            1    i.BusFault_Handler  stm32f10x_it.o
    0x08000a60   0x00000002   Code   RO            2    i.DebugMon_Handler  stm32f10x_it.o
    0x08000a62   0x00000002   Code   RO            4    i.EXTI15_10_IRQHandler  stm32f10x_it.o
    0x08000a64   0x000000f0   Code   RO          272    i.GPIO_Configuration  gpio.o
    0x08000b54   0x0000009c   Code   RO          827    i.GPIO_Init         stm32f10x_gpio.o
    0x08000bf0   0x00000058   Code   RO          829    i.GPIO_PinRemapConfig  stm32f10x_gpio.o
    0x08000c48   0x00000004   Code   RO          835    i.GPIO_SetBits      stm32f10x_gpio.o
    0x08000c4c   0x00000002   Code   RO            5    i.HardFault_Handler  stm32f10x_it.o
    0x08000c4e   0x00000002   PAD
    0x08000c50   0x00000040   Code   RO          322    i.IIC_Ack           myiic.o
    0x08000c90   0x0000003c   Code   RO          323    i.IIC_Init          myiic.o
    0x08000ccc   0x00000040   Code   RO          324    i.IIC_NAck          myiic.o
    0x08000d0c   0x0000006c   Code   RO          325    i.IIC_Read_Byte     myiic.o
    0x08000d78   0x00000064   Code   RO          326    i.IIC_Send_Byte     myiic.o
    0x08000ddc   0x00000040   Code   RO          327    i.IIC_Start         myiic.o
    0x08000e1c   0x00000044   Code   RO          328    i.IIC_Stop          myiic.o
    0x08000e60   0x00000054   Code   RO          329    i.IIC_Wait_Ack      myiic.o
    0x08000eb4   0x00000084   Code   RO          401    i.LCD_Clear         lcd.o
    0x08000f38   0x00000134   Code   RO          405    i.LCD_Display_Dir   lcd.o
    0x0800106c   0x00000250   Code   RO          410    i.LCD_Fast_DrawPoint  lcd.o
    0x080012bc   0x00003798   Code   RO          412    i.LCD_Init          lcd.o
    0x08004a54   0x00000010   Code   RO          413    i.LCD_Pow           lcd.o
    0x08004a64   0x00000070   Code   RO          414    i.LCD_RD_DATA       lcd.o
    0x08004ad4   0x0000000e   Code   RO          416    i.LCD_ReadReg       lcd.o
    0x08004ae2   0x00000002   PAD
    0x08004ae4   0x0000009c   Code   RO          417    i.LCD_SSD_BackLightSet  lcd.o
    0x08004b80   0x000002f4   Code   RO          418    i.LCD_Scan_Dir      lcd.o
    0x08004e74   0x00000354   Code   RO          419    i.LCD_SetCursor     lcd.o
    0x080051c8   0x000000cc   Code   RO          421    i.LCD_ShowChar      lcd.o
    0x08005294   0x00000054   Code   RO          423    i.LCD_ShowString    lcd.o
    0x080052e8   0x00000086   Code   RO          424    i.LCD_ShowxNum      lcd.o
    0x0800536e   0x00000002   PAD
    0x08005370   0x00000024   Code   RO          425    i.LCD_WR_DATAX      lcd.o
    0x08005394   0x00000024   Code   RO          426    i.LCD_WR_REG        lcd.o
    0x080053b8   0x0000000c   Code   RO          428    i.LCD_WriteRAM_Prepare  lcd.o
    0x080053c4   0x0000002c   Code   RO          429    i.LCD_WriteReg      lcd.o
    0x080053f0   0x00000002   Code   RO            6    i.MemManage_Handler  stm32f10x_it.o
    0x080053f2   0x00000002   Code   RO            7    i.NMI_Handler       stm32f10x_it.o
    0x080053f4   0x00000062   Code   RO          284    i.NVIC_Configuration  nvic.o
    0x08005456   0x00000002   PAD
    0x08005458   0x00000064   Code   RO         1135    i.NVIC_Init         misc.o
    0x080054bc   0x00000014   Code   RO         1136    i.NVIC_PriorityGroupConfig  misc.o
    0x080054d0   0x00000014   Code   RO         1137    i.NVIC_SetVectorTable  misc.o
    0x080054e4   0x00000002   Code   RO            8    i.PendSV_Handler    stm32f10x_it.o
    0x080054e6   0x00000002   PAD
    0x080054e8   0x00000018   Code   RO          937    i.RCC_APB1PeriphClockCmd  stm32f10x_rcc.o
    0x08005500   0x00000018   Code   RO          939    i.RCC_APB2PeriphClockCmd  stm32f10x_rcc.o
    0x08005518   0x00000094   Code   RO          947    i.RCC_GetClocksFreq  stm32f10x_rcc.o
    0x080055ac   0x00000002   Code   RO            9    i.SVC_Handler       stm32f10x_it.o
    0x080055ae   0x00000002   PAD
    0x080055b0   0x000000a8   Code   RO         1393    i.SetSysClockTo72   system_stm32f10x.o
    0x08005658   0x00000002   Code   RO           10    i.SysTick_Handler   stm32f10x_it.o
    0x0800565a   0x00000002   PAD
    0x0800565c   0x00000050   Code   RO         1395    i.SystemInit        system_stm32f10x.o
    0x080056ac   0x00000044   Code   RO          186    i.USART1_Configuration  sci.o
    0x080056f0   0x00000038   Code   RO          187    i.USART1_IRQHandler  sci.o
    0x08005728   0x00000044   Code   RO          188    i.USART2_Configuration  sci.o
    0x0800576c   0x00000038   Code   RO          189    i.USART2_IRQHandler  sci.o
    0x080057a4   0x00000044   Code   RO          190    i.USART3_Configuration  sci.o
    0x080057e8   0x00000038   Code   RO          191    i.USART3_IRQHandler  sci.o
    0x08005820   0x00000006   Code   RO          641    i.USART_ClearFlag   stm32f10x_usart.o
    0x08005826   0x00000014   Code   RO          645    i.USART_Cmd         stm32f10x_usart.o
    0x0800583a   0x0000000e   Code   RO          648    i.USART_GetFlagStatus  stm32f10x_usart.o
    0x08005848   0x0000003e   Code   RO          649    i.USART_GetITStatus  stm32f10x_usart.o
    0x08005886   0x00000030   Code   RO          651    i.USART_ITConfig    stm32f10x_usart.o
    0x080058b6   0x00000002   PAD
    0x080058b8   0x000000ac   Code   RO          652    i.USART_Init        stm32f10x_usart.o
    0x08005964   0x00000008   Code   RO          659    i.USART_ReceiveData  stm32f10x_usart.o
    0x0800596c   0x00000008   Code   RO          662    i.USART_SendData    stm32f10x_usart.o
    0x08005974   0x000000ae   Code   RO          192    i.USART_printf      sci.o
    0x08005a22   0x00000002   Code   RO           11    i.UsageFault_Handler  stm32f10x_it.o
    0x08005a24   0x00000028   Code   RO         1482    i.__ARM_fpclassify  m_ws.l(fpclassify.o)
    0x08005a4c   0x000000aa   Code   RO         1484    i.__kernel_poly     m_ws.l(poly.o)
    0x08005af6   0x00000002   PAD
    0x08005af8   0x00000010   Code   RO         1480    i.__mathlib_dbl_underflow  m_ws.l(dunder.o)
    0x08005b08   0x0000000e   Code   RO         1541    i.__scatterload_copy  mc_w.l(handlers.o)
    0x08005b16   0x00000002   Code   RO         1542    i.__scatterload_null  mc_w.l(handlers.o)
    0x08005b18   0x0000000e   Code   RO         1543    i.__scatterload_zeroinit  mc_w.l(handlers.o)
    0x08005b26   0x00000002   PAD
    0x08005b28   0x0000000c   Code   RO         1519    i.__set_errno       mc_w.l(errno.o)
    0x08005b34   0x00000164   Code   RO          600    i.bmp280CompensateP  bmp280.o
    0x08005c98   0x000000d0   Code   RO          601    i.bmp280GetData     bmp280.o
    0x08005d68   0x00000074   Code   RO          602    i.bmp280Init        bmp280.o
    0x08005ddc   0x0000005c   Code   RO          603    i.bmp280PressureToAltitude  bmp280.o
    0x08005e38   0x0000006c   Code   RO          124    i.chage_char        main.o
    0x08005ea4   0x0000002c   Code   RO          296    i.delay_init        user_delay.o
    0x08005ed0   0x00000028   Code   RO          297    i.delay_ms          user_delay.o
    0x08005ef8   0x00000028   Code   RO          298    i.delay_us          user_delay.o
    0x08005f20   0x0000004c   Code   RO          330    i.iicDevRead        myiic.o
    0x08005f6c   0x00000032   Code   RO          331    i.iicDevReadByte    myiic.o
    0x08005f9e   0x00000026   Code   RO          333    i.iicDevWriteByte   myiic.o
    0x08005fc4   0x00000048   Code   RO          125    i.init              main.o
    0x0800600c   0x0000005e   Code   RO          194    i.itoa              sci.o
    0x0800606a   0x00000002   PAD
    0x0800606c   0x00000144   Code   RO          126    i.main              main.o
    0x080061b0   0x000009e0   Code   RO         1438    i.pow               m_ws.l(pow.o)
    0x08006b90   0x000000c0   Code   RO          604    i.presssureFilter   bmp280.o
    0x08006c50   0x0000004c   Code   RO         1488    i.sqrt              m_ws.l(sqrt.o)
    0x08006c9c   0x000017c0   Data   RO          432    .constdata          lcd.o
    0x0800845c   0x00000004   PAD
    0x08008460   0x00000088   Data   RO         1439    .constdata          m_ws.l(pow.o)
    0x080084e8   0x00000008   Data   RO         1486    .constdata          m_ws.l(qnan.o)
    0x080084f0   0x00000020   Data   RO         1539    Region$$Table       anon$$obj.o


    Execution Region RW_IRAM1 (Base: 0x20000000, Size: 0x000005a8, Max: 0x00002800, ABSOLUTE)

    Base Addr    Size         Type   Attr      Idx    E Section Name        Object

    0x20000000   0x00000006   Data   RW          196    .data               sci.o
    0x20000006   0x00000004   Data   RW          299    .data               user_delay.o
    0x2000000a   0x00000004   Data   RW          433    .data               lcd.o
    0x2000000e   0x00000002   PAD
    0x20000010   0x00000014   Data   RW          606    .data               bmp280.o
    0x20000024   0x00000014   Data   RW          967    .data               stm32f10x_rcc.o
    0x20000038   0x00000004   Data   RW         1520    .data               mc_w.l(errno.o)
    0x2000003c   0x0000012c   Zero   RW          195    .bss                sci.o
    0x20000168   0x0000000e   Zero   RW          431    .bss                lcd.o
    0x20000176   0x00000002   PAD
    0x20000178   0x00000030   Zero   RW          605    .bss                bmp280.o
    0x200001a8   0x00000400   Zero   RW         1430    STACK               startup_stm32f10x_md.o


==============================================================================

Image component sizes


      Code (inc. data)   RO Data    RW Data    ZI Data      Debug   Object Name

       964         88          0         20         48       4677   bmp280.o
         0          0          0          0          0         32   core_cm3.o
       240         10          0          0          0        673   gpio.o
     17720        192       6080          4         14      22119   lcd.o
       504         78          0          0          0       2471   main.o
       140         24          0          0          0       2229   misc.o
       776         68          0          0          0       6286   myiic.o
        98          0          0          0          0        565   nvic.o
       640         54          0          6        300       6148   sci.o
        36          8        236          0       1024        904   startup_stm32f10x_md.o
       248          6          0          0          0       3265   stm32f10x_gpio.o
        20          0          0          0          0     235621   stm32f10x_it.o
       196         28          0         20          0       4702   stm32f10x_rcc.o
       338          6          0          0          0       6811   stm32f10x_usart.o
       248         24          0          0          0       1745   system_stm32f10x.o
       124         14          0          4          0       1663   user_delay.o

    ----------------------------------------------------------------------
     22310        600       6352         56       1388     299911   Object Totals
         0          0         32          0          0          0   (incl. Generated)
        18          0          4          2          2          0   (incl. Padding)

    ----------------------------------------------------------------------

      Code (inc. data)   RO Data    RW Data    ZI Data      Debug   Library Member Name

        16          6          0          0          0         68   dunder.o
        40          0          0          0          0         68   fpclassify.o
       170          0          0          0          0         96   poly.o
      2528        190        136          0          0        332   pow.o
         0          0          8          0          0          0   qnan.o
        76          0          0          0          0         84   sqrt.o
         0          0          0          0          0          0   entry.o
         0          0          0          0          0          0   entry10a.o
         0          0          0          0          0          0   entry11a.o
         8          4          0          0          0          0   entry2.o
         4          0          0          0          0          0   entry5.o
         0          0          0          0          0          0   entry7b.o
         0          0          0          0          0          0   entry8b.o
         8          4          0          0          0          0   entry9a.o
        12          6          0          4          0         68   errno.o
        30          0          0          0          0          0   handlers.o
        36          8          0          0          0         68   init.o
         0          0          0          0          0          0   iusefp.o
        90          0          0          0          0         84   ldiv.o
        30          0          0          0          0         68   llshl.o
        36          0          0          0          0         68   llsshr.o
        32          0          0          0          0         68   llushr.o
        98          0          0          0          0         92   uldiv.o
        40          2          0          0          0         68   cdrcmple.o
        20          0          0          0          0         68   cfcmple.o
        56          0          0          0          0         88   d2f.o
       334          0          0          0          0        148   dadd.o
       222          0          0          0          0        100   ddiv.o
       182          0          0          0          0        176   depilogue.o
        50          0          0          0          0         76   dfixui.o
        34          0          0          0          0         76   dflti.o
        26          0          0          0          0         76   dfltui.o
       228          0          0          0          0         96   dmul.o
        46          0          0          0          0         80   dscalb.o
       162          0          0          0          0        100   dsqrt.o
        38          0          0          0          0         68   f2d.o
       176          0          0          0          0        140   fadd.o
       124          0          0          0          0         88   fdiv.o
       110          0          0          0          0        168   fepilogue.o
        50          0          0          0          0         68   ffixi.o
        40          0          0          0          0         68   ffixui.o
       100          0          0          0          0         76   fmul.o

    ----------------------------------------------------------------------
      5258        220        144          4          0       2992   Library Totals
         6          0          0          0          0          0   (incl. Padding)

    ----------------------------------------------------------------------

      Code (inc. data)   RO Data    RW Data    ZI Data      Debug   Library Name

      2830        196        144          0          0        648   m_ws.l
       384         22          0          4          0        516   mc_w.l
      2038          2          0          0          0       1828   mf_w.l

    ----------------------------------------------------------------------
      5258        220        144          4          0       2992   Library Totals

    ----------------------------------------------------------------------

==============================================================================


      Code (inc. data)   RO Data    RW Data    ZI Data      Debug   

     27568        820       6496         60       1388     297647   Grand Totals
     27568        820       6496         60       1388     297647   ELF Image Totals
     27568        820       6496         60          0          0   ROM Totals

==============================================================================

    Total RO  Size (Code + RO Data)                34064 (  33.27kB)
    Total RW  Size (RW Data + ZI Data)              1448 (   1.41kB)
    Total ROM Size (Code + RO Data + RW Data)      34124 (  33.32kB)

==============================================================================

