Product: MDK-ARM Professional 5.10
Component: ARM Compiler 5.04 update 1 (build 49)
Tool: armlink [5040049]

==============================================================================

Section Cross References

    main.o(i.init) refers to system_stm32f10x.o(i.SystemInit) for SystemInit
    main.o(i.init) refers to user_delay.o(i.delay_init) for delay_init
    main.o(i.init) refers to nvic.o(i.NVIC_Configuration) for NVIC_Configuration
    main.o(i.init) refers to gpio.o(i.GPIO_Configuration) for GPIO_Configuration
    main.o(i.init) refers to sci.o(i.USART1_Configuration) for USART1_Configuration
    main.o(i.init) refers to stm32f10x_usart.o(i.USART_ClearFlag) for USART_ClearFlag
    main.o(i.init) refers to sci.o(i.USART2_Configuration) for USART2_Configuration
    main.o(i.init) refers to sci.o(i.USART3_Configuration) for USART3_Configuration
    main.o(i.main) refers to memcpya.o(.text) for __aeabi_memcpy4
    main.o(i.main) refers to main.o(i.init) for init
    main.o(i.main) refers to user_delay.o(i.delay_ms) for delay_ms
    main.o(i.main) refers to sci.o(i.USART_printf) for USART_printf
    main.o(i.main) refers to sci.o(i.RS232_Send2_Data) for RS232_Send2_Data
    main.o(i.main) refers to main.o(.data) for .data
    main.o(i.main) refers to main.o(.bss) for .bss
    sci.o(i.USART1_Configuration) refers to stm32f10x_usart.o(i.USART_Init) for USART_Init
    sci.o(i.USART1_Configuration) refers to stm32f10x_usart.o(i.USART_ITConfig) for USART_ITConfig
    sci.o(i.USART1_Configuration) refers to stm32f10x_usart.o(i.USART_Cmd) for USART_Cmd
    sci.o(i.USART1_IRQHandler) refers to stm32f10x_usart.o(i.USART_GetITStatus) for USART_GetITStatus
    sci.o(i.USART1_IRQHandler) refers to stm32f10x_usart.o(i.USART_ReceiveData) for USART_ReceiveData
    sci.o(i.USART1_IRQHandler) refers to main.o(.bss) for RS232_buff1
    sci.o(i.USART1_IRQHandler) refers to main.o(.data) for RS232_REC_Count1
    sci.o(i.USART1_IRQHandler) refers to main.o(.data) for RS232_REC_Flag1
    sci.o(i.USART2_Configuration) refers to stm32f10x_usart.o(i.USART_Init) for USART_Init
    sci.o(i.USART2_Configuration) refers to stm32f10x_usart.o(i.USART_ITConfig) for USART_ITConfig
    sci.o(i.USART2_Configuration) refers to stm32f10x_usart.o(i.USART_Cmd) for USART_Cmd
    sci.o(i.USART2_IRQHandler) refers to stm32f10x_usart.o(i.USART_GetITStatus) for USART_GetITStatus
    sci.o(i.USART2_IRQHandler) refers to stm32f10x_usart.o(i.USART_ReceiveData) for USART_ReceiveData
    sci.o(i.USART2_IRQHandler) refers to main.o(.bss) for RS232_buff2
    sci.o(i.USART2_IRQHandler) refers to main.o(.data) for RS232_REC_Count2
    sci.o(i.USART2_IRQHandler) refers to main.o(.data) for RS232_REC_Flag2
    sci.o(i.USART3_Configuration) refers to stm32f10x_usart.o(i.USART_Init) for USART_Init
    sci.o(i.USART3_Configuration) refers to stm32f10x_usart.o(i.USART_ITConfig) for USART_ITConfig
    sci.o(i.USART3_Configuration) refers to stm32f10x_usart.o(i.USART_Cmd) for USART_Cmd
    sci.o(i.USART3_IRQHandler) refers to stm32f10x_usart.o(i.USART_GetITStatus) for USART_GetITStatus
    sci.o(i.USART3_IRQHandler) refers to stm32f10x_usart.o(i.USART_ReceiveData) for USART_ReceiveData
    sci.o(i.USART3_IRQHandler) refers to main.o(.bss) for RS232_buff3
    sci.o(i.USART3_IRQHandler) refers to main.o(.data) for RS232_REC_Count3
    sci.o(i.USART_printf) refers to stm32f10x_usart.o(i.USART_SendData) for USART_SendData
    sci.o(i.USART_printf) refers to stm32f10x_usart.o(i.USART_GetFlagStatus) for USART_GetFlagStatus
    sci.o(i.USART_printf) refers to sci.o(i.itoa) for itoa
    sci.o(i.fputc) refers to stm32f10x_usart.o(i.USART_SendData) for USART_SendData
    gpio.o(i.GPIO_Configuration) refers to stm32f10x_rcc.o(i.RCC_APB2PeriphClockCmd) for RCC_APB2PeriphClockCmd
    gpio.o(i.GPIO_Configuration) refers to stm32f10x_rcc.o(i.RCC_APB1PeriphClockCmd) for RCC_APB1PeriphClockCmd
    gpio.o(i.GPIO_Configuration) refers to stm32f10x_gpio.o(i.GPIO_Init) for GPIO_Init
    nvic.o(i.NVIC_Configuration) refers to misc.o(i.NVIC_SetVectorTable) for NVIC_SetVectorTable
    nvic.o(i.NVIC_Configuration) refers to misc.o(i.NVIC_PriorityGroupConfig) for NVIC_PriorityGroupConfig
    nvic.o(i.NVIC_Configuration) refers to misc.o(i.NVIC_Init) for NVIC_Init
    user_delay.o(i.delay_init) refers to user_delay.o(.data) for .data
    user_delay.o(i.delay_ms) refers to user_delay.o(.data) for .data
    user_delay.o(i.delay_us) refers to user_delay.o(.data) for .data
    ds18b20.o(i.DS18B20_Check) refers to user_delay.o(i.delay_us) for delay_us
    ds18b20.o(i.DS18B20_Get_Temp) refers to ds18b20.o(i.DS18B20_Start) for DS18B20_Start
    ds18b20.o(i.DS18B20_Get_Temp) refers to ds18b20.o(i.DS18B20_Rst) for DS18B20_Rst
    ds18b20.o(i.DS18B20_Get_Temp) refers to ds18b20.o(i.DS18B20_Check) for DS18B20_Check
    ds18b20.o(i.DS18B20_Get_Temp) refers to ds18b20.o(i.DS18B20_Write_Byte) for DS18B20_Write_Byte
    ds18b20.o(i.DS18B20_Get_Temp) refers to ds18b20.o(i.DS18B20_Read_Byte) for DS18B20_Read_Byte
    ds18b20.o(i.DS18B20_Get_Temp) refers to dflti.o(.text) for __aeabi_i2d
    ds18b20.o(i.DS18B20_Get_Temp) refers to dmul.o(.text) for __aeabi_dmul
    ds18b20.o(i.DS18B20_Get_Temp) refers to dfixi.o(.text) for __aeabi_d2iz
    ds18b20.o(i.DS18B20_Init) refers to stm32f10x_rcc.o(i.RCC_APB2PeriphClockCmd) for RCC_APB2PeriphClockCmd
    ds18b20.o(i.DS18B20_Init) refers to stm32f10x_gpio.o(i.GPIO_Init) for GPIO_Init
    ds18b20.o(i.DS18B20_Init) refers to stm32f10x_gpio.o(i.GPIO_SetBits) for GPIO_SetBits
    ds18b20.o(i.DS18B20_Init) refers to ds18b20.o(i.DS18B20_Rst) for DS18B20_Rst
    ds18b20.o(i.DS18B20_Init) refers to ds18b20.o(i.DS18B20_Check) for DS18B20_Check
    ds18b20.o(i.DS18B20_Read_Bit) refers to user_delay.o(i.delay_us) for delay_us
    ds18b20.o(i.DS18B20_Read_Byte) refers to ds18b20.o(i.DS18B20_Read_Bit) for DS18B20_Read_Bit
    ds18b20.o(i.DS18B20_Rst) refers to user_delay.o(i.delay_us) for delay_us
    ds18b20.o(i.DS18B20_Start) refers to ds18b20.o(i.DS18B20_Rst) for DS18B20_Rst
    ds18b20.o(i.DS18B20_Start) refers to ds18b20.o(i.DS18B20_Check) for DS18B20_Check
    ds18b20.o(i.DS18B20_Start) refers to ds18b20.o(i.DS18B20_Write_Byte) for DS18B20_Write_Byte
    ds18b20.o(i.DS18B20_Write_Byte) refers to user_delay.o(i.delay_us) for delay_us
    stm32f10x_usart.o(i.USART_DeInit) refers to stm32f10x_rcc.o(i.RCC_APB2PeriphResetCmd) for RCC_APB2PeriphResetCmd
    stm32f10x_usart.o(i.USART_DeInit) refers to stm32f10x_rcc.o(i.RCC_APB1PeriphResetCmd) for RCC_APB1PeriphResetCmd
    stm32f10x_usart.o(i.USART_Init) refers to stm32f10x_rcc.o(i.RCC_GetClocksFreq) for RCC_GetClocksFreq
    stm32f10x_gpio.o(i.GPIO_AFIODeInit) refers to stm32f10x_rcc.o(i.RCC_APB2PeriphResetCmd) for RCC_APB2PeriphResetCmd
    stm32f10x_gpio.o(i.GPIO_DeInit) refers to stm32f10x_rcc.o(i.RCC_APB2PeriphResetCmd) for RCC_APB2PeriphResetCmd
    stm32f10x_rcc.o(i.RCC_GetClocksFreq) refers to stm32f10x_rcc.o(.data) for .data
    stm32f10x_rcc.o(i.RCC_WaitForHSEStartUp) refers to stm32f10x_rcc.o(i.RCC_GetFlagStatus) for RCC_GetFlagStatus
    stm32f10x_adc.o(i.ADC_DeInit) refers to stm32f10x_rcc.o(i.RCC_APB2PeriphResetCmd) for RCC_APB2PeriphResetCmd
    system_stm32f10x.o(i.SystemCoreClockUpdate) refers to system_stm32f10x.o(.data) for .data
    system_stm32f10x.o(i.SystemInit) refers to system_stm32f10x.o(i.SetSysClockTo72) for SetSysClockTo72
    startup_stm32f10x_md.o(RESET) refers to startup_stm32f10x_md.o(STACK) for __initial_sp
    startup_stm32f10x_md.o(RESET) refers to startup_stm32f10x_md.o(.text) for Reset_Handler
    startup_stm32f10x_md.o(RESET) refers to stm32f10x_it.o(i.NMI_Handler) for NMI_Handler
    startup_stm32f10x_md.o(RESET) refers to stm32f10x_it.o(i.HardFault_Handler) for HardFault_Handler
    startup_stm32f10x_md.o(RESET) refers to stm32f10x_it.o(i.MemManage_Handler) for MemManage_Handler
    startup_stm32f10x_md.o(RESET) refers to stm32f10x_it.o(i.BusFault_Handler) for BusFault_Handler
    startup_stm32f10x_md.o(RESET) refers to stm32f10x_it.o(i.UsageFault_Handler) for UsageFault_Handler
    startup_stm32f10x_md.o(RESET) refers to stm32f10x_it.o(i.SVC_Handler) for SVC_Handler
    startup_stm32f10x_md.o(RESET) refers to stm32f10x_it.o(i.DebugMon_Handler) for DebugMon_Handler
    startup_stm32f10x_md.o(RESET) refers to stm32f10x_it.o(i.PendSV_Handler) for PendSV_Handler
    startup_stm32f10x_md.o(RESET) refers to stm32f10x_it.o(i.SysTick_Handler) for SysTick_Handler
    startup_stm32f10x_md.o(RESET) refers to sci.o(i.USART1_IRQHandler) for USART1_IRQHandler
    startup_stm32f10x_md.o(RESET) refers to sci.o(i.USART2_IRQHandler) for USART2_IRQHandler
    startup_stm32f10x_md.o(RESET) refers to sci.o(i.USART3_IRQHandler) for USART3_IRQHandler
    startup_stm32f10x_md.o(RESET) refers to stm32f10x_it.o(i.EXTI15_10_IRQHandler) for EXTI15_10_IRQHandler
    startup_stm32f10x_md.o(.text) refers to system_stm32f10x.o(i.SystemInit) for SystemInit
    startup_stm32f10x_md.o(.text) refers to entry.o(.ARM.Collect$$$$00000000) for __main
    entry.o(.ARM.Collect$$$$00000000) refers (Special) to entry10a.o(.ARM.Collect$$$$0000000D) for __rt_final_cpp
    entry.o(.ARM.Collect$$$$00000000) refers (Special) to entry11a.o(.ARM.Collect$$$$0000000F) for __rt_final_exit
    entry.o(.ARM.Collect$$$$00000000) refers (Special) to entry7b.o(.ARM.Collect$$$$00000008) for _main_clock
    entry.o(.ARM.Collect$$$$00000000) refers (Special) to entry8b.o(.ARM.Collect$$$$0000000A) for _main_cpp_init
    entry.o(.ARM.Collect$$$$00000000) refers (Special) to entry9a.o(.ARM.Collect$$$$0000000B) for _main_init
    entry.o(.ARM.Collect$$$$00000000) refers (Special) to entry5.o(.ARM.Collect$$$$00000004) for _main_scatterload
    entry.o(.ARM.Collect$$$$00000000) refers (Special) to entry2.o(.ARM.Collect$$$$00000001) for _main_stk
    dmul.o(.text) refers (Special) to iusefp.o(.text) for __I$use$fp
    dmul.o(.text) refers to depilogue.o(.text) for _double_epilogue
    dflti.o(.text) refers (Special) to iusefp.o(.text) for __I$use$fp
    dflti.o(.text) refers to depilogue.o(.text) for _double_epilogue
    dfixi.o(.text) refers (Special) to iusefp.o(.text) for __I$use$fp
    dfixi.o(.text) refers to llushr.o(.text) for __aeabi_llsr
    entry2.o(.ARM.Collect$$$$00000001) refers to entry2.o(.ARM.Collect$$$$00002712) for __lit__00000000
    entry2.o(.ARM.Collect$$$$00002712) refers to startup_stm32f10x_md.o(STACK) for __initial_sp
    entry2.o(__vectab_stack_and_reset_area) refers to startup_stm32f10x_md.o(STACK) for __initial_sp
    entry2.o(__vectab_stack_and_reset_area) refers to entry.o(.ARM.Collect$$$$00000000) for __main
    entry5.o(.ARM.Collect$$$$00000004) refers to init.o(.text) for __scatterload
    entry9a.o(.ARM.Collect$$$$0000000B) refers to main.o(i.main) for main
    entry9b.o(.ARM.Collect$$$$0000000C) refers to main.o(i.main) for main
    depilogue.o(.text) refers to llshl.o(.text) for __aeabi_llsl
    depilogue.o(.text) refers to llushr.o(.text) for __aeabi_llsr
    init.o(.text) refers to entry5.o(.ARM.Collect$$$$00000004) for __main_after_scatterload


==============================================================================

Removing Unused input sections from the image.

    Removing stm32f10x_it.o(i.ETH_IRQHandler), (2 bytes).
    Removing main.o(.constdata), (10 bytes).
    Removing main.o(.data), (4 bytes).
    Removing main.o(.data), (1 bytes).
    Removing main.o(.data), (1 bytes).
    Removing main.o(.data), (1 bytes).
    Removing main.o(.data), (1 bytes).
    Removing main.o(.data), (1 bytes).
    Removing main.o(.data), (1 bytes).
    Removing main.o(.data), (2 bytes).
    Removing main.o(.data), (2 bytes).
    Removing main.o(.data), (2 bytes).
    Removing main.o(.data), (2 bytes).
    Removing main.o(.data), (5 bytes).
    Removing main.o(.data), (4 bytes).
    Removing main.o(.data), (4 bytes).
    Removing main.o(.data), (4 bytes).
    Removing main.o(.data), (4 bytes).
    Removing main.o(.data), (4 bytes).
    Removing main.o(.data), (4 bytes).
    Removing main.o(.data), (4 bytes).
    Removing main.o(.data), (2 bytes).
    Removing main.o(.data), (3 bytes).
    Removing main.o(.data), (3 bytes).
    Removing main.o(.data), (4 bytes).
    Removing main.o(.data), (6 bytes).
    Removing main.o(.data), (6 bytes).
    Removing sci.o(i.RS232_Send1_Data), (32 bytes).
    Removing sci.o(i.RS232_Send3_Data), (32 bytes).
    Removing sci.o(i.fputc), (28 bytes).
    Removing user_delay.o(i.delay_us), (40 bytes).
    Removing ds18b20.o(i.DS18B20_Check), (100 bytes).
    Removing ds18b20.o(i.DS18B20_Get_Temp), (92 bytes).
    Removing ds18b20.o(i.DS18B20_Init), (60 bytes).
    Removing ds18b20.o(i.DS18B20_Read_Bit), (96 bytes).
    Removing ds18b20.o(i.DS18B20_Read_Byte), (30 bytes).
    Removing ds18b20.o(i.DS18B20_Rst), (64 bytes).
    Removing ds18b20.o(i.DS18B20_Start), (26 bytes).
    Removing ds18b20.o(i.DS18B20_Write_Byte), (96 bytes).
    Removing stm32f10x_usart.o(i.USART_ClearITPendingBit), (12 bytes).
    Removing stm32f10x_usart.o(i.USART_ClockInit), (30 bytes).
    Removing stm32f10x_usart.o(i.USART_ClockStructInit), (12 bytes).
    Removing stm32f10x_usart.o(i.USART_DMACmd), (16 bytes).
    Removing stm32f10x_usart.o(i.USART_DeInit), (116 bytes).
    Removing stm32f10x_usart.o(i.USART_HalfDuplexCmd), (20 bytes).
    Removing stm32f10x_usart.o(i.USART_IrDACmd), (20 bytes).
    Removing stm32f10x_usart.o(i.USART_IrDAConfig), (16 bytes).
    Removing stm32f10x_usart.o(i.USART_LINBreakDetectLengthConfig), (16 bytes).
    Removing stm32f10x_usart.o(i.USART_LINCmd), (20 bytes).
    Removing stm32f10x_usart.o(i.USART_OneBitMethodCmd), (20 bytes).
    Removing stm32f10x_usart.o(i.USART_OverSampling8Cmd), (20 bytes).
    Removing stm32f10x_usart.o(i.USART_ReceiverWakeUpCmd), (20 bytes).
    Removing stm32f10x_usart.o(i.USART_SendBreak), (10 bytes).
    Removing stm32f10x_usart.o(i.USART_SetAddress), (16 bytes).
    Removing stm32f10x_usart.o(i.USART_SetGuardTime), (16 bytes).
    Removing stm32f10x_usart.o(i.USART_SetPrescaler), (16 bytes).
    Removing stm32f10x_usart.o(i.USART_SmartCardCmd), (20 bytes).
    Removing stm32f10x_usart.o(i.USART_SmartCardNACKCmd), (20 bytes).
    Removing stm32f10x_usart.o(i.USART_StructInit), (22 bytes).
    Removing stm32f10x_usart.o(i.USART_WakeUpConfig), (16 bytes).
    Removing stm32f10x_gpio.o(i.GPIO_AFIODeInit), (22 bytes).
    Removing stm32f10x_gpio.o(i.GPIO_DeInit), (180 bytes).
    Removing stm32f10x_gpio.o(i.GPIO_ETH_MediaInterfaceConfig), (12 bytes).
    Removing stm32f10x_gpio.o(i.GPIO_EXTILineConfig), (40 bytes).
    Removing stm32f10x_gpio.o(i.GPIO_EventOutputCmd), (12 bytes).
    Removing stm32f10x_gpio.o(i.GPIO_EventOutputConfig), (28 bytes).
    Removing stm32f10x_gpio.o(i.GPIO_PinLockConfig), (16 bytes).
    Removing stm32f10x_gpio.o(i.GPIO_PinRemapConfig), (88 bytes).
    Removing stm32f10x_gpio.o(i.GPIO_ReadInputData), (6 bytes).
    Removing stm32f10x_gpio.o(i.GPIO_ReadInputDataBit), (14 bytes).
    Removing stm32f10x_gpio.o(i.GPIO_ReadOutputData), (6 bytes).
    Removing stm32f10x_gpio.o(i.GPIO_ReadOutputDataBit), (14 bytes).
    Removing stm32f10x_gpio.o(i.GPIO_ResetBits), (4 bytes).
    Removing stm32f10x_gpio.o(i.GPIO_SetBits), (4 bytes).
    Removing stm32f10x_gpio.o(i.GPIO_StructInit), (16 bytes).
    Removing stm32f10x_gpio.o(i.GPIO_Write), (4 bytes).
    Removing stm32f10x_gpio.o(i.GPIO_WriteBit), (10 bytes).
    Removing stm32f10x_rcc.o(i.RCC_ADCCLKConfig), (20 bytes).
    Removing stm32f10x_rcc.o(i.RCC_AHBPeriphClockCmd), (24 bytes).
    Removing stm32f10x_rcc.o(i.RCC_APB1PeriphResetCmd), (24 bytes).
    Removing stm32f10x_rcc.o(i.RCC_APB2PeriphResetCmd), (24 bytes).
    Removing stm32f10x_rcc.o(i.RCC_AdjustHSICalibrationValue), (20 bytes).
    Removing stm32f10x_rcc.o(i.RCC_BackupResetCmd), (12 bytes).
    Removing stm32f10x_rcc.o(i.RCC_ClearFlag), (16 bytes).
    Removing stm32f10x_rcc.o(i.RCC_ClearITPendingBit), (12 bytes).
    Removing stm32f10x_rcc.o(i.RCC_ClockSecuritySystemCmd), (12 bytes).
    Removing stm32f10x_rcc.o(i.RCC_DeInit), (64 bytes).
    Removing stm32f10x_rcc.o(i.RCC_GetFlagStatus), (48 bytes).
    Removing stm32f10x_rcc.o(i.RCC_GetITStatus), (20 bytes).
    Removing stm32f10x_rcc.o(i.RCC_GetSYSCLKSource), (16 bytes).
    Removing stm32f10x_rcc.o(i.RCC_HCLKConfig), (20 bytes).
    Removing stm32f10x_rcc.o(i.RCC_HSEConfig), (52 bytes).
    Removing stm32f10x_rcc.o(i.RCC_HSICmd), (12 bytes).
    Removing stm32f10x_rcc.o(i.RCC_ITConfig), (24 bytes).
    Removing stm32f10x_rcc.o(i.RCC_LSEConfig), (32 bytes).
    Removing stm32f10x_rcc.o(i.RCC_LSICmd), (12 bytes).
    Removing stm32f10x_rcc.o(i.RCC_MCOConfig), (12 bytes).
    Removing stm32f10x_rcc.o(i.RCC_PCLK1Config), (20 bytes).
    Removing stm32f10x_rcc.o(i.RCC_PCLK2Config), (20 bytes).
    Removing stm32f10x_rcc.o(i.RCC_PLLCmd), (12 bytes).
    Removing stm32f10x_rcc.o(i.RCC_PLLCoLnfig), (20 bytes).
    Removing stm32f10x_rcc.o(i.RCC_RTCCLKCmd), (12 bytes).
    Removing stm32f10x_rcc.o(i.RCC_RTCCLKConfig), (16 bytes).
    Removing stm32f10x_rcc.o(i.RCC_SYSCLKConfig), (20 bytes).
    Removing stm32f10x_rcc.o(i.RCC_USBCLKConfig), (12 bytes).
    Removing stm32f10x_rcc.o(i.RCC_WaitForHSEStartUp), (44 bytes).
    Removing misc.o(i.NVIC_SystemLPConfig), (24 bytes).
    Removing misc.o(i.SysTick_CLKSourceConfig), (24 bytes).
    Removing stm32f10x_adc.o(i.ADC_AnalogWatchdogCmd), (16 bytes).
    Removing stm32f10x_adc.o(i.ADC_AnalogWatchdogSingleChannelConfig), (12 bytes).
    Removing stm32f10x_adc.o(i.ADC_AnalogWatchdogThresholdsConfig), (6 bytes).
    Removing stm32f10x_adc.o(i.ADC_AutoInjectedConvCmd), (20 bytes).
    Removing stm32f10x_adc.o(i.ADC_ClearFlag), (6 bytes).
    Removing stm32f10x_adc.o(i.ADC_ClearITPendingBit), (8 bytes).
    Removing stm32f10x_adc.o(i.ADC_Cmd), (20 bytes).
    Removing stm32f10x_adc.o(i.ADC_DMACmd), (20 bytes).
    Removing stm32f10x_adc.o(i.ADC_DeInit), (68 bytes).
    Removing stm32f10x_adc.o(i.ADC_DiscModeChannelCountConfig), (16 bytes).
    Removing stm32f10x_adc.o(i.ADC_DiscModeCmd), (20 bytes).
    Removing stm32f10x_adc.o(i.ADC_ExternalTrigConvCmd), (20 bytes).
    Removing stm32f10x_adc.o(i.ADC_ExternalTrigInjectedConvCmd), (20 bytes).
    Removing stm32f10x_adc.o(i.ADC_ExternalTrigInjectedConvConfig), (12 bytes).
    Removing stm32f10x_adc.o(i.ADC_GetCalibrationStatus), (14 bytes).
    Removing stm32f10x_adc.o(i.ADC_GetConversionValue), (6 bytes).
    Removing stm32f10x_adc.o(i.ADC_GetDualModeConversionValue), (12 bytes).
    Removing stm32f10x_adc.o(i.ADC_GetFlagStatus), (14 bytes).
    Removing stm32f10x_adc.o(i.ADC_GetITStatus), (28 bytes).
    Removing stm32f10x_adc.o(i.ADC_GetInjectedConversionValue), (14 bytes).
    Removing stm32f10x_adc.o(i.ADC_GetResetCalibrationStatus), (14 bytes).
    Removing stm32f10x_adc.o(i.ADC_GetSoftwareStartConvStatus), (14 bytes).
    Removing stm32f10x_adc.o(i.ADC_GetSoftwareStartInjectedConvCmdStatus), (14 bytes).
    Removing stm32f10x_adc.o(i.ADC_ITConfig), (18 bytes).
    Removing stm32f10x_adc.o(i.ADC_Init), (72 bytes).
    Removing stm32f10x_adc.o(i.ADC_InjectedChannelConfig), (74 bytes).
    Removing stm32f10x_adc.o(i.ADC_InjectedDiscModeCmd), (20 bytes).
    Removing stm32f10x_adc.o(i.ADC_InjectedSequencerLengthConfig), (16 bytes).
    Removing stm32f10x_adc.o(i.ADC_RegularChannelConfig), (116 bytes).
    Removing stm32f10x_adc.o(i.ADC_ResetCalibration), (10 bytes).
    Removing stm32f10x_adc.o(i.ADC_SetInjectedOffset), (10 bytes).
    Removing stm32f10x_adc.o(i.ADC_SoftwareStartConvCmd), (20 bytes).
    Removing stm32f10x_adc.o(i.ADC_SoftwareStartInjectedConvCmd), (20 bytes).
    Removing stm32f10x_adc.o(i.ADC_StartCalibration), (10 bytes).
    Removing stm32f10x_adc.o(i.ADC_StructInit), (18 bytes).
    Removing stm32f10x_adc.o(i.ADC_TempSensorVrefintCmd), (28 bytes).
    Removing system_stm32f10x.o(i.SystemCoreClockUpdate), (104 bytes).
    Removing system_stm32f10x.o(.data), (20 bytes).
    Removing core_cm3.o(.emb_text), (32 bytes).
    Removing startup_stm32f10x_md.o(HEAP), (512 bytes).
    Removing dmul.o(.text), (228 bytes).
    Removing dflti.o(.text), (34 bytes).
    Removing dfixi.o(.text), (62 bytes).
    Removing depilogue.o(.text), (182 bytes).

152 unused section(s) (total 4433 bytes) removed from the image.

==============================================================================

Image Symbol Table

    Local Symbols

    Symbol Name                              Value     Ov Type        Size  Object(Section)

    ../clib/microlib/init/entry.s            0x00000000   Number         0  entry11b.o ABSOLUTE
    ../clib/microlib/init/entry.s            0x00000000   Number         0  entry.o ABSOLUTE
    ../clib/microlib/init/entry.s            0x00000000   Number         0  entry9a.o ABSOLUTE
    ../clib/microlib/init/entry.s            0x00000000   Number         0  entry8b.o ABSOLUTE
    ../clib/microlib/init/entry.s            0x00000000   Number         0  entry8a.o ABSOLUTE
    ../clib/microlib/init/entry.s            0x00000000   Number         0  entry7b.o ABSOLUTE
    ../clib/microlib/init/entry.s            0x00000000   Number         0  entry7a.o ABSOLUTE
    ../clib/microlib/init/entry.s            0x00000000   Number         0  entry10b.o ABSOLUTE
    ../clib/microlib/init/entry.s            0x00000000   Number         0  entry11a.o ABSOLUTE
    ../clib/microlib/init/entry.s            0x00000000   Number         0  entry10a.o ABSOLUTE
    ../clib/microlib/init/entry.s            0x00000000   Number         0  entry2.o ABSOLUTE
    ../clib/microlib/init/entry.s            0x00000000   Number         0  entry5.o ABSOLUTE
    ../clib/microlib/init/entry.s            0x00000000   Number         0  entry9b.o ABSOLUTE
    ../clib/microlib/longlong.c              0x00000000   Number         0  llshl.o ABSOLUTE
    ../clib/microlib/longlong.c              0x00000000   Number         0  llushr.o ABSOLUTE
    ../clib/microlib/string/memcpy.c         0x00000000   Number         0  memcpyb.o ABSOLUTE
    ../clib/microlib/string/memcpy.c         0x00000000   Number         0  memcpya.o ABSOLUTE
    ../clib/microlib/stubs.s                 0x00000000   Number         0  iusefp.o ABSOLUTE
    ../fplib/microlib/fpepilogue.c           0x00000000   Number         0  depilogue.o ABSOLUTE
    ../fplib/microlib/fpfix.c                0x00000000   Number         0  dfixi.o ABSOLUTE
    ../fplib/microlib/fpflt.c                0x00000000   Number         0  dflti.o ABSOLUTE
    ../fplib/microlib/fpmul.c                0x00000000   Number         0  dmul.o ABSOLUTE
    ..\..\Libraries\CMSIS\CM3\DeviceSupport\ST\STM32F10x\startup\arm\startup_stm32f10x_md.s 0x00000000   Number         0  startup_stm32f10x_md.o ABSOLUTE
    ..\..\Libraries\CMSIS\Core\CM3\core_cm3.c 0x00000000   Number         0  core_cm3.o ABSOLUTE
    ..\..\Libraries\CMSIS\Core\CM3\system_stm32f10x.c 0x00000000   Number         0  system_stm32f10x.o ABSOLUTE
    ..\..\Libraries\STM32F10x_StdPeriph_Driver\src\misc.c 0x00000000   Number         0  misc.o ABSOLUTE
    ..\..\Libraries\STM32F10x_StdPeriph_Driver\src\stm32f10x_adc.c 0x00000000   Number         0  stm32f10x_adc.o ABSOLUTE
    ..\..\Libraries\STM32F10x_StdPeriph_Driver\src\stm32f10x_gpio.c 0x00000000   Number         0  stm32f10x_gpio.o ABSOLUTE
    ..\..\Libraries\STM32F10x_StdPeriph_Driver\src\stm32f10x_rcc.c 0x00000000   Number         0  stm32f10x_rcc.o ABSOLUTE
    ..\..\Libraries\STM32F10x_StdPeriph_Driver\src\stm32f10x_usart.c 0x00000000   Number         0  stm32f10x_usart.o ABSOLUTE
    ..\\..\\Libraries\\CMSIS\\Core\\CM3\\core_cm3.c 0x00000000   Number         0  core_cm3.o ABSOLUTE
    ..\src\GPIO.C                            0x00000000   Number         0  gpio.o ABSOLUTE
    ..\src\NVIC.C                            0x00000000   Number         0  nvic.o ABSOLUTE
    ..\src\SCI.c                             0x00000000   Number         0  sci.o ABSOLUTE
    ..\src\USER_delay.c                      0x00000000   Number         0  user_delay.o ABSOLUTE
    ..\src\ds18b20.c                         0x00000000   Number         0  ds18b20.o ABSOLUTE
    ..\src\main.c                            0x00000000   Number         0  main.o ABSOLUTE
    ..\src\stm32f10x_it.c                    0x00000000   Number         0  stm32f10x_it.o ABSOLUTE
    dc.s                                     0x00000000   Number         0  dc.o ABSOLUTE
    handlers.s                               0x00000000   Number         0  handlers.o ABSOLUTE
    init.s                                   0x00000000   Number         0  init.o ABSOLUTE
    RESET                                    0x08000000   Section      236  startup_stm32f10x_md.o(RESET)
    .ARM.Collect$$$$00000000                 0x080000ec   Section        0  entry.o(.ARM.Collect$$$$00000000)
    .ARM.Collect$$$$00000001                 0x080000ec   Section        4  entry2.o(.ARM.Collect$$$$00000001)
    .ARM.Collect$$$$00000004                 0x080000f0   Section        4  entry5.o(.ARM.Collect$$$$00000004)
    .ARM.Collect$$$$00000008                 0x080000f4   Section        0  entry7b.o(.ARM.Collect$$$$00000008)
    .ARM.Collect$$$$0000000A                 0x080000f4   Section        0  entry8b.o(.ARM.Collect$$$$0000000A)
    .ARM.Collect$$$$0000000B                 0x080000f4   Section        8  entry9a.o(.ARM.Collect$$$$0000000B)
    .ARM.Collect$$$$0000000D                 0x080000fc   Section        0  entry10a.o(.ARM.Collect$$$$0000000D)
    .ARM.Collect$$$$0000000F                 0x080000fc   Section        0  entry11a.o(.ARM.Collect$$$$0000000F)
    .ARM.Collect$$$$00002712                 0x080000fc   Section        4  entry2.o(.ARM.Collect$$$$00002712)
    __lit__00000000                          0x080000fc   Data           4  entry2.o(.ARM.Collect$$$$00002712)
    .text                                    0x08000100   Section       36  startup_stm32f10x_md.o(.text)
    .text                                    0x08000124   Section        0  memcpya.o(.text)
    .text                                    0x08000148   Section       36  init.o(.text)
    i.BusFault_Handler                       0x0800016c   Section        0  stm32f10x_it.o(i.BusFault_Handler)
    i.DebugMon_Handler                       0x0800016e   Section        0  stm32f10x_it.o(i.DebugMon_Handler)
    i.EXTI15_10_IRQHandler                   0x08000170   Section        0  stm32f10x_it.o(i.EXTI15_10_IRQHandler)
    i.GPIO_Configuration                     0x08000174   Section        0  gpio.o(i.GPIO_Configuration)
    i.GPIO_Init                              0x08000264   Section        0  stm32f10x_gpio.o(i.GPIO_Init)
    i.HardFault_Handler                      0x08000300   Section        0  stm32f10x_it.o(i.HardFault_Handler)
    i.MemManage_Handler                      0x08000302   Section        0  stm32f10x_it.o(i.MemManage_Handler)
    i.NMI_Handler                            0x08000304   Section        0  stm32f10x_it.o(i.NMI_Handler)
    i.NVIC_Configuration                     0x08000306   Section        0  nvic.o(i.NVIC_Configuration)
    i.NVIC_Init                              0x08000368   Section        0  misc.o(i.NVIC_Init)
    i.NVIC_PriorityGroupConfig               0x080003cc   Section        0  misc.o(i.NVIC_PriorityGroupConfig)
    i.NVIC_SetVectorTable                    0x080003e0   Section        0  misc.o(i.NVIC_SetVectorTable)
    i.PendSV_Handler                         0x080003f4   Section        0  stm32f10x_it.o(i.PendSV_Handler)
    i.RCC_APB1PeriphClockCmd                 0x080003f8   Section        0  stm32f10x_rcc.o(i.RCC_APB1PeriphClockCmd)
    i.RCC_APB2PeriphClockCmd                 0x08000410   Section        0  stm32f10x_rcc.o(i.RCC_APB2PeriphClockCmd)
    i.RCC_GetClocksFreq                      0x08000428   Section        0  stm32f10x_rcc.o(i.RCC_GetClocksFreq)
    i.RS232_Send2_Data                       0x080004bc   Section        0  sci.o(i.RS232_Send2_Data)
    i.SVC_Handler                            0x080004dc   Section        0  stm32f10x_it.o(i.SVC_Handler)
    i.SetSysClockTo72                        0x080004e0   Section        0  system_stm32f10x.o(i.SetSysClockTo72)
    SetSysClockTo72                          0x080004e1   Thumb Code   160  system_stm32f10x.o(i.SetSysClockTo72)
    i.SysTick_Handler                        0x08000588   Section        0  stm32f10x_it.o(i.SysTick_Handler)
    i.SystemInit                             0x0800058c   Section        0  system_stm32f10x.o(i.SystemInit)
    i.USART1_Configuration                   0x080005dc   Section        0  sci.o(i.USART1_Configuration)
    i.USART1_IRQHandler                      0x08000620   Section        0  sci.o(i.USART1_IRQHandler)
    i.USART2_Configuration                   0x0800065c   Section        0  sci.o(i.USART2_Configuration)
    i.USART2_IRQHandler                      0x080006a0   Section        0  sci.o(i.USART2_IRQHandler)
    i.USART3_Configuration                   0x080006dc   Section        0  sci.o(i.USART3_Configuration)
    i.USART3_IRQHandler                      0x08000720   Section        0  sci.o(i.USART3_IRQHandler)
    i.USART_ClearFlag                        0x0800075c   Section        0  stm32f10x_usart.o(i.USART_ClearFlag)
    i.USART_Cmd                              0x08000762   Section        0  stm32f10x_usart.o(i.USART_Cmd)
    i.USART_GetFlagStatus                    0x08000776   Section        0  stm32f10x_usart.o(i.USART_GetFlagStatus)
    i.USART_GetITStatus                      0x08000784   Section        0  stm32f10x_usart.o(i.USART_GetITStatus)
    i.USART_ITConfig                         0x080007c2   Section        0  stm32f10x_usart.o(i.USART_ITConfig)
    i.USART_Init                             0x080007f4   Section        0  stm32f10x_usart.o(i.USART_Init)
    i.USART_ReceiveData                      0x080008a0   Section        0  stm32f10x_usart.o(i.USART_ReceiveData)
    i.USART_SendData                         0x080008a8   Section        0  stm32f10x_usart.o(i.USART_SendData)
    i.USART_printf                           0x080008b0   Section        0  sci.o(i.USART_printf)
    i.UsageFault_Handler                     0x0800095e   Section        0  stm32f10x_it.o(i.UsageFault_Handler)
    i.__scatterload_copy                     0x08000960   Section       14  handlers.o(i.__scatterload_copy)
    i.__scatterload_null                     0x0800096e   Section        2  handlers.o(i.__scatterload_null)
    i.__scatterload_zeroinit                 0x08000970   Section       14  handlers.o(i.__scatterload_zeroinit)
    i.delay_init                             0x08000980   Section        0  user_delay.o(i.delay_init)
    i.delay_ms                               0x080009ac   Section        0  user_delay.o(i.delay_ms)
    i.init                                   0x080009d4   Section        0  main.o(i.init)
    i.itoa                                   0x08000a1c   Section        0  sci.o(i.itoa)
    i.main                                   0x08000a7c   Section        0  main.o(i.main)
    .data                                    0x20000000   Section        1  main.o(.data)
    .data                                    0x20000001   Section        1  main.o(.data)
    .data                                    0x20000002   Section        1  main.o(.data)
    .data                                    0x20000003   Section        1  main.o(.data)
    .data                                    0x20000004   Section        8  main.o(.data)
    .data                                    0x2000000c   Section        4  user_delay.o(.data)
    fac_us                                   0x2000000c   Data           1  user_delay.o(.data)
    fac_ms                                   0x2000000e   Data           2  user_delay.o(.data)
    .data                                    0x20000010   Section       20  stm32f10x_rcc.o(.data)
    ADCPrescTable                            0x20000010   Data           4  stm32f10x_rcc.o(.data)
    APBAHBPrescTable                         0x20000014   Data          16  stm32f10x_rcc.o(.data)
    .bss                                     0x20000024   Section      100  main.o(.bss)
    .bss                                     0x20000088   Section      100  main.o(.bss)
    .bss                                     0x200000ec   Section      100  main.o(.bss)
    STACK                                    0x20000150   Section     1024  startup_stm32f10x_md.o(STACK)

    Global Symbols

    Symbol Name                              Value     Ov Type        Size  Object(Section)

    BuildAttributes$$THM_ISAv4$P$D$K$B$S$PE$A:L22UL41UL21$X:L11$S22US41US21$IEEE1$IW$USESV6$~STKCKD$USESV7$~SHL$OSPACE$ROPI$EBA8$MICROLIB$REQ8$PRES8$EABIv2 0x00000000   Number         0  anon$$obj.o ABSOLUTE
    __ARM_use_no_argv                        0x00000000   Number         0  main.o ABSOLUTE
    __cpp_initialize__aeabi_                  - Undefined Weak Reference
    __cxa_finalize                            - Undefined Weak Reference
    __decompress                              - Undefined Weak Reference
    _clock_init                               - Undefined Weak Reference
    _microlib_exit                            - Undefined Weak Reference
    __Vectors_Size                           0x000000ec   Number         0  startup_stm32f10x_md.o ABSOLUTE
    __Vectors                                0x08000000   Data           4  startup_stm32f10x_md.o(RESET)
    __Vectors_End                            0x080000ec   Data           0  startup_stm32f10x_md.o(RESET)
    __main                                   0x080000ed   Thumb Code     0  entry.o(.ARM.Collect$$$$00000000)
    _main_stk                                0x080000ed   Thumb Code     0  entry2.o(.ARM.Collect$$$$00000001)
    _main_scatterload                        0x080000f1   Thumb Code     0  entry5.o(.ARM.Collect$$$$00000004)
    __main_after_scatterload                 0x080000f5   Thumb Code     0  entry5.o(.ARM.Collect$$$$00000004)
    _main_clock                              0x080000f5   Thumb Code     0  entry7b.o(.ARM.Collect$$$$00000008)
    _main_cpp_init                           0x080000f5   Thumb Code     0  entry8b.o(.ARM.Collect$$$$0000000A)
    _main_init                               0x080000f5   Thumb Code     0  entry9a.o(.ARM.Collect$$$$0000000B)
    __rt_final_cpp                           0x080000fd   Thumb Code     0  entry10a.o(.ARM.Collect$$$$0000000D)
    __rt_final_exit                          0x080000fd   Thumb Code     0  entry11a.o(.ARM.Collect$$$$0000000F)
    Reset_Handler                            0x08000101   Thumb Code     8  startup_stm32f10x_md.o(.text)
    ADC1_2_IRQHandler                        0x0800011b   Thumb Code     0  startup_stm32f10x_md.o(.text)
    CAN1_RX1_IRQHandler                      0x0800011b   Thumb Code     0  startup_stm32f10x_md.o(.text)
    CAN1_SCE_IRQHandler                      0x0800011b   Thumb Code     0  startup_stm32f10x_md.o(.text)
    DMA1_Channel1_IRQHandler                 0x0800011b   Thumb Code     0  startup_stm32f10x_md.o(.text)
    DMA1_Channel2_IRQHandler                 0x0800011b   Thumb Code     0  startup_stm32f10x_md.o(.text)
    DMA1_Channel3_IRQHandler                 0x0800011b   Thumb Code     0  startup_stm32f10x_md.o(.text)
    DMA1_Channel4_IRQHandler                 0x0800011b   Thumb Code     0  startup_stm32f10x_md.o(.text)
    DMA1_Channel5_IRQHandler                 0x0800011b   Thumb Code     0  startup_stm32f10x_md.o(.text)
    DMA1_Channel6_IRQHandler                 0x0800011b   Thumb Code     0  startup_stm32f10x_md.o(.text)
    DMA1_Channel7_IRQHandler                 0x0800011b   Thumb Code     0  startup_stm32f10x_md.o(.text)
    EXTI0_IRQHandler                         0x0800011b   Thumb Code     0  startup_stm32f10x_md.o(.text)
    EXTI1_IRQHandler                         0x0800011b   Thumb Code     0  startup_stm32f10x_md.o(.text)
    EXTI2_IRQHandler                         0x0800011b   Thumb Code     0  startup_stm32f10x_md.o(.text)
    EXTI3_IRQHandler                         0x0800011b   Thumb Code     0  startup_stm32f10x_md.o(.text)
    EXTI4_IRQHandler                         0x0800011b   Thumb Code     0  startup_stm32f10x_md.o(.text)
    EXTI9_5_IRQHandler                       0x0800011b   Thumb Code     0  startup_stm32f10x_md.o(.text)
    FLASH_IRQHandler                         0x0800011b   Thumb Code     0  startup_stm32f10x_md.o(.text)
    I2C1_ER_IRQHandler                       0x0800011b   Thumb Code     0  startup_stm32f10x_md.o(.text)
    I2C1_EV_IRQHandler                       0x0800011b   Thumb Code     0  startup_stm32f10x_md.o(.text)
    I2C2_ER_IRQHandler                       0x0800011b   Thumb Code     0  startup_stm32f10x_md.o(.text)
    I2C2_EV_IRQHandler                       0x0800011b   Thumb Code     0  startup_stm32f10x_md.o(.text)
    PVD_IRQHandler                           0x0800011b   Thumb Code     0  startup_stm32f10x_md.o(.text)
    RCC_IRQHandler                           0x0800011b   Thumb Code     0  startup_stm32f10x_md.o(.text)
    RTCAlarm_IRQHandler                      0x0800011b   Thumb Code     0  startup_stm32f10x_md.o(.text)
    RTC_IRQHandler                           0x0800011b   Thumb Code     0  startup_stm32f10x_md.o(.text)
    SPI1_IRQHandler                          0x0800011b   Thumb Code     0  startup_stm32f10x_md.o(.text)
    SPI2_IRQHandler                          0x0800011b   Thumb Code     0  startup_stm32f10x_md.o(.text)
    TAMPER_IRQHandler                        0x0800011b   Thumb Code     0  startup_stm32f10x_md.o(.text)
    TIM1_BRK_IRQHandler                      0x0800011b   Thumb Code     0  startup_stm32f10x_md.o(.text)
    TIM1_CC_IRQHandler                       0x0800011b   Thumb Code     0  startup_stm32f10x_md.o(.text)
    TIM1_TRG_COM_IRQHandler                  0x0800011b   Thumb Code     0  startup_stm32f10x_md.o(.text)
    TIM1_UP_IRQHandler                       0x0800011b   Thumb Code     0  startup_stm32f10x_md.o(.text)
    TIM2_IRQHandler                          0x0800011b   Thumb Code     0  startup_stm32f10x_md.o(.text)
    TIM3_IRQHandler                          0x0800011b   Thumb Code     0  startup_stm32f10x_md.o(.text)
    TIM4_IRQHandler                          0x0800011b   Thumb Code     0  startup_stm32f10x_md.o(.text)
    USBWakeUp_IRQHandler                     0x0800011b   Thumb Code     0  startup_stm32f10x_md.o(.text)
    USB_HP_CAN1_TX_IRQHandler                0x0800011b   Thumb Code     0  startup_stm32f10x_md.o(.text)
    USB_LP_CAN1_RX0_IRQHandler               0x0800011b   Thumb Code     0  startup_stm32f10x_md.o(.text)
    WWDG_IRQHandler                          0x0800011b   Thumb Code     0  startup_stm32f10x_md.o(.text)
    __aeabi_memcpy                           0x08000125   Thumb Code    36  memcpya.o(.text)
    __aeabi_memcpy4                          0x08000125   Thumb Code     0  memcpya.o(.text)
    __aeabi_memcpy8                          0x08000125   Thumb Code     0  memcpya.o(.text)
    __scatterload                            0x08000149   Thumb Code    28  init.o(.text)
    __scatterload_rt2                        0x08000149   Thumb Code     0  init.o(.text)
    BusFault_Handler                         0x0800016d   Thumb Code     2  stm32f10x_it.o(i.BusFault_Handler)
    DebugMon_Handler                         0x0800016f   Thumb Code     2  stm32f10x_it.o(i.DebugMon_Handler)
    EXTI15_10_IRQHandler                     0x08000171   Thumb Code     2  stm32f10x_it.o(i.EXTI15_10_IRQHandler)
    GPIO_Configuration                       0x08000175   Thumb Code   230  gpio.o(i.GPIO_Configuration)
    GPIO_Init                                0x08000265   Thumb Code   156  stm32f10x_gpio.o(i.GPIO_Init)
    HardFault_Handler                        0x08000301   Thumb Code     2  stm32f10x_it.o(i.HardFault_Handler)
    MemManage_Handler                        0x08000303   Thumb Code     2  stm32f10x_it.o(i.MemManage_Handler)
    NMI_Handler                              0x08000305   Thumb Code     2  stm32f10x_it.o(i.NMI_Handler)
    NVIC_Configuration                       0x08000307   Thumb Code    98  nvic.o(i.NVIC_Configuration)
    NVIC_Init                                0x08000369   Thumb Code    94  misc.o(i.NVIC_Init)
    NVIC_PriorityGroupConfig                 0x080003cd   Thumb Code    10  misc.o(i.NVIC_PriorityGroupConfig)
    NVIC_SetVectorTable                      0x080003e1   Thumb Code    12  misc.o(i.NVIC_SetVectorTable)
    PendSV_Handler                           0x080003f5   Thumb Code     2  stm32f10x_it.o(i.PendSV_Handler)
    RCC_APB1PeriphClockCmd                   0x080003f9   Thumb Code    18  stm32f10x_rcc.o(i.RCC_APB1PeriphClockCmd)
    RCC_APB2PeriphClockCmd                   0x08000411   Thumb Code    18  stm32f10x_rcc.o(i.RCC_APB2PeriphClockCmd)
    RCC_GetClocksFreq                        0x08000429   Thumb Code   132  stm32f10x_rcc.o(i.RCC_GetClocksFreq)
    RS232_Send2_Data                         0x080004bd   Thumb Code    28  sci.o(i.RS232_Send2_Data)
    SVC_Handler                              0x080004dd   Thumb Code     2  stm32f10x_it.o(i.SVC_Handler)
    SysTick_Handler                          0x08000589   Thumb Code     2  stm32f10x_it.o(i.SysTick_Handler)
    SystemInit                               0x0800058d   Thumb Code    64  system_stm32f10x.o(i.SystemInit)
    USART1_Configuration                     0x080005dd   Thumb Code    64  sci.o(i.USART1_Configuration)
    USART1_IRQHandler                        0x08000621   Thumb Code    44  sci.o(i.USART1_IRQHandler)
    USART2_Configuration                     0x0800065d   Thumb Code    64  sci.o(i.USART2_Configuration)
    USART2_IRQHandler                        0x080006a1   Thumb Code    44  sci.o(i.USART2_IRQHandler)
    USART3_Configuration                     0x080006dd   Thumb Code    64  sci.o(i.USART3_Configuration)
    USART3_IRQHandler                        0x08000721   Thumb Code    44  sci.o(i.USART3_IRQHandler)
    USART_ClearFlag                          0x0800075d   Thumb Code     6  stm32f10x_usart.o(i.USART_ClearFlag)
    USART_Cmd                                0x08000763   Thumb Code    20  stm32f10x_usart.o(i.USART_Cmd)
    USART_GetFlagStatus                      0x08000777   Thumb Code    14  stm32f10x_usart.o(i.USART_GetFlagStatus)
    USART_GetITStatus                        0x08000785   Thumb Code    62  stm32f10x_usart.o(i.USART_GetITStatus)
    USART_ITConfig                           0x080007c3   Thumb Code    48  stm32f10x_usart.o(i.USART_ITConfig)
    USART_Init                               0x080007f5   Thumb Code   166  stm32f10x_usart.o(i.USART_Init)
    USART_ReceiveData                        0x080008a1   Thumb Code     8  stm32f10x_usart.o(i.USART_ReceiveData)
    USART_SendData                           0x080008a9   Thumb Code     8  stm32f10x_usart.o(i.USART_SendData)
    USART_printf                             0x080008b1   Thumb Code   174  sci.o(i.USART_printf)
    UsageFault_Handler                       0x0800095f   Thumb Code     2  stm32f10x_it.o(i.UsageFault_Handler)
    __scatterload_copy                       0x08000961   Thumb Code    14  handlers.o(i.__scatterload_copy)
    __scatterload_null                       0x0800096f   Thumb Code     2  handlers.o(i.__scatterload_null)
    __scatterload_zeroinit                   0x08000971   Thumb Code    14  handlers.o(i.__scatterload_zeroinit)
    delay_init                               0x08000981   Thumb Code    38  user_delay.o(i.delay_init)
    delay_ms                                 0x080009ad   Thumb Code    36  user_delay.o(i.delay_ms)
    init                                     0x080009d5   Thumb Code    60  main.o(i.init)
    itoa                                     0x08000a1d   Thumb Code    94  sci.o(i.itoa)
    main                                     0x08000a7d   Thumb Code   746  main.o(i.main)
    Region$$Table$$Base                      0x08000f88   Number         0  anon$$obj.o(Region$$Table)
    Region$$Table$$Limit                     0x08000fa8   Number         0  anon$$obj.o(Region$$Table)
    RS232_REC_Flag1                          0x20000000   Data           1  main.o(.data)
    RS232_REC_Count1                         0x20000001   Data           1  main.o(.data)
    RS232_REC_Flag2                          0x20000002   Data           1  main.o(.data)
    RS232_REC_Count2                         0x20000003   Data           1  main.o(.data)
    RS232_REC_Flag3                          0x20000004   Data           1  main.o(.data)
    RS232_REC_Count3                         0x20000005   Data           1  main.o(.data)
    turn                                     0x20000008   Data           4  main.o(.data)
    RS232_buff1                              0x20000024   Data         100  main.o(.bss)
    RS232_buff2                              0x20000088   Data         100  main.o(.bss)
    RS232_buff3                              0x200000ec   Data         100  main.o(.bss)
    __initial_sp                             0x20000550   Data           0  startup_stm32f10x_md.o(STACK)



==============================================================================

Memory Map of the image

  Image Entry point : 0x080000ed

  Load Region LR_IROM1 (Base: 0x08000000, Size: 0x00000fcc, Max: 0x00010000, ABSOLUTE)

    Execution Region ER_IROM1 (Base: 0x08000000, Size: 0x00000fa8, Max: 0x00010000, ABSOLUTE)

    Base Addr    Size         Type   Attr      Idx    E Section Name        Object

    0x08000000   0x000000ec   Data   RO         1180    RESET               startup_stm32f10x_md.o
    0x080000ec   0x00000000   Code   RO         1185  * .ARM.Collect$$$$00000000  mc_w.l(entry.o)
    0x080000ec   0x00000004   Code   RO         1198    .ARM.Collect$$$$00000001  mc_w.l(entry2.o)
    0x080000f0   0x00000004   Code   RO         1201    .ARM.Collect$$$$00000004  mc_w.l(entry5.o)
    0x080000f4   0x00000000   Code   RO         1203    .ARM.Collect$$$$00000008  mc_w.l(entry7b.o)
    0x080000f4   0x00000000   Code   RO         1205    .ARM.Collect$$$$0000000A  mc_w.l(entry8b.o)
    0x080000f4   0x00000008   Code   RO         1206    .ARM.Collect$$$$0000000B  mc_w.l(entry9a.o)
    0x080000fc   0x00000000   Code   RO         1208    .ARM.Collect$$$$0000000D  mc_w.l(entry10a.o)
    0x080000fc   0x00000000   Code   RO         1210    .ARM.Collect$$$$0000000F  mc_w.l(entry11a.o)
    0x080000fc   0x00000004   Code   RO         1199    .ARM.Collect$$$$00002712  mc_w.l(entry2.o)
    0x08000100   0x00000024   Code   RO         1181    .text               startup_stm32f10x_md.o
    0x08000124   0x00000024   Code   RO         1188    .text               mc_w.l(memcpya.o)
    0x08000148   0x00000024   Code   RO         1217    .text               mc_w.l(init.o)
    0x0800016c   0x00000002   Code   RO            1    i.BusFault_Handler  stm32f10x_it.o
    0x0800016e   0x00000002   Code   RO            2    i.DebugMon_Handler  stm32f10x_it.o
    0x08000170   0x00000002   Code   RO            4    i.EXTI15_10_IRQHandler  stm32f10x_it.o
    0x08000172   0x00000002   PAD
    0x08000174   0x000000f0   Code   RO          286    i.GPIO_Configuration  gpio.o
    0x08000264   0x0000009c   Code   RO          575    i.GPIO_Init         stm32f10x_gpio.o
    0x08000300   0x00000002   Code   RO            5    i.HardFault_Handler  stm32f10x_it.o
    0x08000302   0x00000002   Code   RO            6    i.MemManage_Handler  stm32f10x_it.o
    0x08000304   0x00000002   Code   RO            7    i.NMI_Handler       stm32f10x_it.o
    0x08000306   0x00000062   Code   RO          298    i.NVIC_Configuration  nvic.o
    0x08000368   0x00000064   Code   RO          883    i.NVIC_Init         misc.o
    0x080003cc   0x00000014   Code   RO          884    i.NVIC_PriorityGroupConfig  misc.o
    0x080003e0   0x00000014   Code   RO          885    i.NVIC_SetVectorTable  misc.o
    0x080003f4   0x00000002   Code   RO            8    i.PendSV_Handler    stm32f10x_it.o
    0x080003f6   0x00000002   PAD
    0x080003f8   0x00000018   Code   RO          685    i.RCC_APB1PeriphClockCmd  stm32f10x_rcc.o
    0x08000410   0x00000018   Code   RO          687    i.RCC_APB2PeriphClockCmd  stm32f10x_rcc.o
    0x08000428   0x00000094   Code   RO          695    i.RCC_GetClocksFreq  stm32f10x_rcc.o
    0x080004bc   0x00000020   Code   RO          201    i.RS232_Send2_Data  sci.o
    0x080004dc   0x00000002   Code   RO            9    i.SVC_Handler       stm32f10x_it.o
    0x080004de   0x00000002   PAD
    0x080004e0   0x000000a8   Code   RO         1141    i.SetSysClockTo72   system_stm32f10x.o
    0x08000588   0x00000002   Code   RO           10    i.SysTick_Handler   stm32f10x_it.o
    0x0800058a   0x00000002   PAD
    0x0800058c   0x00000050   Code   RO         1143    i.SystemInit        system_stm32f10x.o
    0x080005dc   0x00000044   Code   RO          203    i.USART1_Configuration  sci.o
    0x08000620   0x0000003c   Code   RO          204    i.USART1_IRQHandler  sci.o
    0x0800065c   0x00000044   Code   RO          205    i.USART2_Configuration  sci.o
    0x080006a0   0x0000003c   Code   RO          206    i.USART2_IRQHandler  sci.o
    0x080006dc   0x00000044   Code   RO          207    i.USART3_Configuration  sci.o
    0x08000720   0x0000003c   Code   RO          208    i.USART3_IRQHandler  sci.o
    0x0800075c   0x00000006   Code   RO          389    i.USART_ClearFlag   stm32f10x_usart.o
    0x08000762   0x00000014   Code   RO          393    i.USART_Cmd         stm32f10x_usart.o
    0x08000776   0x0000000e   Code   RO          396    i.USART_GetFlagStatus  stm32f10x_usart.o
    0x08000784   0x0000003e   Code   RO          397    i.USART_GetITStatus  stm32f10x_usart.o
    0x080007c2   0x00000030   Code   RO          399    i.USART_ITConfig    stm32f10x_usart.o
    0x080007f2   0x00000002   PAD
    0x080007f4   0x000000ac   Code   RO          400    i.USART_Init        stm32f10x_usart.o
    0x080008a0   0x00000008   Code   RO          407    i.USART_ReceiveData  stm32f10x_usart.o
    0x080008a8   0x00000008   Code   RO          410    i.USART_SendData    stm32f10x_usart.o
    0x080008b0   0x000000ae   Code   RO          209    i.USART_printf      sci.o
    0x0800095e   0x00000002   Code   RO           11    i.UsageFault_Handler  stm32f10x_it.o
    0x08000960   0x0000000e   Code   RO         1223    i.__scatterload_copy  mc_w.l(handlers.o)
    0x0800096e   0x00000002   Code   RO         1224    i.__scatterload_null  mc_w.l(handlers.o)
    0x08000970   0x0000000e   Code   RO         1225    i.__scatterload_zeroinit  mc_w.l(handlers.o)
    0x0800097e   0x00000002   PAD
    0x08000980   0x0000002c   Code   RO          310    i.delay_init        user_delay.o
    0x080009ac   0x00000028   Code   RO          311    i.delay_ms          user_delay.o
    0x080009d4   0x00000048   Code   RO          124    i.init              main.o
    0x08000a1c   0x0000005e   Code   RO          211    i.itoa              sci.o
    0x08000a7a   0x00000002   PAD
    0x08000a7c   0x0000050c   Code   RO          125    i.main              main.o
    0x08000f88   0x00000020   Data   RO         1221    Region$$Table       anon$$obj.o


    Execution Region RW_IRAM1 (Base: 0x20000000, Size: 0x00000550, Max: 0x00002800, ABSOLUTE)

    Base Addr    Size         Type   Attr      Idx    E Section Name        Object

    0x20000000   0x00000001   Data   RW          130    .data               main.o
    0x20000001   0x00000001   Data   RW          131    .data               main.o
    0x20000002   0x00000001   Data   RW          132    .data               main.o
    0x20000003   0x00000001   Data   RW          133    .data               main.o
    0x20000004   0x00000008   Data   RW          134    .data               main.o
    0x2000000c   0x00000004   Data   RW          313    .data               user_delay.o
    0x20000010   0x00000014   Data   RW          715    .data               stm32f10x_rcc.o
    0x20000024   0x00000064   Zero   RW          126    .bss                main.o
    0x20000088   0x00000064   Zero   RW          127    .bss                main.o
    0x200000ec   0x00000064   Zero   RW          128    .bss                main.o
    0x20000150   0x00000400   Zero   RW         1178    STACK               startup_stm32f10x_md.o


==============================================================================

Image component sizes


      Code (inc. data)   RO Data    RW Data    ZI Data      Debug   Object Name

         0          0          0          0          0         32   core_cm3.o
       240         10          0          0          0        661   gpio.o
      1364        582          0         12        300       4983   main.o
       140         24          0          0          0       2181   misc.o
        98          0          0          0          0        553   nvic.o
       684         64          0          0          0       6351   sci.o
        36          8        236          0       1024        900   startup_stm32f10x_md.o
       156          0          0          0          0       1916   stm32f10x_gpio.o
        20          0          0          0          0     235457   stm32f10x_it.o
       196         28          0         20          0       4646   stm32f10x_rcc.o
       338          6          0          0          0       6723   stm32f10x_usart.o
       248         24          0          0          0       1709   system_stm32f10x.o
        84         10          0          4          0       1144   user_delay.o

    ----------------------------------------------------------------------
      3616        756        268         36       1324     267256   Object Totals
         0          0         32          0          0          0   (incl. Generated)
        12          0          0          0          0          0   (incl. Padding)

    ----------------------------------------------------------------------

      Code (inc. data)   RO Data    RW Data    ZI Data      Debug   Library Member Name

         0          0          0          0          0          0   entry.o
         0          0          0          0          0          0   entry10a.o
         0          0          0          0          0          0   entry11a.o
         8          4          0          0          0          0   entry2.o
         4          0          0          0          0          0   entry5.o
         0          0          0          0          0          0   entry7b.o
         0          0          0          0          0          0   entry8b.o
         8          4          0          0          0          0   entry9a.o
        30          0          0          0          0          0   handlers.o
        36          8          0          0          0         68   init.o
        36          0          0          0          0         68   memcpya.o

    ----------------------------------------------------------------------
       124         16          0          0          0        136   Library Totals
         2          0          0          0          0          0   (incl. Padding)

    ----------------------------------------------------------------------

      Code (inc. data)   RO Data    RW Data    ZI Data      Debug   Library Name

       122         16          0          0          0        136   mc_w.l

    ----------------------------------------------------------------------
       124         16          0          0          0        136   Library Totals

    ----------------------------------------------------------------------

==============================================================================


      Code (inc. data)   RO Data    RW Data    ZI Data      Debug   

      3740        772        268         36       1324     265620   Grand Totals
      3740        772        268         36       1324     265620   ELF Image Totals
      3740        772        268         36          0          0   ROM Totals

==============================================================================

    Total RO  Size (Code + RO Data)                 4008 (   3.91kB)
    Total RW  Size (RW Data + ZI Data)              1360 (   1.33kB)
    Total ROM Size (Code + RO Data + RW Data)       4044 (   3.95kB)

==============================================================================

