Product: MDK-ARM Professional 5.10
Component: ARM Compiler 5.04 update 1 (build 49)
Tool: armlink [5040049]

==============================================================================

Section Cross References

    main.o(i.chage_char) refers to lcd.o(i.LCD_ShowString) for LCD_ShowString
    main.o(i.init) refers to system_stm32f10x.o(i.SystemInit) for SystemInit
    main.o(i.init) refers to user_delay.o(i.delay_init) for delay_init
    main.o(i.init) refers to nvic.o(i.NVIC_Configuration) for NVIC_Configuration
    main.o(i.init) refers to gpio.o(i.GPIO_Configuration) for GPIO_Configuration
    main.o(i.init) refers to sci.o(i.USART1_Configuration) for USART1_Configuration
    main.o(i.init) refers to stm32f10x_usart.o(i.USART_ClearFlag) for USART_ClearFlag
    main.o(i.init) refers to sci.o(i.USART2_Configuration) for USART2_Configuration
    main.o(i.init) refers to sci.o(i.USART3_Configuration) for USART3_Configuration
    main.o(i.main) refers to main.o(i.init) for init
    main.o(i.main) refers to lcd.o(i.LCD_Init) for LCD_Init
    main.o(i.main) refers to atmosphere.o(i.SPI1_Init) for SPI1_Init
    main.o(i.main) refers to atmosphere.o(i.SPI1_SetSpeed) for SPI1_SetSpeed
    main.o(i.main) refers to atmosphere.o(i.MS5611_RESET) for MS5611_RESET
    main.o(i.main) refers to atmosphere.o(i.MS5611_PROM_READ) for MS5611_PROM_READ
    main.o(i.main) refers to lcd.o(i.LCD_ShowString) for LCD_ShowString
    main.o(i.main) refers to atmosphere.o(i.MS5611_getTemperature) for MS5611_getTemperature
    main.o(i.main) refers to fadd.o(.text) for __aeabi_fadd
    main.o(i.main) refers to atmosphere.o(i.MS5611_getPressure) for MS5611_getPressure
    main.o(i.main) refers to atmosphere.o(i.get_altitude) for get_altitude
    main.o(i.main) refers to fdiv.o(.text) for __aeabi_fdiv
    main.o(i.main) refers to ffixi.o(.text) for __aeabi_f2iz
    main.o(i.main) refers to sci.o(i.itoa) for itoa
    main.o(i.main) refers to sci.o(i.USART_printf) for USART_printf
    main.o(i.main) refers to ffixui.o(.text) for __aeabi_f2uiz
    main.o(i.main) refers to lcd.o(i.LCD_ShowxNum) for LCD_ShowxNum
    main.o(i.main) refers to main.o(i.chage_char) for chage_char
    main.o(i.main) refers to lcd.o(.data) for POINT_COLOR
    sci.o(i.USART1_Configuration) refers to stm32f10x_usart.o(i.USART_Init) for USART_Init
    sci.o(i.USART1_Configuration) refers to stm32f10x_usart.o(i.USART_ITConfig) for USART_ITConfig
    sci.o(i.USART1_Configuration) refers to stm32f10x_usart.o(i.USART_Cmd) for USART_Cmd
    sci.o(i.USART1_IRQHandler) refers to stm32f10x_usart.o(i.USART_GetITStatus) for USART_GetITStatus
    sci.o(i.USART1_IRQHandler) refers to stm32f10x_usart.o(i.USART_ReceiveData) for USART_ReceiveData
    sci.o(i.USART1_IRQHandler) refers to sci.o(.data) for RS232_REC_Count1
    sci.o(i.USART1_IRQHandler) refers to sci.o(.bss) for RS232_buff1
    sci.o(i.USART2_Configuration) refers to stm32f10x_usart.o(i.USART_Init) for USART_Init
    sci.o(i.USART2_Configuration) refers to stm32f10x_usart.o(i.USART_ITConfig) for USART_ITConfig
    sci.o(i.USART2_Configuration) refers to stm32f10x_usart.o(i.USART_Cmd) for USART_Cmd
    sci.o(i.USART2_IRQHandler) refers to stm32f10x_usart.o(i.USART_GetITStatus) for USART_GetITStatus
    sci.o(i.USART2_IRQHandler) refers to stm32f10x_usart.o(i.USART_ReceiveData) for USART_ReceiveData
    sci.o(i.USART2_IRQHandler) refers to sci.o(.data) for RS232_REC_Count2
    sci.o(i.USART2_IRQHandler) refers to sci.o(.bss) for RS232_buff2
    sci.o(i.USART3_Configuration) refers to stm32f10x_usart.o(i.USART_Init) for USART_Init
    sci.o(i.USART3_Configuration) refers to stm32f10x_usart.o(i.USART_ITConfig) for USART_ITConfig
    sci.o(i.USART3_Configuration) refers to stm32f10x_usart.o(i.USART_Cmd) for USART_Cmd
    sci.o(i.USART3_IRQHandler) refers to stm32f10x_usart.o(i.USART_GetITStatus) for USART_GetITStatus
    sci.o(i.USART3_IRQHandler) refers to stm32f10x_usart.o(i.USART_ReceiveData) for USART_ReceiveData
    sci.o(i.USART3_IRQHandler) refers to sci.o(.data) for RS232_REC_Count3
    sci.o(i.USART3_IRQHandler) refers to sci.o(.bss) for RS232_buff3
    sci.o(i.USART_printf) refers to stm32f10x_usart.o(i.USART_SendData) for USART_SendData
    sci.o(i.USART_printf) refers to stm32f10x_usart.o(i.USART_GetFlagStatus) for USART_GetFlagStatus
    sci.o(i.USART_printf) refers to sci.o(i.itoa) for itoa
    sci.o(i.fputc) refers to stm32f10x_usart.o(i.USART_SendData) for USART_SendData
    gpio.o(i.GPIO_Configuration) refers to stm32f10x_rcc.o(i.RCC_APB2PeriphClockCmd) for RCC_APB2PeriphClockCmd
    gpio.o(i.GPIO_Configuration) refers to stm32f10x_rcc.o(i.RCC_APB1PeriphClockCmd) for RCC_APB1PeriphClockCmd
    gpio.o(i.GPIO_Configuration) refers to stm32f10x_gpio.o(i.GPIO_Init) for GPIO_Init
    nvic.o(i.NVIC_Configuration) refers to misc.o(i.NVIC_SetVectorTable) for NVIC_SetVectorTable
    nvic.o(i.NVIC_Configuration) refers to misc.o(i.NVIC_PriorityGroupConfig) for NVIC_PriorityGroupConfig
[...]
    atmosphere.o(i.MS5611_RESET) refers to stm32f10x_gpio.o(i.GPIO_SetBits) for GPIO_SetBits
    atmosphere.o(i.MS5611_SPI_read_ADC) refers to stm32f10x_gpio.o(i.GPIO_ResetBits) for GPIO_ResetBits
    atmosphere.o(i.MS5611_SPI_read_ADC) refers to atmosphere.o(i.SPI1_ReadWriteByte) for SPI1_ReadWriteByte
    atmosphere.o(i.MS5611_SPI_read_ADC) refers to stm32f10x_gpio.o(i.GPIO_SetBits) for GPIO_SetBits
    atmosphere.o(i.MS5611_getPressure) refers to stm32f10x_gpio.o(i.GPIO_ResetBits) for GPIO_ResetBits
    atmosphere.o(i.MS5611_getPressure) refers to atmosphere.o(i.SPI1_ReadWriteByte) for SPI1_ReadWriteByte
    atmosphere.o(i.MS5611_getPressure) refers to stm32f10x_gpio.o(i.GPIO_SetBits) for GPIO_SetBits
    atmosphere.o(i.MS5611_getPressure) refers to user_delay.o(i.delay_ms) for delay_ms
    atmosphere.o(i.MS5611_getPressure) refers to atmosphere.o(i.MS5611_SPI_read_ADC) for MS5611_SPI_read_ADC
    atmosphere.o(i.MS5611_getPressure) refers to ffltui.o(.text) for __aeabi_ui2f
    atmosphere.o(i.MS5611_getPressure) refers to fmul.o(.text) for __aeabi_fmul
    atmosphere.o(i.MS5611_getPressure) refers to fdiv.o(.text) for __aeabi_fdiv
    atmosphere.o(i.MS5611_getPressure) refers to f2d.o(.text) for __aeabi_f2d
    atmosphere.o(i.MS5611_getPressure) refers to pow.o(i.pow) for pow
    atmosphere.o(i.MS5611_getPressure) refers to dfltui.o(.text) for __aeabi_ui2d
    atmosphere.o(i.MS5611_getPressure) refers to dmul.o(.text) for __aeabi_dmul
    atmosphere.o(i.MS5611_getPressure) refers to dadd.o(.text) for __aeabi_dadd
    atmosphere.o(i.MS5611_getPressure) refers to cfcmple.o(.text) for __aeabi_cfcmple
    atmosphere.o(i.MS5611_getPressure) refers to d2f.o(.text) for __aeabi_d2f
    atmosphere.o(i.MS5611_getPressure) refers to fadd.o(.text) for __aeabi_fsub
    atmosphere.o(i.MS5611_getPressure) refers to ddiv.o(.text) for __aeabi_ddiv
    atmosphere.o(i.MS5611_getPressure) refers to atmosphere.o(.data) for D1_Pres
    atmosphere.o(i.MS5611_getTemperature) refers to stm32f10x_gpio.o(i.GPIO_ResetBits) for GPIO_ResetBits
    atmosphere.o(i.MS5611_getTemperature) refers to atmosphere.o(i.SPI1_ReadWriteByte) for SPI1_ReadWriteByte
    atmosphere.o(i.MS5611_getTemperature) refers to stm32f10x_gpio.o(i.GPIO_SetBits) for GPIO_SetBits
    atmosphere.o(i.MS5611_getTemperature) refers to user_delay.o(i.delay_ms) for delay_ms
    atmosphere.o(i.MS5611_getTemperature) refers to atmosphere.o(i.MS5611_SPI_read_ADC) for MS5611_SPI_read_ADC
    atmosphere.o(i.MS5611_getTemperature) refers to ffltui.o(.text) for __aeabi_ui2f
    atmosphere.o(i.MS5611_getTemperature) refers to fmul.o(.text) for __aeabi_fmul
    atmosphere.o(i.MS5611_getTemperature) refers to fadd.o(.text) for __aeabi_fsub
    atmosphere.o(i.MS5611_getTemperature) refers to fdiv.o(.text) for __aeabi_fdiv
    atmosphere.o(i.MS5611_getTemperature) refers to atmosphere.o(.data) for D2_Temp
    atmosphere.o(i.SPI1_Init) refers to stm32f10x_rcc.o(i.RCC_APB2PeriphClockCmd) for RCC_APB2PeriphClockCmd
    atmosphere.o(i.SPI1_Init) refers to stm32f10x_gpio.o(i.GPIO_Init) for GPIO_Init
    atmosphere.o(i.SPI1_Init) refers to stm32f10x_rcc.o(i.RCC_APB2PeriphResetCmd) for RCC_APB2PeriphResetCmd
    atmosphere.o(i.SPI1_Init) refers to stm32f10x_spi.o(i.SPI_Init) for SPI_Init
    atmosphere.o(i.SPI1_Init) refers to stm32f10x_spi.o(i.SPI_Cmd) for SPI_Cmd
    atmosphere.o(i.SPI1_Init) refers to atmosphere.o(i.SPI1_ReadWriteByte) for SPI1_ReadWriteByte
    atmosphere.o(i.SPI1_ReadWriteByte) refers to stm32f10x_spi.o(i.SPI_I2S_GetFlagStatus) for SPI_I2S_GetFlagStatus
    atmosphere.o(i.SPI1_ReadWriteByte) refers to stm32f10x_spi.o(i.SPI_I2S_SendData) for SPI_I2S_SendData
    atmosphere.o(i.SPI1_ReadWriteByte) refers to stm32f10x_spi.o(i.SPI_I2S_ReceiveData) for SPI_I2S_ReceiveData
    atmosphere.o(i.SPI1_ReadWrite_16bits) refers to stm32f10x_gpio.o(i.GPIO_ResetBits) for GPIO_ResetBits
    atmosphere.o(i.SPI1_ReadWrite_16bits) refers to atmosphere.o(i.SPI1_ReadWriteByte) for SPI1_ReadWriteByte
    atmosphere.o(i.SPI1_ReadWrite_16bits) refers to stm32f10x_gpio.o(i.GPIO_SetBits) for GPIO_SetBits
    atmosphere.o(i.SPI1_SetSpeed) refers to stm32f10x_spi.o(i.SPI_Cmd) for SPI_Cmd
    atmosphere.o(i.get_altitude) refers to f2d.o(.text) for __aeabi_f2d
    atmosphere.o(i.get_altitude) refers to ddiv.o(.text) for __aeabi_ddiv
    atmosphere.o(i.get_altitude) refers to d2f.o(.text) for __aeabi_d2f
    atmosphere.o(i.get_altitude) refers to pow.o(i.pow) for pow
    atmosphere.o(i.get_altitude) refers to dadd.o(.text) for __aeabi_drsub
    atmosphere.o(i.get_altitude) refers to dmul.o(.text) for __aeabi_dmul
    atmosphere.o(i.get_altitude) refers to atmosphere.o(.data) for Pressure
    lcd.o(i.LCD_Clear) refers to lcd.o(i.LCD_SetCursor) for LCD_SetCursor
    lcd.o(i.LCD_Clear) refers to lcd.o(i.LCD_WriteRAM_Prepare) for LCD_WriteRAM_Prepare
    lcd.o(i.LCD_Clear) refers to lcd.o(.bss) for lcddev
    lcd.o(i.LCD_Color_Fill) refers to lcd.o(i.LCD_SetCursor) for LCD_SetCursor
    lcd.o(i.LCD_Color_Fill) refers to lcd.o(i.LCD_WriteRAM_Prepare) for LCD_WriteRAM_Prepare
    lcd.o(i.LCD_DisplayOff) refers to lcd.o(i.LCD_WR_REG) for LCD_WR_REG
    lcd.o(i.LCD_DisplayOff) refers to lcd.o(i.LCD_WriteReg) for LCD_WriteReg
    lcd.o(i.LCD_DisplayOff) refers to lcd.o(.bss) for lcddev
    lcd.o(i.LCD_DisplayOn) refers to lcd.o(i.LCD_WR_REG) for LCD_WR_REG
    lcd.o(i.LCD_DisplayOn) refers to lcd.o(i.LCD_WriteReg) for LCD_WriteReg
    lcd.o(i.LCD_DisplayOn) refers to lcd.o(.bss) for lcddev
    lcd.o(i.LCD_Display_Dir) refers to lcd.o(i.LCD_Scan_Dir) for LCD_Scan_Dir
    lcd.o(i.LCD_Display_Dir) refers to lcd.o(.bss) for lcddev
    lcd.o(i.LCD_DrawLine) refers to lcd.o(i.LCD_DrawPoint) for LCD_DrawPoint
    lcd.o(i.LCD_DrawPoint) refers to lcd.o(i.LCD_SetCursor) for LCD_SetCursor
    lcd.o(i.LCD_DrawPoint) refers to lcd.o(i.LCD_WriteRAM_Prepare) for LCD_WriteRAM_Prepare
    lcd.o(i.LCD_DrawPoint) refers to lcd.o(.data) for POINT_COLOR
    lcd.o(i.LCD_DrawRectangle) refers to lcd.o(i.LCD_DrawLine) for LCD_DrawLine
    lcd.o(i.LCD_Draw_Circle) refers to lcd.o(i.LCD_DrawPoint) for LCD_DrawPoint
    lcd.o(i.LCD_Fast_DrawPoint) refers to lcd.o(i.LCD_WR_REG) for LCD_WR_REG
    lcd.o(i.LCD_Fast_DrawPoint) refers to lcd.o(i.LCD_WriteReg) for LCD_WriteReg
    lcd.o(i.LCD_Fast_DrawPoint) refers to lcd.o(.bss) for lcddev
    lcd.o(i.LCD_Fill) refers to lcd.o(i.LCD_SetCursor) for LCD_SetCursor
    lcd.o(i.LCD_Fill) refers to lcd.o(i.LCD_WriteRAM_Prepare) for LCD_WriteRAM_Prepare
    lcd.o(i.LCD_Fill) refers to lcd.o(.bss) for lcddev
    lcd.o(i.LCD_Init) refers to stm32f10x_rcc.o(i.RCC_APB2PeriphClockCmd) for RCC_APB2PeriphClockCmd
    lcd.o(i.LCD_Init) refers to stm32f10x_gpio.o(i.GPIO_PinRemapConfig) for GPIO_PinRemapConfig
    lcd.o(i.LCD_Init) refers to stm32f10x_gpio.o(i.GPIO_Init) for GPIO_Init
    lcd.o(i.LCD_Init) refers to stm32f10x_gpio.o(i.GPIO_SetBits) for GPIO_SetBits
    lcd.o(i.LCD_Init) refers to user_delay.o(i.delay_ms) for delay_ms
    lcd.o(i.LCD_Init) refers to lcd.o(i.LCD_WriteReg) for LCD_WriteReg
    lcd.o(i.LCD_Init) refers to lcd.o(i.LCD_ReadReg) for LCD_ReadReg
    lcd.o(i.LCD_Init) refers to lcd.o(i.LCD_WR_REG) for LCD_WR_REG
    lcd.o(i.LCD_Init) refers to lcd.o(i.LCD_RD_DATA) for LCD_RD_DATA
    lcd.o(i.LCD_Init) refers to lcd.o(i.LCD_WR_DATAX) for LCD_WR_DATAX
    lcd.o(i.LCD_Init) refers to lcd.o(.bss) for lcddev
    lcd.o(i.LCD_Init) refers to user_delay.o(i.delay_us) for delay_us
    lcd.o(i.LCD_Init) refers to lcd.o(i.LCD_SSD_BackLightSet) for LCD_SSD_BackLightSet
    lcd.o(i.LCD_Init) refers to lcd.o(i.LCD_Display_Dir) for LCD_Display_Dir
    lcd.o(i.LCD_Init) refers to lcd.o(i.LCD_Clear) for LCD_Clear
    lcd.o(i.LCD_RD_DATA) refers to user_delay.o(i.delay_us) for delay_us
    lcd.o(i.LCD_RD_DATA) refers to lcd.o(.bss) for lcddev
    lcd.o(i.LCD_ReadPoint) refers to lcd.o(i.LCD_SetCursor) for LCD_SetCursor
    lcd.o(i.LCD_ReadPoint) refers to lcd.o(i.LCD_WR_REG) for LCD_WR_REG
    lcd.o(i.LCD_ReadPoint) refers to lcd.o(i.opt_delay) for opt_delay
    lcd.o(i.LCD_ReadPoint) refers to lcd.o(i.LCD_BGR2RGB) for LCD_BGR2RGB
    lcd.o(i.LCD_ReadPoint) refers to lcd.o(.bss) for lcddev
    lcd.o(i.LCD_ReadReg) refers to lcd.o(i.LCD_WR_REG) for LCD_WR_REG
    lcd.o(i.LCD_ReadReg) refers to lcd.o(i.LCD_RD_DATA) for LCD_RD_DATA
    lcd.o(i.LCD_SSD_BackLightSet) refers to lcd.o(i.LCD_WR_REG) for LCD_WR_REG
    lcd.o(i.LCD_SSD_BackLightSet) refers to dfltui.o(.text) for __aeabi_ui2d
    lcd.o(i.LCD_SSD_BackLightSet) refers to dmul.o(.text) for __aeabi_dmul
    lcd.o(i.LCD_SSD_BackLightSet) refers to dfixui.o(.text) for __aeabi_d2uiz
    lcd.o(i.LCD_Scan_Dir) refers to lcd.o(i.LCD_WriteReg) for LCD_WriteReg
    lcd.o(i.LCD_Scan_Dir) refers to lcd.o(i.LCD_WR_REG) for LCD_WR_REG
    lcd.o(i.LCD_Scan_Dir) refers to lcd.o(.bss) for lcddev
    lcd.o(i.LCD_SetCursor) refers to lcd.o(i.LCD_WR_REG) for LCD_WR_REG
    lcd.o(i.LCD_SetCursor) refers to lcd.o(i.LCD_WriteReg) for LCD_WriteReg
    lcd.o(i.LCD_SetCursor) refers to lcd.o(.bss) for lcddev
    lcd.o(i.LCD_Set_Window) refers to lcd.o(i.LCD_WR_REG) for LCD_WR_REG
    lcd.o(i.LCD_Set_Window) refers to lcd.o(i.LCD_WriteReg) for LCD_WriteReg
    lcd.o(i.LCD_Set_Window) refers to lcd.o(.bss) for lcddev
    lcd.o(i.LCD_Set_Window) refers to lcd.o(i.LCD_SetCursor) for LCD_SetCursor
    lcd.o(i.LCD_ShowChar) refers to lcd.o(i.LCD_Fast_DrawPoint) for LCD_Fast_DrawPoint
    lcd.o(i.LCD_ShowChar) refers to lcd.o(.constdata) for asc2_1206
    lcd.o(i.LCD_ShowChar) refers to lcd.o(.data) for POINT_COLOR
    lcd.o(i.LCD_ShowChar) refers to lcd.o(.bss) for lcddev
    lcd.o(i.LCD_ShowNum) refers to lcd.o(i.LCD_Pow) for LCD_Pow
    lcd.o(i.LCD_ShowNum) refers to lcd.o(i.LCD_ShowChar) for LCD_ShowChar
    lcd.o(i.LCD_ShowString) refers to lcd.o(i.LCD_ShowChar) for LCD_ShowChar
    lcd.o(i.LCD_ShowxNum) refers to lcd.o(i.LCD_Pow) for LCD_Pow
    lcd.o(i.LCD_ShowxNum) refers to lcd.o(i.LCD_ShowChar) for LCD_ShowChar
    lcd.o(i.LCD_WriteRAM_Prepare) refers to lcd.o(i.LCD_WR_REG) for LCD_WR_REG
    lcd.o(i.LCD_WriteRAM_Prepare) refers to lcd.o(.bss) for lcddev
    lcd.o(i.LCD_WriteReg) refers to lcd.o(i.LCD_WR_REG) for LCD_WR_REG
    stm32f10x_usart.o(i.USART_DeInit) refers to stm32f10x_rcc.o(i.RCC_APB2PeriphResetCmd) for RCC_APB2PeriphResetCmd
    stm32f10x_usart.o(i.USART_DeInit) refers to stm32f10x_rcc.o(i.RCC_APB1PeriphResetCmd) for RCC_APB1PeriphResetCmd
    stm32f10x_usart.o(i.USART_Init) refers to stm32f10x_rcc.o(i.RCC_GetClocksFreq) for RCC_GetClocksFreq
    stm32f10x_gpio.o(i.GPIO_AFIODeInit) refers to stm32f10x_rcc.o(i.RCC_APB2PeriphResetCmd) for RCC_APB2PeriphResetCmd
    stm32f10x_gpio.o(i.GPIO_DeInit) refers to stm32f10x_rcc.o(i.RCC_APB2PeriphResetCmd) for RCC_APB2PeriphResetCmd
    stm32f10x_rcc.o(i.RCC_GetClocksFreq) refers to stm32f10x_rcc.o(.data) for APBAHBPrescTable
    stm32f10x_rcc.o(i.RCC_WaitForHSEStartUp) refers to stm32f10x_rcc.o(i.RCC_GetFlagStatus) for RCC_GetFlagStatus
    stm32f10x_adc.o(i.ADC_DeInit) refers to stm32f10x_rcc.o(i.RCC_APB2PeriphResetCmd) for RCC_APB2PeriphResetCmd
    stm32f10x_spi.o(i.I2S_Init) refers to stm32f10x_rcc.o(i.RCC_GetClocksFreq) for RCC_GetClocksFreq
    stm32f10x_spi.o(i.SPI_I2S_DeInit) refers to stm32f10x_rcc.o(i.RCC_APB2PeriphResetCmd) for RCC_APB2PeriphResetCmd
    stm32f10x_spi.o(i.SPI_I2S_DeInit) refers to stm32f10x_rcc.o(i.RCC_APB1PeriphResetCmd) for RCC_APB1PeriphResetCmd
    system_stm32f10x.o(i.SetSysClock) refers to system_stm32f10x.o(i.SetSysClockTo72) for SetSysClockTo72
    system_stm32f10x.o(i.SystemCoreClockUpdate) refers to system_stm32f10x.o(.data) for SystemCoreClock
    system_stm32f10x.o(i.SystemInit) refers to system_stm32f10x.o(i.SetSysClock) for SetSysClock
    startup_stm32f10x_md.o(RESET) refers to startup_stm32f10x_md.o(STACK) for __initial_sp
    startup_stm32f10x_md.o(RESET) refers to startup_stm32f10x_md.o(.text) for Reset_Handler
    startup_stm32f10x_md.o(RESET) refers to stm32f10x_it.o(i.NMI_Handler) for NMI_Handler
    startup_stm32f10x_md.o(RESET) refers to stm32f10x_it.o(i.HardFault_Handler) for HardFault_Handler
    startup_stm32f10x_md.o(RESET) refers to stm32f10x_it.o(i.MemManage_Handler) for MemManage_Handler
    startup_stm32f10x_md.o(RESET) refers to stm32f10x_it.o(i.BusFault_Handler) for BusFault_Handler
    startup_stm32f10x_md.o(RESET) refers to stm32f10x_it.o(i.UsageFault_Handler) for UsageFault_Handler
    startup_stm32f10x_md.o(RESET) refers to stm32f10x_it.o(i.SVC_Handler) for SVC_Handler
    startup_stm32f10x_md.o(RESET) refers to stm32f10x_it.o(i.DebugMon_Handler) for DebugMon_Handler
    startup_stm32f10x_md.o(RESET) refers to stm32f10x_it.o(i.PendSV_Handler) for PendSV_Handler
    startup_stm32f10x_md.o(RESET) refers to stm32f10x_it.o(i.SysTick_Handler) for SysTick_Handler
    startup_stm32f10x_md.o(RESET) refers to sci.o(i.USART1_IRQHandler) for USART1_IRQHandler
    startup_stm32f10x_md.o(RESET) refers to sci.o(i.USART2_IRQHandler) for USART2_IRQHandler
    startup_stm32f10x_md.o(RESET) refers to sci.o(i.USART3_IRQHandler) for USART3_IRQHandler
    startup_stm32f10x_md.o(RESET) refers to stm32f10x_it.o(i.EXTI15_10_IRQHandler) for EXTI15_10_IRQHandler
    startup_stm32f10x_md.o(.text) refers to system_stm32f10x.o(i.SystemInit) for SystemInit
    startup_stm32f10x_md.o(.text) refers to entry.o(.ARM.Collect$$$$00000000) for __main
    pow.o(i.__softfp_pow) refers (Special) to iusefp.o(.text) for __I$use$fp
    pow.o(i.__softfp_pow) refers to pow.o(i.pow) for pow
    pow.o(i.pow) refers (Special) to iusefp.o(.text) for __I$use$fp
    pow.o(i.pow) refers to dadd.o(.text) for __aeabi_dadd
    pow.o(i.pow) refers to errno.o(i.__set_errno) for __set_errno
    pow.o(i.pow) refers to ddiv.o(.text) for __aeabi_ddiv
    pow.o(i.pow) refers to sqrt.o(i.sqrt) for sqrt
    pow.o(i.pow) refers to dmul.o(.text) for __aeabi_dmul
    pow.o(i.pow) refers to dscalb.o(.text) for __ARM_scalbn
    pow.o(i.pow) refers to dunder.o(i.__mathlib_dbl_underflow) for __mathlib_dbl_underflow
    pow.o(i.pow) refers to qnan.o(.constdata) for __mathlib_zero
    pow.o(i.pow) refers to poly.o(i.__kernel_poly) for __kernel_poly
    pow.o(i.pow) refers to dflti.o(.text) for __aeabi_i2d
    pow.o(i.pow) refers to cdrcmple.o(.text) for __aeabi_cdrcmple
    pow.o(i.pow) refers to pow.o(.constdata) for .constdata
    pow.o(i.pow) refers to fpclassify.o(i.__ARM_fpclassify) for __ARM_fpclassify
    pow.o(.constdata) refers (Special) to iusefp.o(.text) for __I$use$fp
    pow_x.o(i.____softfp_pow$lsc) refers (Special) to iusefp.o(.text) for __I$use$fp
    pow_x.o(i.____softfp_pow$lsc) refers to pow_x.o(i.__pow$lsc) for __pow$lsc
    pow_x.o(i.__pow$lsc) refers (Special) to iusefp.o(.text) for __I$use$fp
    pow_x.o(i.__pow$lsc) refers to dadd.o(.text) for __aeabi_dadd
    pow_x.o(i.__pow$lsc) refers to errno.o(i.__set_errno) for __set_errno
    pow_x.o(i.__pow$lsc) refers to ddiv.o(.text) for __aeabi_ddiv
    pow_x.o(i.__pow$lsc) refers to sqrt.o(i.sqrt) for sqrt
    pow_x.o(i.__pow$lsc) refers to dmul.o(.text) for __aeabi_dmul
    pow_x.o(i.__pow$lsc) refers to dflti.o(.text) for __aeabi_i2d
    pow_x.o(i.__pow$lsc) refers to dscalb.o(.text) for __ARM_scalbn
    pow_x.o(i.__pow$lsc) refers to qnan.o(.constdata) for __mathlib_zero
    pow_x.o(i.__pow$lsc) refers to pow_x.o(.constdata) for .constdata
    pow_x.o(i.__pow$lsc) refers to poly.o(i.__kernel_poly) for __kernel_poly
    pow_x.o(i.__pow$lsc) refers to cdrcmple.o(.text) for __aeabi_cdrcmple
    pow_x.o(.constdata) refers (Special) to iusefp.o(.text) for __I$use$fp
    entry.o(.ARM.Collect$$$$00000000) refers (Special) to entry10a.o(.ARM.Collect$$$$0000000D) for __rt_final_cpp
    entry.o(.ARM.Collect$$$$00000000) refers (Special) to entry11a.o(.ARM.Collect$$$$0000000F) for __rt_final_exit
    entry.o(.ARM.Collect$$$$00000000) refers (Special) to entry7b.o(.ARM.Collect$$$$00000008) for _main_clock
    entry.o(.ARM.Collect$$$$00000000) refers (Special) to entry8b.o(.ARM.Collect$$$$0000000A) for _main_cpp_init
    entry.o(.ARM.Collect$$$$00000000) refers (Special) to entry9a.o(.ARM.Collect$$$$0000000B) for _main_init
    entry.o(.ARM.Collect$$$$00000000) refers (Special) to entry5.o(.ARM.Collect$$$$00000004) for _main_scatterload
    entry.o(.ARM.Collect$$$$00000000) refers (Special) to entry2.o(.ARM.Collect$$$$00000001) for _main_stk
    fadd.o(.text) refers (Special) to iusefp.o(.text) for __I$use$fp
    fadd.o(.text) refers to fepilogue.o(.text) for _float_epilogue
    fmul.o(.text) refers (Special) to iusefp.o(.text) for __I$use$fp
    fdiv.o(.text) refers (Special) to iusefp.o(.text) for __I$use$fp
    fdiv.o(.text) refers to fepilogue.o(.text) for _float_round
    dadd.o(.text) refers (Special) to iusefp.o(.text) for __I$use$fp
    dadd.o(.text) refers to llshl.o(.text) for __aeabi_llsl
    dadd.o(.text) refers to llsshr.o(.text) for __aeabi_lasr
    dadd.o(.text) refers to depilogue.o(.text) for _double_epilogue
    dmul.o(.text) refers (Special) to iusefp.o(.text) for __I$use$fp
    dmul.o(.text) refers to depilogue.o(.text) for _double_epilogue
    ddiv.o(.text) refers (Special) to iusefp.o(.text) for __I$use$fp
    ddiv.o(.text) refers to depilogue.o(.text) for _double_round
    ffltui.o(.text) refers (Special) to iusefp.o(.text) for __I$use$fp
    ffltui.o(.text) refers to fepilogue.o(.text) for _float_epilogue
    dfltui.o(.text) refers (Special) to iusefp.o(.text) for __I$use$fp
    dfltui.o(.text) refers to depilogue.o(.text) for _double_epilogue
    ffixi.o(.text) refers (Special) to iusefp.o(.text) for __I$use$fp
    ffixui.o(.text) refers (Special) to iusefp.o(.text) for __I$use$fp
    dfixui.o(.text) refers (Special) to iusefp.o(.text) for __I$use$fp
    dfixui.o(.text) refers to llushr.o(.text) for __aeabi_llsr
    f2d.o(.text) refers (Special) to iusefp.o(.text) for __I$use$fp
    d2f.o(.text) refers (Special) to iusefp.o(.text) for __I$use$fp
    d2f.o(.text) refers to fepilogue.o(.text) for _float_round
    cfcmple.o(.text) refers (Special) to iusefp.o(.text) for __I$use$fp
    dunder.o(i.__mathlib_dbl_underflow) refers to dscalb.o(.text) for __ARM_scalbn
    fpclassify.o(i.__ARM_fpclassify) refers (Special) to iusefp.o(.text) for __I$use$fp
    poly.o(i.__kernel_poly) refers (Special) to iusefp.o(.text) for __I$use$fp
    poly.o(i.__kernel_poly) refers to dmul.o(.text) for __aeabi_dmul
    poly.o(i.__kernel_poly) refers to dadd.o(.text) for __aeabi_dadd
    qnan.o(.constdata) refers (Special) to iusefp.o(.text) for __I$use$fp
    sqrt.o(i.__softfp_sqrt) refers (Special) to iusefp.o(.text) for __I$use$fp
    sqrt.o(i.__softfp_sqrt) refers to dsqrt.o(.text) for _dsqrt
    sqrt.o(i.__softfp_sqrt) refers to errno.o(i.__set_errno) for __set_errno
    sqrt.o(i.sqrt) refers (Special) to iusefp.o(.text) for __I$use$fp
    sqrt.o(i.sqrt) refers to dsqrt.o(.text) for _dsqrt
    sqrt.o(i.sqrt) refers to errno.o(i.__set_errno) for __set_errno
    sqrt_x.o(i.____softfp_sqrt$lsc) refers (Special) to iusefp.o(.text) for __I$use$fp
    sqrt_x.o(i.____softfp_sqrt$lsc) refers to cdcmple.o(.text) for __aeabi_cdcmple
    sqrt_x.o(i.____softfp_sqrt$lsc) refers to errno.o(i.__set_errno) for __set_errno
    sqrt_x.o(i.____softfp_sqrt$lsc) refers to dsqrt.o(.text) for _dsqrt
    sqrt_x.o(i.__sqrt$lsc) refers (Special) to iusefp.o(.text) for __I$use$fp
    sqrt_x.o(i.__sqrt$lsc) refers to cdcmple.o(.text) for __aeabi_cdcmple
    sqrt_x.o(i.__sqrt$lsc) refers to errno.o(i.__set_errno) for __set_errno
    sqrt_x.o(i.__sqrt$lsc) refers to dsqrt.o(.text) for _dsqrt
    entry2.o(.ARM.Collect$$$$00000001) refers to entry2.o(.ARM.Collect$$$$00002712) for __lit__00000000
    entry2.o(.ARM.Collect$$$$00002712) refers to startup_stm32f10x_md.o(STACK) for __initial_sp
    entry2.o(__vectab_stack_and_reset_area) refers to startup_stm32f10x_md.o(STACK) for __initial_sp
    entry2.o(__vectab_stack_and_reset_area) refers to entry.o(.ARM.Collect$$$$00000000) for __main
    entry5.o(.ARM.Collect$$$$00000004) refers to init.o(.text) for __scatterload
    entry9a.o(.ARM.Collect$$$$0000000B) refers to main.o(i.main) for main
    entry9b.o(.ARM.Collect$$$$0000000C) refers to main.o(i.main) for main
    errno.o(i.__aeabi_errno_addr) refers to errno.o(.data) for .data
    errno.o(i.__read_errno) refers to errno.o(.data) for .data
    errno.o(i.__set_errno) refers to errno.o(.data) for .data
    depilogue.o(.text) refers to llshl.o(.text) for __aeabi_llsl
    depilogue.o(.text) refers to llushr.o(.text) for __aeabi_llsr
    dflti.o(.text) refers to depilogue.o(.text) for _double_epilogue
    init.o(.text) refers to entry5.o(.ARM.Collect$$$$00000004) for __main_after_scatterload
    dsqrt.o(.text) refers to llushr.o(.text) for __aeabi_llsr
    dsqrt.o(.text) refers to depilogue.o(.text) for _double_round


==============================================================================

Removing Unused input sections from the image.

    Removing stm32f10x_it.o(i.ETH_IRQHandler), (2 bytes).
    Removing sci.o(i.RS232_Send1_Data), (44 bytes).
    Removing sci.o(i.RS232_Send2_Data), (44 bytes).
    Removing sci.o(i.RS232_Send3_Data), (44 bytes).
    Removing sci.o(i.fputc), (36 bytes).
    Removing atmosphere.o(i.ATMOSPHERE_Write_Reg), (44 bytes).
    Removing lcd.o(i.LCD_BGR2RGB), (26 bytes).
    Removing lcd.o(i.LCD_Color_Fill), (124 bytes).
    Removing lcd.o(i.LCD_DisplayOff), (96 bytes).
    Removing lcd.o(i.LCD_DisplayOn), (96 bytes).
    Removing lcd.o(i.LCD_DrawLine), (176 bytes).
    Removing lcd.o(i.LCD_DrawPoint), (64 bytes).
    Removing lcd.o(i.LCD_DrawRectangle), (60 bytes).
    Removing lcd.o(i.LCD_Draw_Circle), (152 bytes).
    Removing lcd.o(i.LCD_Fill), (212 bytes).
    Removing lcd.o(i.LCD_ReadPoint), (520 bytes).
    Removing lcd.o(i.LCD_Set_Window), (1078 bytes).
    Removing lcd.o(i.LCD_ShowNum), (148 bytes).
    Removing lcd.o(i.LCD_WriteRAM), (36 bytes).
    Removing lcd.o(i.opt_delay), (14 bytes).
    Removing stm32f10x_usart.o(i.USART_ClearITPendingBit), (30 bytes).
    Removing stm32f10x_usart.o(i.USART_ClockInit), (34 bytes).
    Removing stm32f10x_usart.o(i.USART_ClockStructInit), (12 bytes).
    Removing stm32f10x_usart.o(i.USART_DMACmd), (18 bytes).
    Removing stm32f10x_usart.o(i.USART_DeInit), (156 bytes).
    Removing stm32f10x_usart.o(i.USART_HalfDuplexCmd), (24 bytes).
    Removing stm32f10x_usart.o(i.USART_IrDACmd), (24 bytes).
    Removing stm32f10x_usart.o(i.USART_IrDAConfig), (18 bytes).
    Removing stm32f10x_usart.o(i.USART_LINBreakDetectLengthConfig), (18 bytes).
    Removing stm32f10x_usart.o(i.USART_LINCmd), (24 bytes).
    Removing stm32f10x_usart.o(i.USART_OneBitMethodCmd), (24 bytes).
    Removing stm32f10x_usart.o(i.USART_OverSampling8Cmd), (22 bytes).
    Removing stm32f10x_usart.o(i.USART_ReceiverWakeUpCmd), (24 bytes).
    Removing stm32f10x_usart.o(i.USART_SendBreak), (10 bytes).
    Removing stm32f10x_usart.o(i.USART_SetAddress), (18 bytes).
    Removing stm32f10x_usart.o(i.USART_SetGuardTime), (16 bytes).
    Removing stm32f10x_usart.o(i.USART_SetPrescaler), (16 bytes).
    Removing stm32f10x_usart.o(i.USART_SmartCardCmd), (24 bytes).
    Removing stm32f10x_usart.o(i.USART_SmartCardNACKCmd), (24 bytes).
    Removing stm32f10x_usart.o(i.USART_StructInit), (24 bytes).
    Removing stm32f10x_usart.o(i.USART_WakeUpConfig), (18 bytes).
    Removing stm32f10x_gpio.o(i.GPIO_AFIODeInit), (20 bytes).
    Removing stm32f10x_gpio.o(i.GPIO_DeInit), (200 bytes).
    Removing stm32f10x_gpio.o(i.GPIO_ETH_MediaInterfaceConfig), (12 bytes).
    Removing stm32f10x_gpio.o(i.GPIO_EXTILineConfig), (64 bytes).
    Removing stm32f10x_gpio.o(i.GPIO_EventOutputCmd), (12 bytes).
    Removing stm32f10x_gpio.o(i.GPIO_EventOutputConfig), (32 bytes).
    Removing stm32f10x_gpio.o(i.GPIO_PinLockConfig), (18 bytes).
    Removing stm32f10x_gpio.o(i.GPIO_ReadInputData), (8 bytes).
    Removing stm32f10x_gpio.o(i.GPIO_ReadInputDataBit), (18 bytes).
    Removing stm32f10x_gpio.o(i.GPIO_ReadOutputData), (8 bytes).
    Removing stm32f10x_gpio.o(i.GPIO_ReadOutputDataBit), (18 bytes).
    Removing stm32f10x_gpio.o(i.GPIO_StructInit), (16 bytes).
    Removing stm32f10x_gpio.o(i.GPIO_Write), (4 bytes).
    Removing stm32f10x_gpio.o(i.GPIO_WriteBit), (10 bytes).
    Removing stm32f10x_rcc.o(i.RCC_ADCCLKConfig), (24 bytes).
    Removing stm32f10x_rcc.o(i.RCC_AHBPeriphClockCmd), (32 bytes).
    Removing stm32f10x_rcc.o(i.RCC_APB1PeriphResetCmd), (32 bytes).
    Removing stm32f10x_rcc.o(i.RCC_AdjustHSICalibrationValue), (24 bytes).
    Removing stm32f10x_rcc.o(i.RCC_BackupResetCmd), (12 bytes).
    Removing stm32f10x_rcc.o(i.RCC_ClearFlag), (20 bytes).
    Removing stm32f10x_rcc.o(i.RCC_ClearITPendingBit), (12 bytes).
    Removing stm32f10x_rcc.o(i.RCC_ClockSecuritySystemCmd), (12 bytes).
    Removing stm32f10x_rcc.o(i.RCC_DeInit), (76 bytes).
    Removing stm32f10x_rcc.o(i.RCC_GetFlagStatus), (60 bytes).
    Removing stm32f10x_rcc.o(i.RCC_GetITStatus), (24 bytes).
    Removing stm32f10x_rcc.o(i.RCC_GetSYSCLKSource), (16 bytes).
    Removing stm32f10x_rcc.o(i.RCC_HCLKConfig), (24 bytes).
    Removing stm32f10x_rcc.o(i.RCC_HSEConfig), (76 bytes).
    Removing stm32f10x_rcc.o(i.RCC_HSICmd), (12 bytes).
    Removing stm32f10x_rcc.o(i.RCC_ITConfig), (32 bytes).
    Removing stm32f10x_rcc.o(i.RCC_LSEConfig), (52 bytes).
    Removing stm32f10x_rcc.o(i.RCC_LSICmd), (12 bytes).
    Removing stm32f10x_rcc.o(i.RCC_MCOConfig), (12 bytes).
    Removing stm32f10x_rcc.o(i.RCC_PCLK1Config), (24 bytes).
    Removing stm32f10x_rcc.o(i.RCC_PCLK2Config), (24 bytes).
    Removing stm32f10x_rcc.o(i.RCC_PLLCmd), (12 bytes).
    Removing stm32f10x_rcc.o(i.RCC_PLLCoLnfig), (28 bytes).
    Removing stm32f10x_rcc.o(i.RCC_RTCCLKCmd), (12 bytes).
    Removing stm32f10x_rcc.o(i.RCC_RTCCLKConfig), (16 bytes).
    Removing stm32f10x_rcc.o(i.RCC_SYSCLKConfig), (24 bytes).
    Removing stm32f10x_rcc.o(i.RCC_USBCLKConfig), (12 bytes).
    Removing stm32f10x_rcc.o(i.RCC_WaitForHSEStartUp), (56 bytes).
    Removing misc.o(i.NVIC_SystemLPConfig), (32 bytes).
    Removing misc.o(i.SysTick_CLKSourceConfig), (40 bytes).
    Removing stm32f10x_adc.o(i.ADC_AnalogWatchdogCmd), (20 bytes).
    Removing stm32f10x_adc.o(i.ADC_AnalogWatchdogSingleChannelConfig), (16 bytes).
    Removing stm32f10x_adc.o(i.ADC_AnalogWatchdogThresholdsConfig), (6 bytes).
    Removing stm32f10x_adc.o(i.ADC_AutoInjectedConvCmd), (22 bytes).
    Removing stm32f10x_adc.o(i.ADC_ClearFlag), (6 bytes).
    Removing stm32f10x_adc.o(i.ADC_ClearITPendingBit), (10 bytes).
    Removing stm32f10x_adc.o(i.ADC_Cmd), (22 bytes).
    Removing stm32f10x_adc.o(i.ADC_DMACmd), (22 bytes).
    Removing stm32f10x_adc.o(i.ADC_DeInit), (92 bytes).
    Removing stm32f10x_adc.o(i.ADC_DiscModeChannelCountConfig), (24 bytes).
    Removing stm32f10x_adc.o(i.ADC_DiscModeCmd), (22 bytes).
    Removing stm32f10x_adc.o(i.ADC_ExternalTrigConvCmd), (22 bytes).
    Removing stm32f10x_adc.o(i.ADC_ExternalTrigInjectedConvCmd), (22 bytes).
    Removing stm32f10x_adc.o(i.ADC_ExternalTrigInjectedConvConfig), (16 bytes).
    Removing stm32f10x_adc.o(i.ADC_GetCalibrationStatus), (20 bytes).
    Removing stm32f10x_adc.o(i.ADC_GetConversionValue), (8 bytes).
    Removing stm32f10x_adc.o(i.ADC_GetDualModeConversionValue), (12 bytes).
    Removing stm32f10x_adc.o(i.ADC_GetFlagStatus), (18 bytes).
    Removing stm32f10x_adc.o(i.ADC_GetITStatus), (36 bytes).
    Removing stm32f10x_adc.o(i.ADC_GetInjectedConversionValue), (28 bytes).
    Removing stm32f10x_adc.o(i.ADC_GetResetCalibrationStatus), (20 bytes).
    Removing stm32f10x_adc.o(i.ADC_GetSoftwareStartConvStatus), (20 bytes).
    Removing stm32f10x_adc.o(i.ADC_GetSoftwareStartInjectedConvCmdStatus), (20 bytes).
    Removing stm32f10x_adc.o(i.ADC_ITConfig), (24 bytes).
    Removing stm32f10x_adc.o(i.ADC_Init), (80 bytes).
    Removing stm32f10x_adc.o(i.ADC_InjectedChannelConfig), (130 bytes).
    Removing stm32f10x_adc.o(i.ADC_InjectedDiscModeCmd), (22 bytes).
    Removing stm32f10x_adc.o(i.ADC_InjectedSequencerLengthConfig), (24 bytes).
    Removing stm32f10x_adc.o(i.ADC_RegularChannelConfig), (184 bytes).
    Removing stm32f10x_adc.o(i.ADC_ResetCalibration), (10 bytes).
    Removing stm32f10x_adc.o(i.ADC_SetInjectedOffset), (20 bytes).
    Removing stm32f10x_adc.o(i.ADC_SoftwareStartConvCmd), (22 bytes).
    Removing stm32f10x_adc.o(i.ADC_SoftwareStartInjectedConvCmd), (22 bytes).
    Removing stm32f10x_adc.o(i.ADC_StartCalibration), (10 bytes).
    Removing stm32f10x_adc.o(i.ADC_StructInit), (18 bytes).
    Removing stm32f10x_adc.o(i.ADC_TempSensorVrefintCmd), (36 bytes).
    Removing stm32f10x_spi.o(i.I2S_Cmd), (24 bytes).
    Removing stm32f10x_spi.o(i.I2S_Init), (232 bytes).
    Removing stm32f10x_spi.o(i.I2S_StructInit), (20 bytes).
    Removing stm32f10x_spi.o(i.SPI_BiDirectionalLineConfig), (28 bytes).
    Removing stm32f10x_spi.o(i.SPI_CalculateCRC), (24 bytes).
    Removing stm32f10x_spi.o(i.SPI_DataSizeConfig), (18 bytes).
    Removing stm32f10x_spi.o(i.SPI_GetCRC), (16 bytes).
    Removing stm32f10x_spi.o(i.SPI_GetCRCPolynomial), (6 bytes).
    Removing stm32f10x_spi.o(i.SPI_I2S_ClearFlag), (6 bytes).
    Removing stm32f10x_spi.o(i.SPI_I2S_ClearITPendingBit), (20 bytes).
    Removing stm32f10x_spi.o(i.SPI_I2S_DMACmd), (18 bytes).
    Removing stm32f10x_spi.o(i.SPI_I2S_DeInit), (88 bytes).
    Removing stm32f10x_spi.o(i.SPI_I2S_GetITStatus), (52 bytes).
    Removing stm32f10x_spi.o(i.SPI_I2S_ITConfig), (32 bytes).
    Removing stm32f10x_spi.o(i.SPI_NSSInternalSoftwareConfig), (30 bytes).
    Removing stm32f10x_spi.o(i.SPI_SSOutputCmd), (24 bytes).
    Removing stm32f10x_spi.o(i.SPI_StructInit), (24 bytes).
    Removing stm32f10x_spi.o(i.SPI_TransmitCRC), (10 bytes).
    Removing system_stm32f10x.o(i.SystemCoreClockUpdate), (164 bytes).
    Removing system_stm32f10x.o(.data), (20 bytes).
    Removing core_cm3.o(.emb_text), (32 bytes).
    Removing startup_stm32f10x_md.o(HEAP), (512 bytes).
    Removing cdcmple.o(.text), (40 bytes).

144 unused section(s) (total 7424 bytes) removed from the image.

==============================================================================

Image Symbol Table

    Local Symbols

    Symbol Name                              Value     Ov Type        Size  Object(Section)

    ../clib/microlib/errno.c                 0x00000000   Number         0  errno.o ABSOLUTE
    ../clib/microlib/init/entry.s            0x00000000   Number         0  entry11b.o ABSOLUTE
    ../clib/microlib/init/entry.s            0x00000000   Number         0  entry.o ABSOLUTE
    ../clib/microlib/init/entry.s            0x00000000   Number         0  entry2.o ABSOLUTE
    ../clib/microlib/init/entry.s            0x00000000   Number         0  entry5.o ABSOLUTE
    ../clib/microlib/init/entry.s            0x00000000   Number         0  entry11a.o ABSOLUTE
    ../clib/microlib/init/entry.s            0x00000000   Number         0  entry8b.o ABSOLUTE
    ../clib/microlib/init/entry.s            0x00000000   Number         0  entry10b.o ABSOLUTE
    ../clib/microlib/init/entry.s            0x00000000   Number         0  entry7a.o ABSOLUTE
    ../clib/microlib/init/entry.s            0x00000000   Number         0  entry10a.o ABSOLUTE
    ../clib/microlib/init/entry.s            0x00000000   Number         0  entry9b.o ABSOLUTE
    ../clib/microlib/init/entry.s            0x00000000   Number         0  entry7b.o ABSOLUTE
    ../clib/microlib/init/entry.s            0x00000000   Number         0  entry9a.o ABSOLUTE
    ../clib/microlib/init/entry.s            0x00000000   Number         0  entry8a.o ABSOLUTE
    ../clib/microlib/longlong.c              0x00000000   Number         0  llsshr.o ABSOLUTE
    ../clib/microlib/longlong.c              0x00000000   Number         0  llushr.o ABSOLUTE
    ../clib/microlib/longlong.c              0x00000000   Number         0  llshl.o ABSOLUTE
    ../clib/microlib/stubs.s                 0x00000000   Number         0  iusefp.o ABSOLUTE
    ../fplib/microlib/d2f.c                  0x00000000   Number         0  d2f.o ABSOLUTE
    ../fplib/microlib/f2d.c                  0x00000000   Number         0  f2d.o ABSOLUTE
    ../fplib/microlib/fpadd.c                0x00000000   Number         0  fadd.o ABSOLUTE
    ../fplib/microlib/fpadd.c                0x00000000   Number         0  dadd.o ABSOLUTE
    ../fplib/microlib/fpdiv.c                0x00000000   Number         0  fdiv.o ABSOLUTE
    ../fplib/microlib/fpdiv.c                0x00000000   Number         0  ddiv.o ABSOLUTE
    ../fplib/microlib/fpepilogue.c           0x00000000   Number         0  depilogue.o ABSOLUTE
    ../fplib/microlib/fpepilogue.c           0x00000000   Number         0  fepilogue.o ABSOLUTE
    ../fplib/microlib/fpfix.c                0x00000000   Number         0  ffixi.o ABSOLUTE
    ../fplib/microlib/fpfix.c                0x00000000   Number         0  ffixui.o ABSOLUTE
    ../fplib/microlib/fpfix.c                0x00000000   Number         0  dfixui.o ABSOLUTE
    ../fplib/microlib/fpflt.c                0x00000000   Number         0  dflti.o ABSOLUTE
    ../fplib/microlib/fpflt.c                0x00000000   Number         0  dfltui.o ABSOLUTE
    ../fplib/microlib/fpflt.c                0x00000000   Number         0  ffltui.o ABSOLUTE
    ../fplib/microlib/fpmul.c                0x00000000   Number         0  dmul.o ABSOLUTE
    ../fplib/microlib/fpmul.c                0x00000000   Number         0  fmul.o ABSOLUTE
    ../fplib/microlib/fpscalb.c              0x00000000   Number         0  dscalb.o ABSOLUTE
    ../fplib/microlib/fpsqrt.c               0x00000000   Number         0  dsqrt.o ABSOLUTE
    ../mathlib/dunder.c                      0x00000000   Number         0  dunder.o ABSOLUTE
    ../mathlib/fpclassify.c                  0x00000000   Number         0  fpclassify.o ABSOLUTE
    ../mathlib/poly.c                        0x00000000   Number         0  poly.o ABSOLUTE
    ../mathlib/pow.c                         0x00000000   Number         0  pow.o ABSOLUTE
    ../mathlib/pow.c                         0x00000000   Number         0  pow_x.o ABSOLUTE
    ../mathlib/qnan.c                        0x00000000   Number         0  qnan.o ABSOLUTE
    ../mathlib/sqrt.c                        0x00000000   Number         0  sqrt_x.o ABSOLUTE
    ../mathlib/sqrt.c                        0x00000000   Number         0  sqrt.o ABSOLUTE
    ..\..\Libraries\CMSIS\CM3\DeviceSupport\ST\STM32F10x\startup\arm\startup_stm32f10x_md.s 0x00000000   Number         0  startup_stm32f10x_md.o ABSOLUTE
    ..\..\Libraries\CMSIS\Core\CM3\core_cm3.c 0x00000000   Number         0  core_cm3.o ABSOLUTE
    ..\..\Libraries\CMSIS\Core\CM3\system_stm32f10x.c 0x00000000   Number         0  system_stm32f10x.o ABSOLUTE
    ..\..\Libraries\STM32F10x_StdPeriph_Driver\src\misc.c 0x00000000   Number         0  misc.o ABSOLUTE
    ..\..\Libraries\STM32F10x_StdPeriph_Driver\src\stm32f10x_adc.c 0x00000000   Number         0  stm32f10x_adc.o ABSOLUTE
    ..\..\Libraries\STM32F10x_StdPeriph_Driver\src\stm32f10x_gpio.c 0x00000000   Number         0  stm32f10x_gpio.o ABSOLUTE
    ..\..\Libraries\STM32F10x_StdPeriph_Driver\src\stm32f10x_rcc.c 0x00000000   Number         0  stm32f10x_rcc.o ABSOLUTE
    ..\..\Libraries\STM32F10x_StdPeriph_Driver\src\stm32f10x_spi.c 0x00000000   Number         0  stm32f10x_spi.o ABSOLUTE
    ..\..\Libraries\STM32F10x_StdPeriph_Driver\src\stm32f10x_usart.c 0x00000000   Number         0  stm32f10x_usart.o ABSOLUTE
    ..\\..\\Libraries\\CMSIS\\Core\\CM3\\core_cm3.c 0x00000000   Number         0  core_cm3.o ABSOLUTE
    ..\src\GPIO.C                            0x00000000   Number         0  gpio.o ABSOLUTE
    ..\src\NVIC.C                            0x00000000   Number         0  nvic.o ABSOLUTE
    ..\src\SCI.c                             0x00000000   Number         0  sci.o ABSOLUTE
    ..\src\USER_delay.c                      0x00000000   Number         0  user_delay.o ABSOLUTE
    ..\src\atmosphere.c                      0x00000000   Number         0  atmosphere.o ABSOLUTE
    ..\src\lcd.c                             0x00000000   Number         0  lcd.o ABSOLUTE
    ..\src\main.c                            0x00000000   Number         0  main.o ABSOLUTE
    ..\src\stm32f10x_it.c                    0x00000000   Number         0  stm32f10x_it.o ABSOLUTE
    cdcmple.s                                0x00000000   Number         0  cdcmple.o ABSOLUTE
    cdrcmple.s                               0x00000000   Number         0  cdrcmple.o ABSOLUTE
    cfcmple.s                                0x00000000   Number         0  cfcmple.o ABSOLUTE
    dc.s                                     0x00000000   Number         0  dc.o ABSOLUTE
    handlers.s                               0x00000000   Number         0  handlers.o ABSOLUTE
    init.s                                   0x00000000   Number         0  init.o ABSOLUTE
    RESET                                    0x08000000   Section      236  startup_stm32f10x_md.o(RESET)
    .ARM.Collect$$$$00000000                 0x080000ec   Section        0  entry.o(.ARM.Collect$$$$00000000)
    .ARM.Collect$$$$00000001                 0x080000ec   Section        4  entry2.o(.ARM.Collect$$$$00000001)
    .ARM.Collect$$$$00000004                 0x080000f0   Section        4  entry5.o(.ARM.Collect$$$$00000004)
    .ARM.Collect$$$$00000008                 0x080000f4   Section        0  entry7b.o(.ARM.Collect$$$$00000008)
    .ARM.Collect$$$$0000000A                 0x080000f4   Section        0  entry8b.o(.ARM.Collect$$$$0000000A)
    .ARM.Collect$$$$0000000B                 0x080000f4   Section        8  entry9a.o(.ARM.Collect$$$$0000000B)
    .ARM.Collect$$$$0000000D                 0x080000fc   Section        0  entry10a.o(.ARM.Collect$$$$0000000D)
    .ARM.Collect$$$$0000000F                 0x080000fc   Section        0  entry11a.o(.ARM.Collect$$$$0000000F)
    .ARM.Collect$$$$00002712                 0x080000fc   Section        4  entry2.o(.ARM.Collect$$$$00002712)
    __lit__00000000                          0x080000fc   Data           4  entry2.o(.ARM.Collect$$$$00002712)
    .text                                    0x08000100   Section       36  startup_stm32f10x_md.o(.text)
    .text                                    0x08000124   Section        0  fadd.o(.text)
    .text                                    0x080001d4   Section        0  fmul.o(.text)
    .text                                    0x08000238   Section        0  fdiv.o(.text)
    .text                                    0x080002b4   Section        0  dadd.o(.text)
    .text                                    0x08000402   Section        0  dmul.o(.text)
    .text                                    0x080004e6   Section        0  ddiv.o(.text)
    .text                                    0x080005c4   Section        0  ffltui.o(.text)
    .text                                    0x080005ce   Section        0  dfltui.o(.text)
    .text                                    0x080005e8   Section        0  ffixi.o(.text)
    .text                                    0x0800061a   Section        0  ffixui.o(.text)
    .text                                    0x08000642   Section        0  dfixui.o(.text)
    .text                                    0x08000674   Section        0  f2d.o(.text)
    .text                                    0x0800069a   Section        0  d2f.o(.text)
    .text                                    0x080006d4   Section       20  cfcmple.o(.text)
    .text                                    0x080006e8   Section        0  llshl.o(.text)
    .text                                    0x08000706   Section        0  llushr.o(.text)
    .text                                    0x08000726   Section        0  llsshr.o(.text)
    .text                                    0x0800074a   Section        0  fepilogue.o(.text)
    .text                                    0x0800074a   Section        0  iusefp.o(.text)
    .text                                    0x080007b8   Section        0  depilogue.o(.text)
    .text                                    0x0800086e   Section        0  dscalb.o(.text)
    .text                                    0x0800089c   Section        0  dflti.o(.text)
    .text                                    0x080008c0   Section       40  cdrcmple.o(.text)
    .text                                    0x080008e8   Section       36  init.o(.text)
    .text                                    0x0800090c   Section        0  dsqrt.o(.text)
    i.BusFault_Handler                       0x080009ae   Section        0  stm32f10x_it.o(i.BusFault_Handler)
    i.DebugMon_Handler                       0x080009b2   Section        0  stm32f10x_it.o(i.DebugMon_Handler)
    i.EXTI15_10_IRQHandler                   0x080009b4   Section        0  stm32f10x_it.o(i.EXTI15_10_IRQHandler)
    i.GPIO_Configuration                     0x080009b8   Section        0  gpio.o(i.GPIO_Configuration)
    i.GPIO_Init                              0x08000abc   Section        0  stm32f10x_gpio.o(i.GPIO_Init)
    i.GPIO_PinRemapConfig                    0x08000bd4   Section        0  stm32f10x_gpio.o(i.GPIO_PinRemapConfig)
    i.GPIO_ResetBits                         0x08000c64   Section        0  stm32f10x_gpio.o(i.GPIO_ResetBits)
    i.GPIO_SetBits                           0x08000c68   Section        0  stm32f10x_gpio.o(i.GPIO_SetBits)
    i.HardFault_Handler                      0x08000c6c   Section        0  stm32f10x_it.o(i.HardFault_Handler)
    i.LCD_Clear                              0x08000c70   Section        0  lcd.o(i.LCD_Clear)
    i.LCD_Display_Dir                        0x08000cf8   Section        0  lcd.o(i.LCD_Display_Dir)
    i.LCD_Fast_DrawPoint                     0x08000eb8   Section        0  lcd.o(i.LCD_Fast_DrawPoint)
    i.LCD_Init                               0x0800121c   Section        0  lcd.o(i.LCD_Init)
    i.LCD_Pow                                0x08004dbc   Section        0  lcd.o(i.LCD_Pow)
    i.LCD_RD_DATA                            0x08004dd4   Section        0  lcd.o(i.LCD_RD_DATA)
    i.LCD_ReadReg                            0x08004e44   Section        0  lcd.o(i.LCD_ReadReg)
    i.LCD_SSD_BackLightSet                   0x08004e54   Section        0  lcd.o(i.LCD_SSD_BackLightSet)
    i.LCD_Scan_Dir                           0x08004f28   Section        0  lcd.o(i.LCD_Scan_Dir)
    i.LCD_SetCursor                          0x08005380   Section        0  lcd.o(i.LCD_SetCursor)
    i.LCD_ShowChar                           0x0800573c   Section        0  lcd.o(i.LCD_ShowChar)
    i.LCD_ShowString                         0x08005864   Section        0  lcd.o(i.LCD_ShowString)
    i.LCD_ShowxNum                           0x080058ca   Section        0  lcd.o(i.LCD_ShowxNum)
    i.LCD_WR_DATAX                           0x08005988   Section        0  lcd.o(i.LCD_WR_DATAX)
    i.LCD_WR_REG                             0x080059ac   Section        0  lcd.o(i.LCD_WR_REG)
    i.LCD_WriteRAM_Prepare                   0x080059d0   Section        0  lcd.o(i.LCD_WriteRAM_Prepare)
    i.LCD_WriteReg                           0x080059e0   Section        0  lcd.o(i.LCD_WriteReg)
    i.MS5611_PROM_READ                       0x08005a10   Section        0  atmosphere.o(i.MS5611_PROM_READ)
    i.MS5611_RESET                           0x08005a98   Section        0  atmosphere.o(i.MS5611_RESET)
    i.MS5611_SPI_read_ADC                    0x08005ab8   Section        0  atmosphere.o(i.MS5611_SPI_read_ADC)
    i.MS5611_getPressure                     0x08005b00   Section        0  atmosphere.o(i.MS5611_getPressure)
    i.MS5611_getTemperature                  0x08005d28   Section        0  atmosphere.o(i.MS5611_getTemperature)
    i.MemManage_Handler                      0x08005dcc   Section        0  stm32f10x_it.o(i.MemManage_Handler)
    i.NMI_Handler                            0x08005dd0   Section        0  stm32f10x_it.o(i.NMI_Handler)
    i.NVIC_Configuration                     0x08005dd2   Section        0  nvic.o(i.NVIC_Configuration)
    i.NVIC_Init                              0x08005e3c   Section        0  misc.o(i.NVIC_Init)
    i.NVIC_PriorityGroupConfig               0x08005eac   Section        0  misc.o(i.NVIC_PriorityGroupConfig)
    i.NVIC_SetVectorTable                    0x08005ec0   Section        0  misc.o(i.NVIC_SetVectorTable)
    i.PendSV_Handler                         0x08005ed4   Section        0  stm32f10x_it.o(i.PendSV_Handler)
    i.RCC_APB1PeriphClockCmd                 0x08005ed8   Section        0  stm32f10x_rcc.o(i.RCC_APB1PeriphClockCmd)
    i.RCC_APB2PeriphClockCmd                 0x08005ef8   Section        0  stm32f10x_rcc.o(i.RCC_APB2PeriphClockCmd)
    i.RCC_APB2PeriphResetCmd                 0x08005f18   Section        0  stm32f10x_rcc.o(i.RCC_APB2PeriphResetCmd)
    i.RCC_GetClocksFreq                      0x08005f38   Section        0  stm32f10x_rcc.o(i.RCC_GetClocksFreq)
    i.SPI1_Init                              0x0800600c   Section        0  atmosphere.o(i.SPI1_Init)
    i.SPI1_ReadWriteByte                     0x080060c8   Section        0  atmosphere.o(i.SPI1_ReadWriteByte)
    i.SPI1_ReadWrite_16bits                  0x08006100   Section        0  atmosphere.o(i.SPI1_ReadWrite_16bits)
    i.SPI1_SetSpeed                          0x0800613c   Section        0  atmosphere.o(i.SPI1_SetSpeed)
    i.SPI_Cmd                                0x08006164   Section        0  stm32f10x_spi.o(i.SPI_Cmd)
    i.SPI_I2S_GetFlagStatus                  0x0800617c   Section        0  stm32f10x_spi.o(i.SPI_I2S_GetFlagStatus)
    i.SPI_I2S_ReceiveData                    0x0800618e   Section        0  stm32f10x_spi.o(i.SPI_I2S_ReceiveData)
    i.SPI_I2S_SendData                       0x08006194   Section        0  stm32f10x_spi.o(i.SPI_I2S_SendData)
    i.SPI_Init                               0x08006198   Section        0  stm32f10x_spi.o(i.SPI_Init)
    i.SVC_Handler                            0x080061d4   Section        0  stm32f10x_it.o(i.SVC_Handler)
    i.SetSysClock                            0x080061d6   Section        0  system_stm32f10x.o(i.SetSysClock)
    SetSysClock                              0x080061d7   Thumb Code     8  system_stm32f10x.o(i.SetSysClock)
    i.SetSysClockTo72                        0x080061e0   Section        0  system_stm32f10x.o(i.SetSysClockTo72)
    SetSysClockTo72                          0x080061e1   Thumb Code   214  system_stm32f10x.o(i.SetSysClockTo72)
    i.SysTick_Handler                        0x080062c0   Section        0  stm32f10x_it.o(i.SysTick_Handler)
    i.SystemInit                             0x080062c4   Section        0  system_stm32f10x.o(i.SystemInit)
    i.USART1_Configuration                   0x08006324   Section        0  sci.o(i.USART1_Configuration)
    i.USART1_IRQHandler                      0x08006368   Section        0  sci.o(i.USART1_IRQHandler)
    i.USART2_Configuration                   0x080063a8   Section        0  sci.o(i.USART2_Configuration)
    i.USART2_IRQHandler                      0x080063ec   Section        0  sci.o(i.USART2_IRQHandler)
    i.USART3_Configuration                   0x0800642c   Section        0  sci.o(i.USART3_Configuration)
    i.USART3_IRQHandler                      0x08006470   Section        0  sci.o(i.USART3_IRQHandler)
    i.USART_ClearFlag                        0x080064b0   Section        0  stm32f10x_usart.o(i.USART_ClearFlag)
    i.USART_Cmd                              0x080064c2   Section        0  stm32f10x_usart.o(i.USART_Cmd)
    i.USART_GetFlagStatus                    0x080064da   Section        0  stm32f10x_usart.o(i.USART_GetFlagStatus)
    i.USART_GetITStatus                      0x080064f4   Section        0  stm32f10x_usart.o(i.USART_GetITStatus)
    i.USART_ITConfig                         0x08006548   Section        0  stm32f10x_usart.o(i.USART_ITConfig)
    i.USART_Init                             0x08006594   Section        0  stm32f10x_usart.o(i.USART_Init)
    i.USART_ReceiveData                      0x0800666c   Section        0  stm32f10x_usart.o(i.USART_ReceiveData)
    i.USART_SendData                         0x08006676   Section        0  stm32f10x_usart.o(i.USART_SendData)
    i.USART_printf                           0x0800667e   Section        0  sci.o(i.USART_printf)
    i.UsageFault_Handler                     0x08006784   Section        0  stm32f10x_it.o(i.UsageFault_Handler)
    i.__ARM_fpclassify                       0x08006788   Section        0  fpclassify.o(i.__ARM_fpclassify)
    i.__kernel_poly                          0x080067b0   Section        0  poly.o(i.__kernel_poly)
    i.__mathlib_dbl_underflow                0x0800685c   Section        0  dunder.o(i.__mathlib_dbl_underflow)
    i.__scatterload_copy                     0x0800686c   Section       14  handlers.o(i.__scatterload_copy)
    i.__scatterload_null                     0x0800687a   Section        2  handlers.o(i.__scatterload_null)
    i.__scatterload_zeroinit                 0x0800687c   Section       14  handlers.o(i.__scatterload_zeroinit)
    i.__set_errno                            0x0800688c   Section        0  errno.o(i.__set_errno)
    i.chage_char                             0x08006898   Section        0  main.o(i.chage_char)
    i.delay_init                             0x0800691c   Section        0  user_delay.o(i.delay_init)
    i.delay_ms                               0x0800695c   Section        0  user_delay.o(i.delay_ms)
    i.delay_us                               0x08006998   Section        0  user_delay.o(i.delay_us)
    i.get_altitude                           0x080069d4   Section        0  atmosphere.o(i.get_altitude)
    i.init                                   0x08006a4c   Section        0  main.o(i.init)
    i.itoa                                   0x08006a94   Section        0  sci.o(i.itoa)
    i.main                                   0x08006af8   Section        0  main.o(i.main)
    i.pow                                    0x08006c84   Section        0  pow.o(i.pow)
    i.sqrt                                   0x08007664   Section        0  sqrt.o(i.sqrt)
    .constdata                               0x080076b0   Section     6080  lcd.o(.constdata)
    .constdata                               0x08008e70   Section      136  pow.o(.constdata)
    bp                                       0x08008e70   Data          16  pow.o(.constdata)
    dp_h                                     0x08008e80   Data          16  pow.o(.constdata)
    dp_l                                     0x08008e90   Data          16  pow.o(.constdata)
    L                                        0x08008ea0   Data          48  pow.o(.constdata)
    P                                        0x08008ed0   Data          40  pow.o(.constdata)
    .constdata                               0x08008ef8   Section        8  qnan.o(.constdata)
    .data                                    0x20000000   Section        6  sci.o(.data)
    .data                                    0x20000006   Section        4  user_delay.o(.data)
    fac_us                                   0x20000006   Data           1  user_delay.o(.data)
    fac_ms                                   0x20000008   Data           2  user_delay.o(.data)
    .data                                    0x20000010   Section       68  atmosphere.o(.data)
    .data                                    0x20000054   Section        4  lcd.o(.data)
    .data                                    0x20000058   Section       20  stm32f10x_rcc.o(.data)
    APBAHBPrescTable                         0x20000058   Data          16  stm32f10x_rcc.o(.data)
    ADCPrescTable                            0x20000068   Data           4  stm32f10x_rcc.o(.data)
    .data                                    0x2000006c   Section        4  errno.o(.data)
    _errno                                   0x2000006c   Data           4  errno.o(.data)
    .bss                                     0x20000070   Section      300  sci.o(.bss)
    .bss                                     0x2000019c   Section       14  lcd.o(.bss)
    STACK                                    0x200001b0   Section     1024  startup_stm32f10x_md.o(STACK)

    Global Symbols

    Symbol Name                              Value     Ov Type        Size  Object(Section)

    BuildAttributes$$THM_ISAv4$P$D$K$B$S$PE$A:L22UL41UL21$X:L11$S22US41US21$IEEE1$IW$USESV6$~STKCKD$USESV7$~SHL$OTIME$ROPI$IEEEX$EBA8$MICROLIB$REQ8$PRES8$EABIv2 0x00000000   Number         0  anon$$obj.o ABSOLUTE
    __ARM_use_no_argv                        0x00000000   Number         0  main.o ABSOLUTE
    __cpp_initialize__aeabi_                  - Undefined Weak Reference
    __cxa_finalize                            - Undefined Weak Reference
    __decompress                              - Undefined Weak Reference
    _clock_init                               - Undefined Weak Reference
    _microlib_exit                            - Undefined Weak Reference
    __Vectors_Size                           0x000000ec   Number         0  startup_stm32f10x_md.o ABSOLUTE
    __Vectors                                0x08000000   Data           4  startup_stm32f10x_md.o(RESET)
    __Vectors_End                            0x080000ec   Data           0  startup_stm32f10x_md.o(RESET)
    __main                                   0x080000ed   Thumb Code     0  entry.o(.ARM.Collect$$$$00000000)
    _main_stk                                0x080000ed   Thumb Code     0  entry2.o(.ARM.Collect$$$$00000001)
    _main_scatterload                        0x080000f1   Thumb Code     0  entry5.o(.ARM.Collect$$$$00000004)
    __main_after_scatterload                 0x080000f5   Thumb Code     0  entry5.o(.ARM.Collect$$$$00000004)
    _main_clock                              0x080000f5   Thumb Code     0  entry7b.o(.ARM.Collect$$$$00000008)
    _main_cpp_init                           0x080000f5   Thumb Code     0  entry8b.o(.ARM.Collect$$$$0000000A)
    _main_init                               0x080000f5   Thumb Code     0  entry9a.o(.ARM.Collect$$$$0000000B)
    __rt_final_cpp                           0x080000fd   Thumb Code     0  entry10a.o(.ARM.Collect$$$$0000000D)
    __rt_final_exit                          0x080000fd   Thumb Code     0  entry11a.o(.ARM.Collect$$$$0000000F)
    Reset_Handler                            0x08000101   Thumb Code     8  startup_stm32f10x_md.o(.text)
    ADC1_2_IRQHandler                        0x0800011b   Thumb Code     0  startup_stm32f10x_md.o(.text)
    CAN1_RX1_IRQHandler                      0x0800011b   Thumb Code     0  startup_stm32f10x_md.o(.text)
    CAN1_SCE_IRQHandler                      0x0800011b   Thumb Code     0  startup_stm32f10x_md.o(.text)
    DMA1_Channel1_IRQHandler                 0x0800011b   Thumb Code     0  startup_stm32f10x_md.o(.text)
    DMA1_Channel2_IRQHandler                 0x0800011b   Thumb Code     0  startup_stm32f10x_md.o(.text)
    DMA1_Channel3_IRQHandler                 0x0800011b   Thumb Code     0  startup_stm32f10x_md.o(.text)
    DMA1_Channel4_IRQHandler                 0x0800011b   Thumb Code     0  startup_stm32f10x_md.o(.text)
    DMA1_Channel5_IRQHandler                 0x0800011b   Thumb Code     0  startup_stm32f10x_md.o(.text)
    DMA1_Channel6_IRQHandler                 0x0800011b   Thumb Code     0  startup_stm32f10x_md.o(.text)
    DMA1_Channel7_IRQHandler                 0x0800011b   Thumb Code     0  startup_stm32f10x_md.o(.text)
    EXTI0_IRQHandler                         0x0800011b   Thumb Code     0  startup_stm32f10x_md.o(.text)
    EXTI1_IRQHandler                         0x0800011b   Thumb Code     0  startup_stm32f10x_md.o(.text)
    EXTI2_IRQHandler                         0x0800011b   Thumb Code     0  startup_stm32f10x_md.o(.text)
    EXTI3_IRQHandler                         0x0800011b   Thumb Code     0  startup_stm32f10x_md.o(.text)
    EXTI4_IRQHandler                         0x0800011b   Thumb Code     0  startup_stm32f10x_md.o(.text)
    EXTI9_5_IRQHandler                       0x0800011b   Thumb Code     0  startup_stm32f10x_md.o(.text)
    FLASH_IRQHandler                         0x0800011b   Thumb Code     0  startup_stm32f10x_md.o(.text)
    I2C1_ER_IRQHandler                       0x0800011b   Thumb Code     0  startup_stm32f10x_md.o(.text)
    I2C1_EV_IRQHandler                       0x0800011b   Thumb Code     0  startup_stm32f10x_md.o(.text)
    I2C2_ER_IRQHandler                       0x0800011b   Thumb Code     0  startup_stm32f10x_md.o(.text)
    I2C2_EV_IRQHandler                       0x0800011b   Thumb Code     0  startup_stm32f10x_md.o(.text)
    PVD_IRQHandler                           0x0800011b   Thumb Code     0  startup_stm32f10x_md.o(.text)
    RCC_IRQHandler                           0x0800011b   Thumb Code     0  startup_stm32f10x_md.o(.text)
    RTCAlarm_IRQHandler                      0x0800011b   Thumb Code     0  startup_stm32f10x_md.o(.text)
    RTC_IRQHandler                           0x0800011b   Thumb Code     0  startup_stm32f10x_md.o(.text)
    SPI1_IRQHandler                          0x0800011b   Thumb Code     0  startup_stm32f10x_md.o(.text)
    SPI2_IRQHandler                          0x0800011b   Thumb Code     0  startup_stm32f10x_md.o(.text)
    TAMPER_IRQHandler                        0x0800011b   Thumb Code     0  startup_stm32f10x_md.o(.text)
    TIM1_BRK_IRQHandler                      0x0800011b   Thumb Code     0  startup_stm32f10x_md.o(.text)
    TIM1_CC_IRQHandler                       0x0800011b   Thumb Code     0  startup_stm32f10x_md.o(.text)
    TIM1_TRG_COM_IRQHandler                  0x0800011b   Thumb Code     0  startup_stm32f10x_md.o(.text)
    TIM1_UP_IRQHandler                       0x0800011b   Thumb Code     0  startup_stm32f10x_md.o(.text)
    TIM2_IRQHandler                          0x0800011b   Thumb Code     0  startup_stm32f10x_md.o(.text)
    TIM3_IRQHandler                          0x0800011b   Thumb Code     0  startup_stm32f10x_md.o(.text)
    TIM4_IRQHandler                          0x0800011b   Thumb Code     0  startup_stm32f10x_md.o(.text)
    USBWakeUp_IRQHandler                     0x0800011b   Thumb Code     0  startup_stm32f10x_md.o(.text)
    USB_HP_CAN1_TX_IRQHandler                0x0800011b   Thumb Code     0  startup_stm32f10x_md.o(.text)
    USB_LP_CAN1_RX0_IRQHandler               0x0800011b   Thumb Code     0  startup_stm32f10x_md.o(.text)
    WWDG_IRQHandler                          0x0800011b   Thumb Code     0  startup_stm32f10x_md.o(.text)
    __aeabi_fadd                             0x08000125   Thumb Code   164  fadd.o(.text)
    __aeabi_fsub                             0x080001c9   Thumb Code     6  fadd.o(.text)
    __aeabi_frsub                            0x080001cf   Thumb Code     6  fadd.o(.text)
    __aeabi_fmul                             0x080001d5   Thumb Code   100  fmul.o(.text)
    __aeabi_fdiv                             0x08000239   Thumb Code   124  fdiv.o(.text)
    __aeabi_dadd                             0x080002b5   Thumb Code   322  dadd.o(.text)
    __aeabi_dsub                             0x080003f7   Thumb Code     6  dadd.o(.text)
    __aeabi_drsub                            0x080003fd   Thumb Code     6  dadd.o(.text)
    __aeabi_dmul                             0x08000403   Thumb Code   228  dmul.o(.text)
    __aeabi_ddiv                             0x080004e7   Thumb Code   222  ddiv.o(.text)
    __aeabi_ui2f                             0x080005c5   Thumb Code    10  ffltui.o(.text)
    __aeabi_ui2d                             0x080005cf   Thumb Code    26  dfltui.o(.text)
    __aeabi_f2iz                             0x080005e9   Thumb Code    50  ffixi.o(.text)
    __aeabi_f2uiz                            0x0800061b   Thumb Code    40  ffixui.o(.text)
    __aeabi_d2uiz                            0x08000643   Thumb Code    50  dfixui.o(.text)
    __aeabi_f2d                              0x08000675   Thumb Code    38  f2d.o(.text)
    __aeabi_d2f                              0x0800069b   Thumb Code    56  d2f.o(.text)
    __aeabi_cfcmpeq                          0x080006d5   Thumb Code     0  cfcmple.o(.text)
    __aeabi_cfcmple                          0x080006d5   Thumb Code    20  cfcmple.o(.text)
    __aeabi_llsl                             0x080006e9   Thumb Code    30  llshl.o(.text)
    _ll_shift_l                              0x080006e9   Thumb Code     0  llshl.o(.text)
    __aeabi_llsr                             0x08000707   Thumb Code    32  llushr.o(.text)
    _ll_ushift_r                             0x08000707   Thumb Code     0  llushr.o(.text)
    __aeabi_lasr                             0x08000727   Thumb Code    36  llsshr.o(.text)
    _ll_sshift_r                             0x08000727   Thumb Code     0  llsshr.o(.text)
    __I$use$fp                               0x0800074b   Thumb Code     0  iusefp.o(.text)
    _float_round                             0x0800074b   Thumb Code    18  fepilogue.o(.text)
    _float_epilogue                          0x0800075d   Thumb Code    92  fepilogue.o(.text)
    _double_round                            0x080007b9   Thumb Code    26  depilogue.o(.text)
    _double_epilogue                         0x080007d3   Thumb Code   156  depilogue.o(.text)
    __ARM_scalbn                             0x0800086f   Thumb Code    46  dscalb.o(.text)
    scalbn                                   0x0800086f   Thumb Code     0  dscalb.o(.text)
    __aeabi_i2d                              0x0800089d   Thumb Code    34  dflti.o(.text)
    __aeabi_cdrcmple                         0x080008c1   Thumb Code    38  cdrcmple.o(.text)
    __scatterload                            0x080008e9   Thumb Code    28  init.o(.text)
    __scatterload_rt2                        0x080008e9   Thumb Code     0  init.o(.text)
    _dsqrt                                   0x0800090d   Thumb Code   162  dsqrt.o(.text)
    BusFault_Handler                         0x080009af   Thumb Code     4  stm32f10x_it.o(i.BusFault_Handler)
    DebugMon_Handler                         0x080009b3   Thumb Code     2  stm32f10x_it.o(i.DebugMon_Handler)
    EXTI15_10_IRQHandler                     0x080009b5   Thumb Code     2  stm32f10x_it.o(i.EXTI15_10_IRQHandler)
    GPIO_Configuration                       0x080009b9   Thumb Code   248  gpio.o(i.GPIO_Configuration)
    GPIO_Init                                0x08000abd   Thumb Code   278  stm32f10x_gpio.o(i.GPIO_Init)
    GPIO_PinRemapConfig                      0x08000bd5   Thumb Code   138  stm32f10x_gpio.o(i.GPIO_PinRemapConfig)
    GPIO_ResetBits                           0x08000c65   Thumb Code     4  stm32f10x_gpio.o(i.GPIO_ResetBits)
    GPIO_SetBits                             0x08000c69   Thumb Code     4  stm32f10x_gpio.o(i.GPIO_SetBits)
    HardFault_Handler                        0x08000c6d   Thumb Code     4  stm32f10x_it.o(i.HardFault_Handler)
    LCD_Clear                                0x08000c71   Thumb Code   122  lcd.o(i.LCD_Clear)
    LCD_Display_Dir                          0x08000cf9   Thumb Code   444  lcd.o(i.LCD_Display_Dir)
    LCD_Fast_DrawPoint                       0x08000eb9   Thumb Code   854  lcd.o(i.LCD_Fast_DrawPoint)
    LCD_Init                                 0x0800121d   Thumb Code 15264  lcd.o(i.LCD_Init)
    LCD_Pow                                  0x08004dbd   Thumb Code    22  lcd.o(i.LCD_Pow)
    LCD_RD_DATA                              0x08004dd5   Thumb Code    98  lcd.o(i.LCD_RD_DATA)
    LCD_ReadReg                              0x08004e45   Thumb Code    16  lcd.o(i.LCD_ReadReg)
    LCD_SSD_BackLightSet                     0x08004e55   Thumb Code   198  lcd.o(i.LCD_SSD_BackLightSet)
    LCD_Scan_Dir                             0x08004f29   Thumb Code  1112  lcd.o(i.LCD_Scan_Dir)
    LCD_SetCursor                            0x08005381   Thumb Code   944  lcd.o(i.LCD_SetCursor)
    LCD_ShowChar                             0x0800573d   Thumb Code   272  lcd.o(i.LCD_ShowChar)
    LCD_ShowString                           0x08005865   Thumb Code   102  lcd.o(i.LCD_ShowString)
    LCD_ShowxNum                             0x080058cb   Thumb Code   190  lcd.o(i.LCD_ShowxNum)
    LCD_WR_DATAX                             0x08005989   Thumb Code    28  lcd.o(i.LCD_WR_DATAX)
    LCD_WR_REG                               0x080059ad   Thumb Code    28  lcd.o(i.LCD_WR_REG)
    LCD_WriteRAM_Prepare                     0x080059d1   Thumb Code    12  lcd.o(i.LCD_WriteRAM_Prepare)
    LCD_WriteReg                             0x080059e1   Thumb Code    40  lcd.o(i.LCD_WriteReg)
    MS5611_PROM_READ                         0x08005a11   Thumb Code   100  atmosphere.o(i.MS5611_PROM_READ)
    MS5611_RESET                             0x08005a99   Thumb Code    26  atmosphere.o(i.MS5611_RESET)
    MS5611_SPI_read_ADC                      0x08005ab9   Thumb Code    66  atmosphere.o(i.MS5611_SPI_read_ADC)
    MS5611_getPressure                       0x08005b01   Thumb Code   462  atmosphere.o(i.MS5611_getPressure)
    MS5611_getTemperature                    0x08005d29   Thumb Code   136  atmosphere.o(i.MS5611_getTemperature)
    MemManage_Handler                        0x08005dcd   Thumb Code     4  stm32f10x_it.o(i.MemManage_Handler)
    NMI_Handler                              0x08005dd1   Thumb Code     2  stm32f10x_it.o(i.NMI_Handler)
    NVIC_Configuration                       0x08005dd3   Thumb Code   106  nvic.o(i.NVIC_Configuration)
    NVIC_Init                                0x08005e3d   Thumb Code   100  misc.o(i.NVIC_Init)
    NVIC_PriorityGroupConfig                 0x08005ead   Thumb Code    10  misc.o(i.NVIC_PriorityGroupConfig)
    NVIC_SetVectorTable                      0x08005ec1   Thumb Code    12  misc.o(i.NVIC_SetVectorTable)
    PendSV_Handler                           0x08005ed5   Thumb Code     2  stm32f10x_it.o(i.PendSV_Handler)
    RCC_APB1PeriphClockCmd                   0x08005ed9   Thumb Code    26  stm32f10x_rcc.o(i.RCC_APB1PeriphClockCmd)
    RCC_APB2PeriphClockCmd                   0x08005ef9   Thumb Code    26  stm32f10x_rcc.o(i.RCC_APB2PeriphClockCmd)
    RCC_APB2PeriphResetCmd                   0x08005f19   Thumb Code    26  stm32f10x_rcc.o(i.RCC_APB2PeriphResetCmd)
    RCC_GetClocksFreq                        0x08005f39   Thumb Code   192  stm32f10x_rcc.o(i.RCC_GetClocksFreq)
    SPI1_Init                                0x0800600d   Thumb Code   178  atmosphere.o(i.SPI1_Init)
    SPI1_ReadWriteByte                       0x080060c9   Thumb Code    50  atmosphere.o(i.SPI1_ReadWriteByte)
    SPI1_ReadWrite_16bits                    0x08006101   Thumb Code    54  atmosphere.o(i.SPI1_ReadWrite_16bits)
    SPI1_SetSpeed                            0x0800613d   Thumb Code    36  atmosphere.o(i.SPI1_SetSpeed)
    SPI_Cmd                                  0x08006165   Thumb Code    24  stm32f10x_spi.o(i.SPI_Cmd)
    SPI_I2S_GetFlagStatus                    0x0800617d   Thumb Code    18  stm32f10x_spi.o(i.SPI_I2S_GetFlagStatus)
    SPI_I2S_ReceiveData                      0x0800618f   Thumb Code     6  stm32f10x_spi.o(i.SPI_I2S_ReceiveData)
    SPI_I2S_SendData                         0x08006195   Thumb Code     4  stm32f10x_spi.o(i.SPI_I2S_SendData)
    SPI_Init                                 0x08006199   Thumb Code    60  stm32f10x_spi.o(i.SPI_Init)
    SVC_Handler                              0x080061d5   Thumb Code     2  stm32f10x_it.o(i.SVC_Handler)
    SysTick_Handler                          0x080062c1   Thumb Code     2  stm32f10x_it.o(i.SysTick_Handler)
    SystemInit                               0x080062c5   Thumb Code    78  system_stm32f10x.o(i.SystemInit)
    USART1_Configuration                     0x08006325   Thumb Code    62  sci.o(i.USART1_Configuration)
    USART1_IRQHandler                        0x08006369   Thumb Code    46  sci.o(i.USART1_IRQHandler)
    USART2_Configuration                     0x080063a9   Thumb Code    62  sci.o(i.USART2_Configuration)
    USART2_IRQHandler                        0x080063ed   Thumb Code    46  sci.o(i.USART2_IRQHandler)
    USART3_Configuration                     0x0800642d   Thumb Code    62  sci.o(i.USART3_Configuration)
    USART3_IRQHandler                        0x08006471   Thumb Code    46  sci.o(i.USART3_IRQHandler)
    USART_ClearFlag                          0x080064b1   Thumb Code    18  stm32f10x_usart.o(i.USART_ClearFlag)
    USART_Cmd                                0x080064c3   Thumb Code    24  stm32f10x_usart.o(i.USART_Cmd)
    USART_GetFlagStatus                      0x080064db   Thumb Code    26  stm32f10x_usart.o(i.USART_GetFlagStatus)
    USART_GetITStatus                        0x080064f5   Thumb Code    84  stm32f10x_usart.o(i.USART_GetITStatus)
    USART_ITConfig                           0x08006549   Thumb Code    74  stm32f10x_usart.o(i.USART_ITConfig)
    USART_Init                               0x08006595   Thumb Code   210  stm32f10x_usart.o(i.USART_Init)
    USART_ReceiveData                        0x0800666d   Thumb Code    10  stm32f10x_usart.o(i.USART_ReceiveData)
    USART_SendData                           0x08006677   Thumb Code     8  stm32f10x_usart.o(i.USART_SendData)
    USART_printf                             0x0800667f   Thumb Code   262  sci.o(i.USART_printf)
    UsageFault_Handler                       0x08006785   Thumb Code     4  stm32f10x_it.o(i.UsageFault_Handler)
    __ARM_fpclassify                         0x08006789   Thumb Code    40  fpclassify.o(i.__ARM_fpclassify)
    __kernel_poly                            0x080067b1   Thumb Code   170  poly.o(i.__kernel_poly)
    __mathlib_dbl_underflow                  0x0800685d   Thumb Code    10  dunder.o(i.__mathlib_dbl_underflow)
    __scatterload_copy                       0x0800686d   Thumb Code    14  handlers.o(i.__scatterload_copy)
    __scatterload_null                       0x0800687b   Thumb Code     2  handlers.o(i.__scatterload_null)
    __scatterload_zeroinit                   0x0800687d   Thumb Code    14  handlers.o(i.__scatterload_zeroinit)
    __set_errno                              0x0800688d   Thumb Code     6  errno.o(i.__set_errno)
    chage_char                               0x08006899   Thumb Code   120  main.o(i.chage_char)
    delay_init                               0x0800691d   Thumb Code    56  user_delay.o(i.delay_init)
    delay_ms                                 0x0800695d   Thumb Code    56  user_delay.o(i.delay_ms)
    delay_us                                 0x08006999   Thumb Code    56  user_delay.o(i.delay_us)
    get_altitude                             0x080069d5   Thumb Code    94  atmosphere.o(i.get_altitude)
    init                                     0x08006a4d   Thumb Code    58  main.o(i.init)
    itoa                                     0x08006a95   Thumb Code    98  sci.o(i.itoa)
    main                                     0x08006af9   Thumb Code   346  main.o(i.main)
    pow                                      0x08006c85   Thumb Code  2510  pow.o(i.pow)
    sqrt                                     0x08007665   Thumb Code    76  sqrt.o(i.sqrt)
    asc2_1206                                0x080076b0   Data        1140  lcd.o(.constdata)
    asc2_1608                                0x08007b24   Data        1520  lcd.o(.constdata)
    asc2_2412                                0x08008114   Data        3420  lcd.o(.constdata)
    __mathlib_zero                           0x08008ef8   Data           8  qnan.o(.constdata)
    Region$$Table$$Base                      0x08008f00   Number         0  anon$$obj.o(Region$$Table)
    Region$$Table$$Limit                     0x08008f20   Number         0  anon$$obj.o(Region$$Table)
    RS232_REC_Flag1                          0x20000000   Data           1  sci.o(.data)
    RS232_REC_Count1                         0x20000001   Data           1  sci.o(.data)
    RS232_REC_Flag2                          0x20000002   Data           1  sci.o(.data)
    RS232_REC_Count2                         0x20000003   Data           1  sci.o(.data)
    RS232_REC_Flag3                          0x20000004   Data           1  sci.o(.data)
    RS232_REC_Count3                         0x20000005   Data           1  sci.o(.data)
    setup                                    0x20000010   Data           2  atmosphere.o(.data)
    C1                                       0x20000012   Data           2  atmosphere.o(.data)
    C2                                       0x20000014   Data           2  atmosphere.o(.data)
    C3                                       0x20000016   Data           2  atmosphere.o(.data)
    C4                                       0x20000018   Data           2  atmosphere.o(.data)
    C5                                       0x2000001a   Data           2  atmosphere.o(.data)
    C6                                       0x2000001c   Data           2  atmosphere.o(.data)
    CRC_1                                    0x2000001e   Data           2  atmosphere.o(.data)
    D1_Pres                                  0x20000020   Data           4  atmosphere.o(.data)
    D2_Temp                                  0x20000024   Data           4  atmosphere.o(.data)
    OFF                                      0x20000028   Data           8  atmosphere.o(.data)
    SENS                                     0x20000030   Data           8  atmosphere.o(.data)
    dT                                       0x20000038   Data           4  atmosphere.o(.data)
    Temperature                              0x2000003c   Data           4  atmosphere.o(.data)
    Pressure                                 0x20000040   Data           4  atmosphere.o(.data)
    TEMP2                                    0x20000044   Data           4  atmosphere.o(.data)
    Aux                                      0x20000048   Data           4  atmosphere.o(.data)
    OFF2                                     0x2000004c   Data           4  atmosphere.o(.data)
    SENS2                                    0x20000050   Data           4  atmosphere.o(.data)
    POINT_COLOR                              0x20000054   Data           2  lcd.o(.data)
    BACK_COLOR                               0x20000056   Data           2  lcd.o(.data)
    RS232_buff1                              0x20000070   Data         100  sci.o(.bss)
    RS232_buff2                              0x200000d4   Data         100  sci.o(.bss)
    RS232_buff3                              0x20000138   Data         100  sci.o(.bss)
    lcddev                                   0x2000019c   Data          14  lcd.o(.bss)
    __initial_sp                             0x200005b0   Data           0  startup_stm32f10x_md.o(STACK)



==============================================================================

Memory Map of the image

  Image Entry point : 0x080000ed

  Load Region LR_IROM1 (Base: 0x08000000, Size: 0x00008f90, Max: 0x00010000, ABSOLUTE)

    Execution Region ER_IROM1 (Base: 0x08000000, Size: 0x00008f20, Max: 0x00010000, ABSOLUTE)

    Base Addr    Size         Type   Attr      Idx    E Section Name        Object

    0x08000000   0x000000ec   Data   RO         1541    RESET               startup_stm32f10x_md.o
    0x080000ec   0x00000000   Code   RO         1556  * .ARM.Collect$$$$00000000  mc_w.l(entry.o)
    0x080000ec   0x00000004   Code   RO         1602    .ARM.Collect$$$$00000001  mc_w.l(entry2.o)
    0x080000f0   0x00000004   Code   RO         1605    .ARM.Collect$$$$00000004  mc_w.l(entry5.o)
    0x080000f4   0x00000000   Code   RO         1607    .ARM.Collect$$$$00000008  mc_w.l(entry7b.o)
    0x080000f4   0x00000000   Code   RO         1609    .ARM.Collect$$$$0000000A  mc_w.l(entry8b.o)
    0x080000f4   0x00000008   Code   RO         1610    .ARM.Collect$$$$0000000B  mc_w.l(entry9a.o)
    0x080000fc   0x00000000   Code   RO         1612    .ARM.Collect$$$$0000000D  mc_w.l(entry10a.o)
    0x080000fc   0x00000000   Code   RO         1614    .ARM.Collect$$$$0000000F  mc_w.l(entry11a.o)
    0x080000fc   0x00000004   Code   RO         1603    .ARM.Collect$$$$00002712  mc_w.l(entry2.o)
    0x08000100   0x00000024   Code   RO         1542    .text               startup_stm32f10x_md.o
    0x08000124   0x000000b0   Code   RO         1559    .text               mf_w.l(fadd.o)
    0x080001d4   0x00000064   Code   RO         1561    .text               mf_w.l(fmul.o)
    0x08000238   0x0000007c   Code   RO         1563    .text               mf_w.l(fdiv.o)
    0x080002b4   0x0000014e   Code   RO         1565    .text               mf_w.l(dadd.o)
    0x08000402   0x000000e4   Code   RO         1567    .text               mf_w.l(dmul.o)
    0x080004e6   0x000000de   Code   RO         1569    .text               mf_w.l(ddiv.o)
    0x080005c4   0x0000000a   Code   RO         1571    .text               mf_w.l(ffltui.o)
    0x080005ce   0x0000001a   Code   RO         1573    .text               mf_w.l(dfltui.o)
    0x080005e8   0x00000032   Code   RO         1575    .text               mf_w.l(ffixi.o)
    0x0800061a   0x00000028   Code   RO         1577    .text               mf_w.l(ffixui.o)
    0x08000642   0x00000032   Code   RO         1579    .text               mf_w.l(dfixui.o)
    0x08000674   0x00000026   Code   RO         1581    .text               mf_w.l(f2d.o)
    0x0800069a   0x00000038   Code   RO         1583    .text               mf_w.l(d2f.o)
    0x080006d2   0x00000002   PAD
    0x080006d4   0x00000014   Code   RO         1585    .text               mf_w.l(cfcmple.o)
    0x080006e8   0x0000001e   Code   RO         1616    .text               mc_w.l(llshl.o)
    0x08000706   0x00000020   Code   RO         1618    .text               mc_w.l(llushr.o)
    0x08000726   0x00000024   Code   RO         1620    .text               mc_w.l(llsshr.o)
    0x0800074a   0x00000000   Code   RO         1629    .text               mc_w.l(iusefp.o)
    0x0800074a   0x0000006e   Code   RO         1630    .text               mf_w.l(fepilogue.o)
    0x080007b8   0x000000b6   Code   RO         1632    .text               mf_w.l(depilogue.o)
    0x0800086e   0x0000002e   Code   RO         1634    .text               mf_w.l(dscalb.o)
    0x0800089c   0x00000022   Code   RO         1636    .text               mf_w.l(dflti.o)
    0x080008be   0x00000002   PAD
    0x080008c0   0x00000028   Code   RO         1638    .text               mf_w.l(cdrcmple.o)
    0x080008e8   0x00000024   Code   RO         1640    .text               mc_w.l(init.o)
    0x0800090c   0x000000a2   Code   RO         1642    .text               mf_w.l(dsqrt.o)
    0x080009ae   0x00000004   Code   RO            1    i.BusFault_Handler  stm32f10x_it.o
    0x080009b2   0x00000002   Code   RO            2    i.DebugMon_Handler  stm32f10x_it.o
    0x080009b4   0x00000002   Code   RO            4    i.EXTI15_10_IRQHandler  stm32f10x_it.o
    0x080009b6   0x00000002   PAD
    0x080009b8   0x00000104   Code   RO          270    i.GPIO_Configuration  gpio.o
    0x08000abc   0x00000116   Code   RO          787    i.GPIO_Init         stm32f10x_gpio.o
    0x08000bd2   0x00000002   PAD
    0x08000bd4   0x00000090   Code   RO          789    i.GPIO_PinRemapConfig  stm32f10x_gpio.o
    0x08000c64   0x00000004   Code   RO          794    i.GPIO_ResetBits    stm32f10x_gpio.o
    0x08000c68   0x00000004   Code   RO          795    i.GPIO_SetBits      stm32f10x_gpio.o
    0x08000c6c   0x00000004   Code   RO            5    i.HardFault_Handler  stm32f10x_it.o
    0x08000c70   0x00000088   Code   RO          396    i.LCD_Clear         lcd.o
    0x08000cf8   0x000001c0   Code   RO          400    i.LCD_Display_Dir   lcd.o
    0x08000eb8   0x00000364   Code   RO          405    i.LCD_Fast_DrawPoint  lcd.o
    0x0800121c   0x00003ba0   Code   RO          407    i.LCD_Init          lcd.o
    0x08004dbc   0x00000016   Code   RO          408    i.LCD_Pow           lcd.o
    0x08004dd2   0x00000002   PAD
    0x08004dd4   0x00000070   Code   RO          409    i.LCD_RD_DATA       lcd.o
    0x08004e44   0x00000010   Code   RO          411    i.LCD_ReadReg       lcd.o
    0x08004e54   0x000000d4   Code   RO          412    i.LCD_SSD_BackLightSet  lcd.o
    0x08004f28   0x00000458   Code   RO          413    i.LCD_Scan_Dir      lcd.o
    0x08005380   0x000003bc   Code   RO          414    i.LCD_SetCursor     lcd.o
    0x0800573c   0x00000128   Code   RO          416    i.LCD_ShowChar      lcd.o
    0x08005864   0x00000066   Code   RO          418    i.LCD_ShowString    lcd.o
    0x080058ca   0x000000be   Code   RO          419    i.LCD_ShowxNum      lcd.o
    0x08005988   0x00000024   Code   RO          420    i.LCD_WR_DATAX      lcd.o
    0x080059ac   0x00000024   Code   RO          421    i.LCD_WR_REG        lcd.o
    0x080059d0   0x00000010   Code   RO          423    i.LCD_WriteRAM_Prepare  lcd.o
    0x080059e0   0x00000030   Code   RO          424    i.LCD_WriteReg      lcd.o
    0x08005a10   0x00000088   Code   RO          321    i.MS5611_PROM_READ  atmosphere.o
    0x08005a98   0x00000020   Code   RO          322    i.MS5611_RESET      atmosphere.o
    0x08005ab8   0x00000048   Code   RO          323    i.MS5611_SPI_read_ADC  atmosphere.o
    0x08005b00   0x00000228   Code   RO          324    i.MS5611_getPressure  atmosphere.o
    0x08005d28   0x000000a4   Code   RO          325    i.MS5611_getTemperature  atmosphere.o
    0x08005dcc   0x00000004   Code   RO            6    i.MemManage_Handler  stm32f10x_it.o
    0x08005dd0   0x00000002   Code   RO            7    i.NMI_Handler       stm32f10x_it.o
    0x08005dd2   0x0000006a   Code   RO          282    i.NVIC_Configuration  nvic.o
    0x08005e3c   0x00000070   Code   RO         1095    i.NVIC_Init         misc.o
    0x08005eac   0x00000014   Code   RO         1096    i.NVIC_PriorityGroupConfig  misc.o
    0x08005ec0   0x00000014   Code   RO         1097    i.NVIC_SetVectorTable  misc.o
    0x08005ed4   0x00000002   Code   RO            8    i.PendSV_Handler    stm32f10x_it.o
    0x08005ed6   0x00000002   PAD
    0x08005ed8   0x00000020   Code   RO          897    i.RCC_APB1PeriphClockCmd  stm32f10x_rcc.o
    0x08005ef8   0x00000020   Code   RO          899    i.RCC_APB2PeriphClockCmd  stm32f10x_rcc.o
    0x08005f18   0x00000020   Code   RO          900    i.RCC_APB2PeriphResetCmd  stm32f10x_rcc.o
    0x08005f38   0x000000d4   Code   RO          907    i.RCC_GetClocksFreq  stm32f10x_rcc.o
    0x0800600c   0x000000bc   Code   RO          326    i.SPI1_Init         atmosphere.o
    0x080060c8   0x00000038   Code   RO          327    i.SPI1_ReadWriteByte  atmosphere.o
    0x08006100   0x0000003c   Code   RO          328    i.SPI1_ReadWrite_16bits  atmosphere.o
    0x0800613c   0x00000028   Code   RO          329    i.SPI1_SetSpeed     atmosphere.o
    0x08006164   0x00000018   Code   RO         1358    i.SPI_Cmd           stm32f10x_spi.o
    0x0800617c   0x00000012   Code   RO         1366    i.SPI_I2S_GetFlagStatus  stm32f10x_spi.o
    0x0800618e   0x00000006   Code   RO         1369    i.SPI_I2S_ReceiveData  stm32f10x_spi.o
    0x08006194   0x00000004   Code   RO         1370    i.SPI_I2S_SendData  stm32f10x_spi.o
    0x08006198   0x0000003c   Code   RO         1371    i.SPI_Init          stm32f10x_spi.o
    0x080061d4   0x00000002   Code   RO            9    i.SVC_Handler       stm32f10x_it.o
    0x080061d6   0x00000008   Code   RO         1497    i.SetSysClock       system_stm32f10x.o
    0x080061de   0x00000002   PAD
    0x080061e0   0x000000e0   Code   RO         1498    i.SetSysClockTo72   system_stm32f10x.o
    0x080062c0   0x00000002   Code   RO           10    i.SysTick_Handler   stm32f10x_it.o
    0x080062c2   0x00000002   PAD
    0x080062c4   0x00000060   Code   RO         1500    i.SystemInit        system_stm32f10x.o
    0x08006324   0x00000044   Code   RO          184    i.USART1_Configuration  sci.o
    0x08006368   0x00000040   Code   RO          185    i.USART1_IRQHandler  sci.o
    0x080063a8   0x00000044   Code   RO          186    i.USART2_Configuration  sci.o
    0x080063ec   0x00000040   Code   RO          187    i.USART2_IRQHandler  sci.o
    0x0800642c   0x00000044   Code   RO          188    i.USART3_Configuration  sci.o
    0x08006470   0x00000040   Code   RO          189    i.USART3_IRQHandler  sci.o
    0x080064b0   0x00000012   Code   RO          601    i.USART_ClearFlag   stm32f10x_usart.o
    0x080064c2   0x00000018   Code   RO          605    i.USART_Cmd         stm32f10x_usart.o
    0x080064da   0x0000001a   Code   RO          608    i.USART_GetFlagStatus  stm32f10x_usart.o
    0x080064f4   0x00000054   Code   RO          609    i.USART_GetITStatus  stm32f10x_usart.o
    0x08006548   0x0000004a   Code   RO          611    i.USART_ITConfig    stm32f10x_usart.o
    0x08006592   0x00000002   PAD
    0x08006594   0x000000d8   Code   RO          612    i.USART_Init        stm32f10x_usart.o
    0x0800666c   0x0000000a   Code   RO          619    i.USART_ReceiveData  stm32f10x_usart.o
    0x08006676   0x00000008   Code   RO          622    i.USART_SendData    stm32f10x_usart.o
    0x0800667e   0x00000106   Code   RO          190    i.USART_printf      sci.o
    0x08006784   0x00000004   Code   RO           11    i.UsageFault_Handler  stm32f10x_it.o
    0x08006788   0x00000028   Code   RO         1589    i.__ARM_fpclassify  m_ws.l(fpclassify.o)
    0x080067b0   0x000000aa   Code   RO         1591    i.__kernel_poly     m_ws.l(poly.o)
    0x0800685a   0x00000002   PAD
    0x0800685c   0x00000010   Code   RO         1587    i.__mathlib_dbl_underflow  m_ws.l(dunder.o)
    0x0800686c   0x0000000e   Code   RO         1648    i.__scatterload_copy  mc_w.l(handlers.o)
    0x0800687a   0x00000002   Code   RO         1649    i.__scatterload_null  mc_w.l(handlers.o)
    0x0800687c   0x0000000e   Code   RO         1650    i.__scatterload_zeroinit  mc_w.l(handlers.o)
    0x0800688a   0x00000002   PAD
    0x0800688c   0x0000000c   Code   RO         1624    i.__set_errno       mc_w.l(errno.o)
    0x08006898   0x00000084   Code   RO          124    i.chage_char        main.o
    0x0800691c   0x00000040   Code   RO          294    i.delay_init        user_delay.o
    0x0800695c   0x0000003c   Code   RO          295    i.delay_ms          user_delay.o
    0x08006998   0x0000003c   Code   RO          296    i.delay_us          user_delay.o
    0x080069d4   0x00000078   Code   RO          330    i.get_altitude      atmosphere.o
    0x08006a4c   0x00000048   Code   RO          125    i.init              main.o
    0x08006a94   0x00000062   Code   RO          192    i.itoa              sci.o
    0x08006af6   0x00000002   PAD
    0x08006af8   0x0000018c   Code   RO          126    i.main              main.o
    0x08006c84   0x000009e0   Code   RO         1547    i.pow               m_ws.l(pow.o)
    0x08007664   0x0000004c   Code   RO         1595    i.sqrt              m_ws.l(sqrt.o)
    0x080076b0   0x000017c0   Data   RO          427    .constdata          lcd.o
    0x08008e70   0x00000088   Data   RO         1548    .constdata          m_ws.l(pow.o)
    0x08008ef8   0x00000008   Data   RO         1593    .constdata          m_ws.l(qnan.o)
    0x08008f00   0x00000020   Data   RO         1646    Region$$Table       anon$$obj.o


    Execution Region RW_IRAM1 (Base: 0x20000000, Size: 0x000005b0, Max: 0x00002800, ABSOLUTE)

    Base Addr    Size         Type   Attr      Idx    E Section Name        Object

    0x20000000   0x00000006   Data   RW          194    .data               sci.o
    0x20000006   0x00000004   Data   RW          297    .data               user_delay.o
    0x2000000a   0x00000006   PAD
    0x20000010   0x00000044   Data   RW          331    .data               atmosphere.o
    0x20000054   0x00000004   Data   RW          428    .data               lcd.o
    0x20000058   0x00000014   Data   RW          927    .data               stm32f10x_rcc.o
    0x2000006c   0x00000004   Data   RW         1625    .data               mc_w.l(errno.o)
    0x20000070   0x0000012c   Zero   RW          193    .bss                sci.o
    0x2000019c   0x0000000e   Zero   RW          426    .bss                lcd.o
    0x200001aa   0x00000006   PAD
    0x200001b0   0x00000400   Zero   RW         1539    STACK               startup_stm32f10x_md.o


==============================================================================

Image component sizes


      Code (inc. data)   RO Data    RW Data    ZI Data      Debug   Object Name

      1420        218          0         68          0       6727   atmosphere.o
         0          0          0          0          0         32   core_cm3.o
       260         12          0          0          0        653   gpio.o
     19870        222       6080          4         14      23965   lcd.o
       600         76          0          0          0       2647   main.o
       152         30          0          0          0       2405   misc.o
       106          0          0          0          0        569   nvic.o
       756         72          0          6        300       6448   sci.o
        36          8        236          0       1024        912   startup_stm32f10x_md.o
       430          6          0          0          0       4262   stm32f10x_gpio.o
        28          0          0          0          0     242793   stm32f10x_it.o
       308         38          0         20          0       5479   stm32f10x_rcc.o
       112          0          0          0          0       4302   stm32f10x_spi.o
       460          6          0          0          0       7383   stm32f10x_usart.o
       328         28          0          0          0       2201   system_stm32f10x.o
       184         16          0          4          0       1791   user_delay.o

    ----------------------------------------------------------------------
     25066        732       6348        108       1344     312569   Object Totals
         0          0         32          0          0          0   (incl. Generated)
        16          0          0          6          6          0   (incl. Padding)

    ----------------------------------------------------------------------

      Code (inc. data)   RO Data    RW Data    ZI Data      Debug   Library Member Name

        16          6          0          0          0         68   dunder.o
        40          0          0          0          0         68   fpclassify.o
       170          0          0          0          0         96   poly.o
      2528        190        136          0          0        332   pow.o
         0          0          8          0          0          0   qnan.o
        76          0          0          0          0         84   sqrt.o
         0          0          0          0          0          0   entry.o
         0          0          0          0          0          0   entry10a.o
         0          0          0          0          0          0   entry11a.o
         8          4          0          0          0          0   entry2.o
         4          0          0          0          0          0   entry5.o
         0          0          0          0          0          0   entry7b.o
         0          0          0          0          0          0   entry8b.o
         8          4          0          0          0          0   entry9a.o
        12          6          0          4          0         68   errno.o
        30          0          0          0          0          0   handlers.o
        36          8          0          0          0         68   init.o
         0          0          0          0          0          0   iusefp.o
        30          0          0          0          0         68   llshl.o
        36          0          0          0          0         68   llsshr.o
        32          0          0          0          0         68   llushr.o
        40          2          0          0          0         68   cdrcmple.o
        20          0          0          0          0         68   cfcmple.o
        56          0          0          0          0         88   d2f.o
       334          0          0          0          0        148   dadd.o
       222          0          0          0          0        100   ddiv.o
       182          0          0          0          0        176   depilogue.o
        50          0          0          0          0         76   dfixui.o
        34          0          0          0          0         76   dflti.o
        26          0          0          0          0         76   dfltui.o
       228          0          0          0          0         96   dmul.o
        46          0          0          0          0         80   dscalb.o
       162          0          0          0          0        100   dsqrt.o
        38          0          0          0          0         68   f2d.o
       176          0          0          0          0        140   fadd.o
       124          0          0          0          0         88   fdiv.o
       110          0          0          0          0        168   fepilogue.o
        50          0          0          0          0         68   ffixi.o
        40          0          0          0          0         68   ffixui.o
        10          0          0          0          0         68   ffltui.o
       100          0          0          0          0         76   fmul.o

    ----------------------------------------------------------------------
      5082        220        144          4          0       2884   Library Totals
         8          0          0          0          0          0   (incl. Padding)

    ----------------------------------------------------------------------

      Code (inc. data)   RO Data    RW Data    ZI Data      Debug   Library Name

      2830        196        144          0          0        648   m_ws.l
       196         22          0          4          0        340   mc_w.l
      2048          2          0          0          0       1896   mf_w.l

    ----------------------------------------------------------------------
      5082        220        144          4          0       2884   Library Totals

    ----------------------------------------------------------------------

==============================================================================


      Code (inc. data)   RO Data    RW Data    ZI Data      Debug   

     30148        952       6492        112       1344     310197   Grand Totals
     30148        952       6492        112       1344     310197   ELF Image Totals
     30148        952       6492        112          0          0   ROM Totals

==============================================================================

    Total RO  Size (Code + RO Data)                36640 (  35.78kB)
    Total RW  Size (RW Data + ZI Data)              1456 (   1.42kB)
    Total ROM Size (Code + RO Data + RW Data)      36752 (  35.89kB)

==============================================================================

