Product: MDK-ARM Professional 5.10
Component: ARM Compiler 5.04 update 1 (build 49)
Tool: armlink [5040049]

==============================================================================

Section Cross References

    main.o(i.chage_char) refers to lcd.o(i.LCD_ShowString) for LCD_ShowString
    main.o(i.init) refers to system_stm32f10x.o(i.SystemInit) for SystemInit
    main.o(i.init) refers to user_delay.o(i.delay_init) for delay_init
    main.o(i.init) refers to nvic.o(i.NVIC_Configuration) for NVIC_Configuration
    main.o(i.init) refers to gpio.o(i.GPIO_Configuration) for GPIO_Configuration
    main.o(i.init) refers to sci.o(i.USART1_Configuration) for USART1_Configuration
    main.o(i.init) refers to stm32f10x_usart.o(i.USART_ClearFlag) for USART_ClearFlag
    main.o(i.init) refers to sci.o(i.USART2_Configuration) for USART2_Configuration
    main.o(i.init) refers to sci.o(i.USART3_Configuration) for USART3_Configuration
    main.o(i.main) refers to main.o(i.init) for init
    main.o(i.main) refers to lcd.o(i.LCD_Init) for LCD_Init
    main.o(i.main) refers to myiic.o(i.IIC_Init) for IIC_Init
    main.o(i.main) refers to bmp180.o(i.bmp180_Init) for bmp180_Init
    main.o(i.main) refers to lcd.o(i.LCD_ShowString) for LCD_ShowString
    main.o(i.main) refers to ffixui.o(.text) for __aeabi_f2uiz
    main.o(i.main) refers to ffixi.o(.text) for __aeabi_f2iz
    main.o(i.main) refers to bmp180.o(i.Pressure_Convert) for Pressure_Convert
    main.o(i.main) refers to fflti.o(.text) for __aeabi_i2f
    main.o(i.main) refers to user_delay.o(i.delay_ms) for delay_ms
    main.o(i.main) refers to sci.o(i.itoa) for itoa
    main.o(i.main) refers to sci.o(i.USART_printf) for USART_printf
    main.o(i.main) refers to lcd.o(i.LCD_ShowxNum) for LCD_ShowxNum
    main.o(i.main) refers to main.o(i.chage_char) for chage_char
    main.o(i.main) refers to lcd.o(.data) for POINT_COLOR
    sci.o(i.USART1_Configuration) refers to stm32f10x_usart.o(i.USART_Init) for USART_Init
    sci.o(i.USART1_Configuration) refers to stm32f10x_usart.o(i.USART_ITConfig) for USART_ITConfig
    sci.o(i.USART1_Configuration) refers to stm32f10x_usart.o(i.USART_Cmd) for USART_Cmd
    sci.o(i.USART1_IRQHandler) refers to stm32f10x_usart.o(i.USART_GetITStatus) for USART_GetITStatus
    sci.o(i.USART1_IRQHandler) refers to stm32f10x_usart.o(i.USART_ReceiveData) for USART_ReceiveData
    sci.o(i.USART1_IRQHandler) refers to sci.o(.bss) for .bss
    sci.o(i.USART1_IRQHandler) refers to sci.o(.data) for .data
    sci.o(i.USART2_Configuration) refers to stm32f10x_usart.o(i.USART_Init) for USART_Init
    sci.o(i.USART2_Configuration) refers to stm32f10x_usart.o(i.USART_ITConfig) for USART_ITConfig
    sci.o(i.USART2_Configuration) refers to stm32f10x_usart.o(i.USART_Cmd) for USART_Cmd
    sci.o(i.USART2_IRQHandler) refers to stm32f10x_usart.o(i.USART_GetITStatus) for USART_GetITStatus
    sci.o(i.USART2_IRQHandler) refers to stm32f10x_usart.o(i.USART_ReceiveData) for USART_ReceiveData
    sci.o(i.USART2_IRQHandler) refers to sci.o(.bss) for .bss
    sci.o(i.USART2_IRQHandler) refers to sci.o(.data) for .data
    sci.o(i.USART3_Configuration) refers to stm32f10x_usart.o(i.USART_Init) for USART_Init
    sci.o(i.USART3_Configuration) refers to stm32f10x_usart.o(i.USART_ITConfig) for USART_ITConfig
    sci.o(i.USART3_Configuration) refers to stm32f10x_usart.o(i.USART_Cmd) for USART_Cmd
    sci.o(i.USART3_IRQHandler) refers to stm32f10x_usart.o(i.USART_GetITStatus) for USART_GetITStatus
    sci.o(i.USART3_IRQHandler) refers to stm32f10x_usart.o(i.USART_ReceiveData) for USART_ReceiveData
    sci.o(i.USART3_IRQHandler) refers to sci.o(.bss) for .bss
    sci.o(i.USART3_IRQHandler) refers to sci.o(.data) for .data
    sci.o(i.USART_printf) refers to stm32f10x_usart.o(i.USART_SendData) for USART_SendData
    sci.o(i.USART_printf) refers to stm32f10x_usart.o(i.USART_GetFlagStatus) for USART_GetFlagStatus
    sci.o(i.USART_printf) refers to sci.o(i.itoa) for itoa
    sci.o(i.fputc) refers to stm32f10x_usart.o(i.USART_SendData) for USART_SendData
    gpio.o(i.GPIO_Configuration) refers to stm32f10x_rcc.o(i.RCC_APB2PeriphClockCmd) for RCC_APB2PeriphClockCmd
    gpio.o(i.GPIO_Configuration) refers to stm32f10x_rcc.o(i.RCC_APB1PeriphClockCmd) for RCC_APB1PeriphClockCmd
    gpio.o(i.GPIO_Configuration) refers to stm32f10x_gpio.o(i.GPIO_Init) for GPIO_Init
    nvic.o(i.NVIC_Configuration) refers to misc.o(i.NVIC_SetVectorTable) for NVIC_SetVectorTable
    nvic.o(i.NVIC_Configuration) refers to misc.o(i.NVIC_PriorityGroupConfig) for NVIC_PriorityGroupConfig
    nvic.o(i.NVIC_Configuration) refers to misc.o(i.NVIC_Init) for NVIC_Init
    user_delay.o(i.delay_init) refers to user_delay.o(.data) for .data
    user_delay.o(i.delay_ms) refers to user_delay.o(.data) for .data
    user_delay.o(i.delay_us) refers to user_delay.o(.data) for .data
    myiic.o(i.IIC_Ack) refers to user_delay.o(i.delay_us) for delay_us
    myiic.o(i.IIC_Init) refers to stm32f10x_rcc.o(i.RCC_APB2PeriphClockCmd) for RCC_APB2PeriphClockCmd
    myiic.o(i.IIC_Init) refers to stm32f10x_gpio.o(i.GPIO_Init) for GPIO_Init
    myiic.o(i.IIC_NAck) refers to user_delay.o(i.delay_us) for delay_us
    myiic.o(i.IIC_Read_Byte) refers to user_delay.o(i.delay_us) for delay_us
    myiic.o(i.IIC_Read_Byte) refers to myiic.o(i.IIC_Ack) for IIC_Ack
    myiic.o(i.IIC_Read_Byte) refers to myiic.o(i.IIC_NAck) for IIC_NAck
    myiic.o(i.IIC_Send_Byte) refers to user_delay.o(i.delay_us) for delay_us
    myiic.o(i.IIC_Send_Byte) refers to myiic.o(i.IIC_Wait_Ack) for IIC_Wait_Ack
    myiic.o(i.IIC_Start) refers to user_delay.o(i.delay_us) for delay_us
    myiic.o(i.IIC_Stop) refers to user_delay.o(i.delay_us) for delay_us
    myiic.o(i.IIC_Wait_Ack) refers to user_delay.o(i.delay_us) for delay_us
    myiic.o(i.IIC_Wait_Ack) refers to myiic.o(i.IIC_Stop) for IIC_Stop
    bmp180.o(i.Multiple_read) refers to myiic.o(i.IIC_Start) for IIC_Start
    bmp180.o(i.Multiple_read) refers to myiic.o(i.IIC_Send_Byte) for IIC_Send_Byte
    bmp180.o(i.Multiple_read) refers to myiic.o(i.IIC_Read_Byte) for IIC_Read_Byte
    bmp180.o(i.Multiple_read) refers to myiic.o(i.IIC_Stop) for IIC_Stop
    bmp180.o(i.Multiple_read) refers to user_delay.o(i.delay_ms) for delay_ms
    bmp180.o(i.Pressure_Convert) refers to bmp180.o(i.bmp180ReadTemp) for bmp180ReadTemp
    bmp180.o(i.Pressure_Convert) refers to bmp180.o(i.bmp180ReadPressure) for bmp180ReadPressure
    bmp180.o(i.Pressure_Convert) refers to bmp180.o(.data) for .data
    bmp180.o(i.Temperature_Convert) refers to bmp180.o(i.bmp180ReadTemp) for bmp180ReadTemp
    bmp180.o(i.Temperature_Convert) refers to bmp180.o(.data) for .data
    bmp180.o(i.bmp180ReadPressure) refers to myiic.o(i.IIC_Start) for IIC_Start
    bmp180.o(i.bmp180ReadPressure) refers to myiic.o(i.IIC_Send_Byte) for IIC_Send_Byte
    bmp180.o(i.bmp180ReadPressure) refers to myiic.o(i.IIC_Stop) for IIC_Stop
    bmp180.o(i.bmp180ReadPressure) refers to user_delay.o(i.delay_ms) for delay_ms
    bmp180.o(i.bmp180ReadPressure) refers to bmp180.o(i.Multiple_read) for Multiple_read
    bmp180.o(i.bmp180ReadTemp) refers to myiic.o(i.IIC_Start) for IIC_Start
    bmp180.o(i.bmp180ReadTemp) refers to myiic.o(i.IIC_Send_Byte) for IIC_Send_Byte
    bmp180.o(i.bmp180ReadTemp) refers to myiic.o(i.IIC_Stop) for IIC_Stop
    bmp180.o(i.bmp180ReadTemp) refers to user_delay.o(i.delay_ms) for delay_ms
    bmp180.o(i.bmp180ReadTemp) refers to bmp180.o(i.Multiple_read) for Multiple_read
    bmp180.o(i.bmp180_Init) refers to bmp180.o(i.Multiple_read) for Multiple_read
    bmp180.o(i.bmp180_Init) refers to bmp180.o(.data) for .data
    lcd.o(i.LCD_Clear) refers to lcd.o(i.LCD_SetCursor) for LCD_SetCursor
    lcd.o(i.LCD_Clear) refers to lcd.o(i.LCD_WriteRAM_Prepare) for LCD_WriteRAM_Prepare
    lcd.o(i.LCD_Clear) refers to lcd.o(.bss) for .bss
    lcd.o(i.LCD_Color_Fill) refers to lcd.o(i.LCD_SetCursor) for LCD_SetCursor
    lcd.o(i.LCD_Color_Fill) refers to lcd.o(i.LCD_WriteRAM_Prepare) for LCD_WriteRAM_Prepare
    lcd.o(i.LCD_DisplayOff) refers to lcd.o(i.LCD_WriteReg) for LCD_WriteReg
    lcd.o(i.LCD_DisplayOff) refers to lcd.o(i.LCD_WR_REG) for LCD_WR_REG
    lcd.o(i.LCD_DisplayOff) refers to lcd.o(.bss) for .bss
    lcd.o(i.LCD_DisplayOn) refers to lcd.o(i.LCD_WriteReg) for LCD_WriteReg
    lcd.o(i.LCD_DisplayOn) refers to lcd.o(i.LCD_WR_REG) for LCD_WR_REG
    lcd.o(i.LCD_DisplayOn) refers to lcd.o(.bss) for .bss
    lcd.o(i.LCD_Display_Dir) refers to lcd.o(i.LCD_Scan_Dir) for LCD_Scan_Dir
    lcd.o(i.LCD_Display_Dir) refers to lcd.o(.bss) for .bss
    lcd.o(i.LCD_DrawLine) refers to lcd.o(i.LCD_DrawPoint) for LCD_DrawPoint
    lcd.o(i.LCD_DrawPoint) refers to lcd.o(i.LCD_SetCursor) for LCD_SetCursor
    lcd.o(i.LCD_DrawPoint) refers to lcd.o(i.LCD_WriteRAM_Prepare) for LCD_WriteRAM_Prepare
    lcd.o(i.LCD_DrawPoint) refers to lcd.o(.data) for .data
    lcd.o(i.LCD_DrawRectangle) refers to lcd.o(i.LCD_DrawLine) for LCD_DrawLine
    lcd.o(i.LCD_Draw_Circle) refers to lcd.o(i.LCD_DrawPoint) for LCD_DrawPoint
    lcd.o(i.LCD_Fast_DrawPoint) refers to lcd.o(i.LCD_WR_REG) for LCD_WR_REG
    lcd.o(i.LCD_Fast_DrawPoint) refers to lcd.o(i.LCD_WriteReg) for LCD_WriteReg
    lcd.o(i.LCD_Fast_DrawPoint) refers to lcd.o(.bss) for .bss
    lcd.o(i.LCD_Fill) refers to lcd.o(i.LCD_SetCursor) for LCD_SetCursor
    lcd.o(i.LCD_Fill) refers to lcd.o(i.LCD_WriteRAM_Prepare) for LCD_WriteRAM_Prepare
    lcd.o(i.LCD_Fill) refers to lcd.o(.bss) for .bss
    lcd.o(i.LCD_Init) refers to stm32f10x_rcc.o(i.RCC_APB2PeriphClockCmd) for RCC_APB2PeriphClockCmd
    lcd.o(i.LCD_Init) refers to stm32f10x_gpio.o(i.GPIO_PinRemapConfig) for GPIO_PinRemapConfig
    lcd.o(i.LCD_Init) refers to stm32f10x_gpio.o(i.GPIO_Init) for GPIO_Init
    lcd.o(i.LCD_Init) refers to stm32f10x_gpio.o(i.GPIO_SetBits) for GPIO_SetBits
    lcd.o(i.LCD_Init) refers to user_delay.o(i.delay_ms) for delay_ms
    lcd.o(i.LCD_Init) refers to lcd.o(i.LCD_WriteReg) for LCD_WriteReg
    lcd.o(i.LCD_Init) refers to lcd.o(i.LCD_ReadReg) for LCD_ReadReg
    lcd.o(i.LCD_Init) refers to lcd.o(i.LCD_WR_REG) for LCD_WR_REG
    lcd.o(i.LCD_Init) refers to lcd.o(i.LCD_RD_DATA) for LCD_RD_DATA
    lcd.o(i.LCD_Init) refers to lcd.o(i.LCD_WR_DATAX) for LCD_WR_DATAX
    lcd.o(i.LCD_Init) refers to lcd.o(.bss) for .bss
    lcd.o(i.LCD_Init) refers to user_delay.o(i.delay_us) for delay_us
    lcd.o(i.LCD_Init) refers to lcd.o(i.LCD_SSD_BackLightSet) for LCD_SSD_BackLightSet
    lcd.o(i.LCD_Init) refers to lcd.o(i.LCD_Display_Dir) for LCD_Display_Dir
    lcd.o(i.LCD_Init) refers to lcd.o(i.LCD_Clear) for LCD_Clear
    lcd.o(i.LCD_RD_DATA) refers to user_delay.o(i.delay_us) for delay_us
    lcd.o(i.LCD_RD_DATA) refers to lcd.o(.bss) for .bss
    lcd.o(i.LCD_ReadPoint) refers to lcd.o(i.LCD_SetCursor) for LCD_SetCursor
    lcd.o(i.LCD_ReadPoint) refers to lcd.o(i.LCD_WR_REG) for LCD_WR_REG
    lcd.o(i.LCD_ReadPoint) refers to lcd.o(i.LCD_BGR2RGB) for LCD_BGR2RGB
    lcd.o(i.LCD_ReadPoint) refers to lcd.o(.bss) for .bss
    lcd.o(i.LCD_ReadReg) refers to lcd.o(i.LCD_WR_REG) for LCD_WR_REG
    lcd.o(i.LCD_ReadReg) refers to lcd.o(i.LCD_RD_DATA) for LCD_RD_DATA
    lcd.o(i.LCD_SSD_BackLightSet) refers to lcd.o(i.LCD_WR_REG) for LCD_WR_REG
    lcd.o(i.LCD_SSD_BackLightSet) refers to dfltui.o(.text) for __aeabi_ui2d
    lcd.o(i.LCD_SSD_BackLightSet) refers to dmul.o(.text) for __aeabi_dmul
    lcd.o(i.LCD_SSD_BackLightSet) refers to dfixui.o(.text) for __aeabi_d2uiz
    lcd.o(i.LCD_Scan_Dir) refers to lcd.o(i.LCD_WriteReg) for LCD_WriteReg
    lcd.o(i.LCD_Scan_Dir) refers to lcd.o(i.LCD_WR_REG) for LCD_WR_REG
    lcd.o(i.LCD_Scan_Dir) refers to lcd.o(.bss) for .bss
    lcd.o(i.LCD_SetCursor) refers to lcd.o(i.LCD_WR_REG) for LCD_WR_REG
    lcd.o(i.LCD_SetCursor) refers to lcd.o(i.LCD_WriteReg) for LCD_WriteReg
    lcd.o(i.LCD_SetCursor) refers to lcd.o(.bss) for .bss
    lcd.o(i.LCD_Set_Window) refers to lcd.o(i.LCD_WR_REG) for LCD_WR_REG
    lcd.o(i.LCD_Set_Window) refers to lcd.o(i.LCD_WriteReg) for LCD_WriteReg
    lcd.o(i.LCD_Set_Window) refers to lcd.o(i.LCD_SetCursor) for LCD_SetCursor
    lcd.o(i.LCD_Set_Window) refers to lcd.o(.bss) for .bss
    lcd.o(i.LCD_ShowChar) refers to lcd.o(i.LCD_Fast_DrawPoint) for LCD_Fast_DrawPoint
    lcd.o(i.LCD_ShowChar) refers to lcd.o(.constdata) for .constdata
    lcd.o(i.LCD_ShowChar) refers to lcd.o(.data) for .data
    lcd.o(i.LCD_ShowChar) refers to lcd.o(.bss) for .bss
    lcd.o(i.LCD_ShowNum) refers to lcd.o(i.LCD_Pow) for LCD_Pow
    lcd.o(i.LCD_ShowNum) refers to lcd.o(i.LCD_ShowChar) for LCD_ShowChar
    lcd.o(i.LCD_ShowString) refers to lcd.o(i.LCD_ShowChar) for LCD_ShowChar
    lcd.o(i.LCD_ShowxNum) refers to lcd.o(i.LCD_Pow) for LCD_Pow
    lcd.o(i.LCD_ShowxNum) refers to lcd.o(i.LCD_ShowChar) for LCD_ShowChar
    lcd.o(i.LCD_WriteRAM_Prepare) refers to lcd.o(i.LCD_WR_REG) for LCD_WR_REG
    lcd.o(i.LCD_WriteRAM_Prepare) refers to lcd.o(.bss) for .bss
    lcd.o(i.LCD_WriteReg) refers to lcd.o(i.LCD_WR_REG) for LCD_WR_REG
    stm32f10x_usart.o(i.USART_DeInit) refers to stm32f10x_rcc.o(i.RCC_APB2PeriphResetCmd) for RCC_APB2PeriphResetCmd
    stm32f10x_usart.o(i.USART_DeInit) refers to stm32f10x_rcc.o(i.RCC_APB1PeriphResetCmd) for RCC_APB1PeriphResetCmd
    stm32f10x_usart.o(i.USART_Init) refers to stm32f10x_rcc.o(i.RCC_GetClocksFreq) for RCC_GetClocksFreq
    stm32f10x_gpio.o(i.GPIO_AFIODeInit) refers to stm32f10x_rcc.o(i.RCC_APB2PeriphResetCmd) for RCC_APB2PeriphResetCmd
    stm32f10x_gpio.o(i.GPIO_DeInit) refers to stm32f10x_rcc.o(i.RCC_APB2PeriphResetCmd) for RCC_APB2PeriphResetCmd
    stm32f10x_rcc.o(i.RCC_GetClocksFreq) refers to stm32f10x_rcc.o(.data) for .data
    stm32f10x_rcc.o(i.RCC_WaitForHSEStartUp) refers to stm32f10x_rcc.o(i.RCC_GetFlagStatus) for RCC_GetFlagStatus
    stm32f10x_adc.o(i.ADC_DeInit) refers to stm32f10x_rcc.o(i.RCC_APB2PeriphResetCmd) for RCC_APB2PeriphResetCmd
    system_stm32f10x.o(i.SystemCoreClockUpdate) refers to system_stm32f10x.o(.data) for .data
    system_stm32f10x.o(i.SystemInit) refers to system_stm32f10x.o(i.SetSysClockTo72) for SetSysClockTo72
    startup_stm32f10x_md.o(RESET) refers to startup_stm32f10x_md.o(STACK) for __initial_sp
    startup_stm32f10x_md.o(RESET) refers to startup_stm32f10x_md.o(.text) for Reset_Handler
    startup_stm32f10x_md.o(RESET) refers to stm32f10x_it.o(i.NMI_Handler) for NMI_Handler
    startup_stm32f10x_md.o(RESET) refers to stm32f10x_it.o(i.HardFault_Handler) for HardFault_Handler
    startup_stm32f10x_md.o(RESET) refers to stm32f10x_it.o(i.MemManage_Handler) for MemManage_Handler
    startup_stm32f10x_md.o(RESET) refers to stm32f10x_it.o(i.BusFault_Handler) for BusFault_Handler
    startup_stm32f10x_md.o(RESET) refers to stm32f10x_it.o(i.UsageFault_Handler) for UsageFault_Handler
    startup_stm32f10x_md.o(RESET) refers to stm32f10x_it.o(i.SVC_Handler) for SVC_Handler
    startup_stm32f10x_md.o(RESET) refers to stm32f10x_it.o(i.DebugMon_Handler) for DebugMon_Handler
    startup_stm32f10x_md.o(RESET) refers to stm32f10x_it.o(i.PendSV_Handler) for PendSV_Handler
    startup_stm32f10x_md.o(RESET) refers to stm32f10x_it.o(i.SysTick_Handler) for SysTick_Handler
    startup_stm32f10x_md.o(RESET) refers to sci.o(i.USART1_IRQHandler) for USART1_IRQHandler
    startup_stm32f10x_md.o(RESET) refers to sci.o(i.USART2_IRQHandler) for USART2_IRQHandler
    startup_stm32f10x_md.o(RESET) refers to sci.o(i.USART3_IRQHandler) for USART3_IRQHandler
    startup_stm32f10x_md.o(RESET) refers to stm32f10x_it.o(i.EXTI15_10_IRQHandler) for EXTI15_10_IRQHandler
    startup_stm32f10x_md.o(.text) refers to system_stm32f10x.o(i.SystemInit) for SystemInit
    startup_stm32f10x_md.o(.text) refers to entry.o(.ARM.Collect$$$$00000000) for __main
    entry.o(.ARM.Collect$$$$00000000) refers (Special) to entry10a.o(.ARM.Collect$$$$0000000D) for __rt_final_cpp
    entry.o(.ARM.Collect$$$$00000000) refers (Special) to entry11a.o(.ARM.Collect$$$$0000000F) for __rt_final_exit
    entry.o(.ARM.Collect$$$$00000000) refers (Special) to entry7b.o(.ARM.Collect$$$$00000008) for _main_clock
    entry.o(.ARM.Collect$$$$00000000) refers (Special) to entry8b.o(.ARM.Collect$$$$0000000A) for _main_cpp_init
    entry.o(.ARM.Collect$$$$00000000) refers (Special) to entry9a.o(.ARM.Collect$$$$0000000B) for _main_init
    entry.o(.ARM.Collect$$$$00000000) refers (Special) to entry5.o(.ARM.Collect$$$$00000004) for _main_scatterload
    entry.o(.ARM.Collect$$$$00000000) refers (Special) to entry2.o(.ARM.Collect$$$$00000001) for _main_stk
    dmul.o(.text) refers (Special) to iusefp.o(.text) for __I$use$fp
    dmul.o(.text) refers to depilogue.o(.text) for _double_epilogue
    fflti.o(.text) refers (Special) to iusefp.o(.text) for __I$use$fp
    fflti.o(.text) refers to fepilogue.o(.text) for _float_epilogue
    dfltui.o(.text) refers (Special) to iusefp.o(.text) for __I$use$fp
    dfltui.o(.text) refers to depilogue.o(.text) for _double_epilogue
    ffixi.o(.text) refers (Special) to iusefp.o(.text) for __I$use$fp
    ffixui.o(.text) refers (Special) to iusefp.o(.text) for __I$use$fp
    dfixui.o(.text) refers (Special) to iusefp.o(.text) for __I$use$fp
    dfixui.o(.text) refers to llushr.o(.text) for __aeabi_llsr
    entry2.o(.ARM.Collect$$$$00000001) refers to entry2.o(.ARM.Collect$$$$00002712) for __lit__00000000
    entry2.o(.ARM.Collect$$$$00002712) refers to startup_stm32f10x_md.o(STACK) for __initial_sp
    entry2.o(__vectab_stack_and_reset_area) refers to startup_stm32f10x_md.o(STACK) for __initial_sp
    entry2.o(__vectab_stack_and_reset_area) refers to entry.o(.ARM.Collect$$$$00000000) for __main
    entry5.o(.ARM.Collect$$$$00000004) refers to init.o(.text) for __scatterload
    entry9a.o(.ARM.Collect$$$$0000000B) refers to main.o(i.main) for main
    entry9b.o(.ARM.Collect$$$$0000000C) refers to main.o(i.main) for main
    depilogue.o(.text) refers to llshl.o(.text) for __aeabi_llsl
    depilogue.o(.text) refers to llushr.o(.text) for __aeabi_llsr
    init.o(.text) refers to entry5.o(.ARM.Collect$$$$00000004) for __main_after_scatterload


==============================================================================

Removing Unused input sections from the image.

    Removing stm32f10x_it.o(i.ETH_IRQHandler), (2 bytes).
    Removing sci.o(i.RS232_Send1_Data), (32 bytes).
    Removing sci.o(i.RS232_Send2_Data), (32 bytes).
    Removing sci.o(i.RS232_Send3_Data), (32 bytes).
    Removing sci.o(i.fputc), (28 bytes).
    Removing bmp180.o(i.Temperature_Convert), (48 bytes).
    Removing lcd.o(i.LCD_BGR2RGB), (18 bytes).
    Removing lcd.o(i.LCD_Color_Fill), (116 bytes).
    Removing lcd.o(i.LCD_DisplayOff), (68 bytes).
    Removing lcd.o(i.LCD_DisplayOn), (72 bytes).
    Removing lcd.o(i.LCD_DrawLine), (150 bytes).
    Removing lcd.o(i.LCD_DrawPoint), (52 bytes).
    Removing lcd.o(i.LCD_DrawRectangle), (56 bytes).
    Removing lcd.o(i.LCD_Draw_Circle), (176 bytes).
    Removing lcd.o(i.LCD_Fill), (172 bytes).
    Removing lcd.o(i.LCD_ReadPoint), (400 bytes).
    Removing lcd.o(i.LCD_Set_Window), (820 bytes).
    Removing lcd.o(i.LCD_ShowNum), (118 bytes).
    Removing lcd.o(i.LCD_WriteRAM), (36 bytes).
    Removing lcd.o(i.opt_delay), (8 bytes).
    Removing stm32f10x_usart.o(i.USART_ClearITPendingBit), (12 bytes).
    Removing stm32f10x_usart.o(i.USART_ClockInit), (30 bytes).
    Removing stm32f10x_usart.o(i.USART_ClockStructInit), (12 bytes).
    Removing stm32f10x_usart.o(i.USART_DMACmd), (16 bytes).
    Removing stm32f10x_usart.o(i.USART_DeInit), (116 bytes).
    Removing stm32f10x_usart.o(i.USART_HalfDuplexCmd), (20 bytes).
    Removing stm32f10x_usart.o(i.USART_IrDACmd), (20 bytes).
    Removing stm32f10x_usart.o(i.USART_IrDAConfig), (16 bytes).
    Removing stm32f10x_usart.o(i.USART_LINBreakDetectLengthConfig), (16 bytes).
    Removing stm32f10x_usart.o(i.USART_LINCmd), (20 bytes).
    Removing stm32f10x_usart.o(i.USART_OneBitMethodCmd), (20 bytes).
    Removing stm32f10x_usart.o(i.USART_OverSampling8Cmd), (20 bytes).
    Removing stm32f10x_usart.o(i.USART_ReceiverWakeUpCmd), (20 bytes).
    Removing stm32f10x_usart.o(i.USART_SendBreak), (10 bytes).
    Removing stm32f10x_usart.o(i.USART_SetAddress), (16 bytes).
    Removing stm32f10x_usart.o(i.USART_SetGuardTime), (16 bytes).
    Removing stm32f10x_usart.o(i.USART_SetPrescaler), (16 bytes).
    Removing stm32f10x_usart.o(i.USART_SmartCardCmd), (20 bytes).
    Removing stm32f10x_usart.o(i.USART_SmartCardNACKCmd), (20 bytes).
    Removing stm32f10x_usart.o(i.USART_StructInit), (22 bytes).
    Removing stm32f10x_usart.o(i.USART_WakeUpConfig), (16 bytes).
    Removing stm32f10x_gpio.o(i.GPIO_AFIODeInit), (22 bytes).
    Removing stm32f10x_gpio.o(i.GPIO_DeInit), (180 bytes).
    Removing stm32f10x_gpio.o(i.GPIO_ETH_MediaInterfaceConfig), (12 bytes).
    Removing stm32f10x_gpio.o(i.GPIO_EXTILineConfig), (40 bytes).
    Removing stm32f10x_gpio.o(i.GPIO_EventOutputCmd), (12 bytes).
    Removing stm32f10x_gpio.o(i.GPIO_EventOutputConfig), (28 bytes).
    Removing stm32f10x_gpio.o(i.GPIO_PinLockConfig), (16 bytes).
    Removing stm32f10x_gpio.o(i.GPIO_ReadInputData), (6 bytes).
    Removing stm32f10x_gpio.o(i.GPIO_ReadInputDataBit), (14 bytes).
    Removing stm32f10x_gpio.o(i.GPIO_ReadOutputData), (6 bytes).
    Removing stm32f10x_gpio.o(i.GPIO_ReadOutputDataBit), (14 bytes).
    Removing stm32f10x_gpio.o(i.GPIO_ResetBits), (4 bytes).
    Removing stm32f10x_gpio.o(i.GPIO_StructInit), (16 bytes).
    Removing stm32f10x_gpio.o(i.GPIO_Write), (4 bytes).
    Removing stm32f10x_gpio.o(i.GPIO_WriteBit), (10 bytes).
    Removing stm32f10x_rcc.o(i.RCC_ADCCLKConfig), (20 bytes).
    Removing stm32f10x_rcc.o(i.RCC_AHBPeriphClockCmd), (24 bytes).
    Removing stm32f10x_rcc.o(i.RCC_APB1PeriphResetCmd), (24 bytes).
    Removing stm32f10x_rcc.o(i.RCC_APB2PeriphResetCmd), (24 bytes).
    Removing stm32f10x_rcc.o(i.RCC_AdjustHSICalibrationValue), (20 bytes).
    Removing stm32f10x_rcc.o(i.RCC_BackupResetCmd), (12 bytes).
    Removing stm32f10x_rcc.o(i.RCC_ClearFlag), (16 bytes).
    Removing stm32f10x_rcc.o(i.RCC_ClearITPendingBit), (12 bytes).
    Removing stm32f10x_rcc.o(i.RCC_ClockSecuritySystemCmd), (12 bytes).
    Removing stm32f10x_rcc.o(i.RCC_DeInit), (64 bytes).
    Removing stm32f10x_rcc.o(i.RCC_GetFlagStatus), (48 bytes).
    Removing stm32f10x_rcc.o(i.RCC_GetITStatus), (20 bytes).
    Removing stm32f10x_rcc.o(i.RCC_GetSYSCLKSource), (16 bytes).
    Removing stm32f10x_rcc.o(i.RCC_HCLKConfig), (20 bytes).
    Removing stm32f10x_rcc.o(i.RCC_HSEConfig), (52 bytes).
    Removing stm32f10x_rcc.o(i.RCC_HSICmd), (12 bytes).
    Removing stm32f10x_rcc.o(i.RCC_ITConfig), (24 bytes).
    Removing stm32f10x_rcc.o(i.RCC_LSEConfig), (32 bytes).
    Removing stm32f10x_rcc.o(i.RCC_LSICmd), (12 bytes).
    Removing stm32f10x_rcc.o(i.RCC_MCOConfig), (12 bytes).
    Removing stm32f10x_rcc.o(i.RCC_PCLK1Config), (20 bytes).
    Removing stm32f10x_rcc.o(i.RCC_PCLK2Config), (20 bytes).
    Removing stm32f10x_rcc.o(i.RCC_PLLCmd), (12 bytes).
    Removing stm32f10x_rcc.o(i.RCC_PLLCoLnfig), (20 bytes).
    Removing stm32f10x_rcc.o(i.RCC_RTCCLKCmd), (12 bytes).
    Removing stm32f10x_rcc.o(i.RCC_RTCCLKConfig), (16 bytes).
    Removing stm32f10x_rcc.o(i.RCC_SYSCLKConfig), (20 bytes).
    Removing stm32f10x_rcc.o(i.RCC_USBCLKConfig), (12 bytes).
    Removing stm32f10x_rcc.o(i.RCC_WaitForHSEStartUp), (44 bytes).
    Removing misc.o(i.NVIC_SystemLPConfig), (24 bytes).
    Removing misc.o(i.SysTick_CLKSourceConfig), (24 bytes).
    Removing stm32f10x_adc.o(i.ADC_AnalogWatchdogCmd), (16 bytes).
    Removing stm32f10x_adc.o(i.ADC_AnalogWatchdogSingleChannelConfig), (12 bytes).
    Removing stm32f10x_adc.o(i.ADC_AnalogWatchdogThresholdsConfig), (6 bytes).
    Removing stm32f10x_adc.o(i.ADC_AutoInjectedConvCmd), (20 bytes).
    Removing stm32f10x_adc.o(i.ADC_ClearFlag), (6 bytes).
    Removing stm32f10x_adc.o(i.ADC_ClearITPendingBit), (8 bytes).
    Removing stm32f10x_adc.o(i.ADC_Cmd), (20 bytes).
    Removing stm32f10x_adc.o(i.ADC_DMACmd), (20 bytes).
    Removing stm32f10x_adc.o(i.ADC_DeInit), (68 bytes).
    Removing stm32f10x_adc.o(i.ADC_DiscModeChannelCountConfig), (16 bytes).
    Removing stm32f10x_adc.o(i.ADC_DiscModeCmd), (20 bytes).
    Removing stm32f10x_adc.o(i.ADC_ExternalTrigConvCmd), (20 bytes).
    Removing stm32f10x_adc.o(i.ADC_ExternalTrigInjectedConvCmd), (20 bytes).
    Removing stm32f10x_adc.o(i.ADC_ExternalTrigInjectedConvConfig), (12 bytes).
    Removing stm32f10x_adc.o(i.ADC_GetCalibrationStatus), (14 bytes).
    Removing stm32f10x_adc.o(i.ADC_GetConversionValue), (6 bytes).
    Removing stm32f10x_adc.o(i.ADC_GetDualModeConversionValue), (12 bytes).
    Removing stm32f10x_adc.o(i.ADC_GetFlagStatus), (14 bytes).
    Removing stm32f10x_adc.o(i.ADC_GetITStatus), (28 bytes).
    Removing stm32f10x_adc.o(i.ADC_GetInjectedConversionValue), (14 bytes).
    Removing stm32f10x_adc.o(i.ADC_GetResetCalibrationStatus), (14 bytes).
    Removing stm32f10x_adc.o(i.ADC_GetSoftwareStartConvStatus), (14 bytes).
    Removing stm32f10x_adc.o(i.ADC_GetSoftwareStartInjectedConvCmdStatus), (14 bytes).
    Removing stm32f10x_adc.o(i.ADC_ITConfig), (18 bytes).
    Removing stm32f10x_adc.o(i.ADC_Init), (72 bytes).
    Removing stm32f10x_adc.o(i.ADC_InjectedChannelConfig), (74 bytes).
    Removing stm32f10x_adc.o(i.ADC_InjectedDiscModeCmd), (20 bytes).
    Removing stm32f10x_adc.o(i.ADC_InjectedSequencerLengthConfig), (16 bytes).
    Removing stm32f10x_adc.o(i.ADC_RegularChannelConfig), (116 bytes).
    Removing stm32f10x_adc.o(i.ADC_ResetCalibration), (10 bytes).
    Removing stm32f10x_adc.o(i.ADC_SetInjectedOffset), (10 bytes).
    Removing stm32f10x_adc.o(i.ADC_SoftwareStartConvCmd), (20 bytes).
    Removing stm32f10x_adc.o(i.ADC_SoftwareStartInjectedConvCmd), (20 bytes).
    Removing stm32f10x_adc.o(i.ADC_StartCalibration), (10 bytes).
    Removing stm32f10x_adc.o(i.ADC_StructInit), (18 bytes).
    Removing stm32f10x_adc.o(i.ADC_TempSensorVrefintCmd), (28 bytes).
    Removing system_stm32f10x.o(i.SystemCoreClockUpdate), (104 bytes).
    Removing system_stm32f10x.o(.data), (20 bytes).
    Removing core_cm3.o(.emb_text), (32 bytes).
    Removing startup_stm32f10x_md.o(HEAP), (512 bytes).

127 unused section(s) (total 5488 bytes) removed from the image.

==============================================================================

Image Symbol Table

    Local Symbols

    Symbol Name                              Value     Ov Type        Size  Object(Section)

    ../clib/microlib/init/entry.s            0x00000000   Number         0  entry7b.o ABSOLUTE
    ../clib/microlib/init/entry.s            0x00000000   Number         0  entry8a.o ABSOLUTE
    ../clib/microlib/init/entry.s            0x00000000   Number         0  entry8b.o ABSOLUTE
    ../clib/microlib/init/entry.s            0x00000000   Number         0  entry7a.o ABSOLUTE
    ../clib/microlib/init/entry.s            0x00000000   Number         0  entry9a.o ABSOLUTE
    ../clib/microlib/init/entry.s            0x00000000   Number         0  entry5.o ABSOLUTE
    ../clib/microlib/init/entry.s            0x00000000   Number         0  entry.o ABSOLUTE
    ../clib/microlib/init/entry.s            0x00000000   Number         0  entry9b.o ABSOLUTE
    ../clib/microlib/init/entry.s            0x00000000   Number         0  entry10a.o ABSOLUTE
    ../clib/microlib/init/entry.s            0x00000000   Number         0  entry10b.o ABSOLUTE
    ../clib/microlib/init/entry.s            0x00000000   Number         0  entry11a.o ABSOLUTE
    ../clib/microlib/init/entry.s            0x00000000   Number         0  entry2.o ABSOLUTE
    ../clib/microlib/init/entry.s            0x00000000   Number         0  entry11b.o ABSOLUTE
    ../clib/microlib/longlong.c              0x00000000   Number         0  llshl.o ABSOLUTE
    ../clib/microlib/longlong.c              0x00000000   Number         0  llushr.o ABSOLUTE
    ../clib/microlib/stubs.s                 0x00000000   Number         0  iusefp.o ABSOLUTE
    ../fplib/microlib/fpepilogue.c           0x00000000   Number         0  depilogue.o ABSOLUTE
    ../fplib/microlib/fpepilogue.c           0x00000000   Number         0  fepilogue.o ABSOLUTE
    ../fplib/microlib/fpfix.c                0x00000000   Number         0  ffixi.o ABSOLUTE
    ../fplib/microlib/fpfix.c                0x00000000   Number         0  ffixui.o ABSOLUTE
    ../fplib/microlib/fpfix.c                0x00000000   Number         0  dfixui.o ABSOLUTE
    ../fplib/microlib/fpflt.c                0x00000000   Number         0  dfltui.o ABSOLUTE
    ../fplib/microlib/fpflt.c                0x00000000   Number         0  fflti.o ABSOLUTE
    ../fplib/microlib/fpmul.c                0x00000000   Number         0  dmul.o ABSOLUTE
    ..\..\Libraries\CMSIS\CM3\DeviceSupport\ST\STM32F10x\startup\arm\startup_stm32f10x_md.s 0x00000000   Number         0  startup_stm32f10x_md.o ABSOLUTE
    ..\..\Libraries\CMSIS\Core\CM3\core_cm3.c 0x00000000   Number         0  core_cm3.o ABSOLUTE
    ..\..\Libraries\CMSIS\Core\CM3\system_stm32f10x.c 0x00000000   Number         0  system_stm32f10x.o ABSOLUTE
    ..\..\Libraries\STM32F10x_StdPeriph_Driver\src\misc.c 0x00000000   Number         0  misc.o ABSOLUTE
    ..\..\Libraries\STM32F10x_StdPeriph_Driver\src\stm32f10x_adc.c 0x00000000   Number         0  stm32f10x_adc.o ABSOLUTE
    ..\..\Libraries\STM32F10x_StdPeriph_Driver\src\stm32f10x_gpio.c 0x00000000   Number         0  stm32f10x_gpio.o ABSOLUTE
    ..\..\Libraries\STM32F10x_StdPeriph_Driver\src\stm32f10x_rcc.c 0x00000000   Number         0  stm32f10x_rcc.o ABSOLUTE
    ..\..\Libraries\STM32F10x_StdPeriph_Driver\src\stm32f10x_usart.c 0x00000000   Number         0  stm32f10x_usart.o ABSOLUTE
    ..\\..\\Libraries\\CMSIS\\Core\\CM3\\core_cm3.c 0x00000000   Number         0  core_cm3.o ABSOLUTE
    ..\src\GPIO.C                            0x00000000   Number         0  gpio.o ABSOLUTE
    ..\src\NVIC.C                            0x00000000   Number         0  nvic.o ABSOLUTE
    ..\src\SCI.c                             0x00000000   Number         0  sci.o ABSOLUTE
    ..\src\USER_delay.c                      0x00000000   Number         0  user_delay.o ABSOLUTE
    ..\src\bmp180.c                          0x00000000   Number         0  bmp180.o ABSOLUTE
    ..\src\lcd.c                             0x00000000   Number         0  lcd.o ABSOLUTE
    ..\src\main.c                            0x00000000   Number         0  main.o ABSOLUTE
    ..\src\myiic.c                           0x00000000   Number         0  myiic.o ABSOLUTE
    ..\src\stm32f10x_it.c                    0x00000000   Number         0  stm32f10x_it.o ABSOLUTE
    dc.s                                     0x00000000   Number         0  dc.o ABSOLUTE
    handlers.s                               0x00000000   Number         0  handlers.o ABSOLUTE
    init.s                                   0x00000000   Number         0  init.o ABSOLUTE
    RESET                                    0x08000000   Section      236  startup_stm32f10x_md.o(RESET)
    .ARM.Collect$$$$00000000                 0x080000ec   Section        0  entry.o(.ARM.Collect$$$$00000000)
    .ARM.Collect$$$$00000001                 0x080000ec   Section        4  entry2.o(.ARM.Collect$$$$00000001)
    .ARM.Collect$$$$00000004                 0x080000f0   Section        4  entry5.o(.ARM.Collect$$$$00000004)
    .ARM.Collect$$$$00000008                 0x080000f4   Section        0  entry7b.o(.ARM.Collect$$$$00000008)
    .ARM.Collect$$$$0000000A                 0x080000f4   Section        0  entry8b.o(.ARM.Collect$$$$0000000A)
    .ARM.Collect$$$$0000000B                 0x080000f4   Section        8  entry9a.o(.ARM.Collect$$$$0000000B)
    .ARM.Collect$$$$0000000D                 0x080000fc   Section        0  entry10a.o(.ARM.Collect$$$$0000000D)
    .ARM.Collect$$$$0000000F                 0x080000fc   Section        0  entry11a.o(.ARM.Collect$$$$0000000F)
    .ARM.Collect$$$$00002712                 0x080000fc   Section        4  entry2.o(.ARM.Collect$$$$00002712)
    __lit__00000000                          0x080000fc   Data           4  entry2.o(.ARM.Collect$$$$00002712)
    .text                                    0x08000100   Section       36  startup_stm32f10x_md.o(.text)
    .text                                    0x08000124   Section        0  dmul.o(.text)
    .text                                    0x08000208   Section        0  fflti.o(.text)
    .text                                    0x0800021a   Section        0  dfltui.o(.text)
    .text                                    0x08000234   Section        0  ffixi.o(.text)
    .text                                    0x08000266   Section        0  ffixui.o(.text)
    .text                                    0x0800028e   Section        0  dfixui.o(.text)
    .text                                    0x080002c0   Section        0  llushr.o(.text)
    .text                                    0x080002e0   Section        0  iusefp.o(.text)
    .text                                    0x080002e0   Section        0  fepilogue.o(.text)
    .text                                    0x0800034e   Section        0  depilogue.o(.text)
    .text                                    0x08000404   Section       36  init.o(.text)
    .text                                    0x08000428   Section        0  llshl.o(.text)
    i.BusFault_Handler                       0x08000446   Section        0  stm32f10x_it.o(i.BusFault_Handler)
    i.DebugMon_Handler                       0x08000448   Section        0  stm32f10x_it.o(i.DebugMon_Handler)
    i.EXTI15_10_IRQHandler                   0x0800044a   Section        0  stm32f10x_it.o(i.EXTI15_10_IRQHandler)
    i.GPIO_Configuration                     0x0800044c   Section        0  gpio.o(i.GPIO_Configuration)
    i.GPIO_Init                              0x0800053c   Section        0  stm32f10x_gpio.o(i.GPIO_Init)
    i.GPIO_PinRemapConfig                    0x080005d8   Section        0  stm32f10x_gpio.o(i.GPIO_PinRemapConfig)
    i.GPIO_SetBits                           0x08000630   Section        0  stm32f10x_gpio.o(i.GPIO_SetBits)
    i.HardFault_Handler                      0x08000634   Section        0  stm32f10x_it.o(i.HardFault_Handler)
    i.IIC_Ack                                0x08000638   Section        0  myiic.o(i.IIC_Ack)
    i.IIC_Init                               0x08000678   Section        0  myiic.o(i.IIC_Init)
    i.IIC_NAck                               0x080006b4   Section        0  myiic.o(i.IIC_NAck)
    i.IIC_Read_Byte                          0x080006f4   Section        0  myiic.o(i.IIC_Read_Byte)
    i.IIC_Send_Byte                          0x08000760   Section        0  myiic.o(i.IIC_Send_Byte)
    i.IIC_Start                              0x080007c4   Section        0  myiic.o(i.IIC_Start)
    i.IIC_Stop                               0x08000804   Section        0  myiic.o(i.IIC_Stop)
    i.IIC_Wait_Ack                           0x08000848   Section        0  myiic.o(i.IIC_Wait_Ack)
    i.LCD_Clear                              0x0800089c   Section        0  lcd.o(i.LCD_Clear)
    i.LCD_Display_Dir                        0x08000920   Section        0  lcd.o(i.LCD_Display_Dir)
    i.LCD_Fast_DrawPoint                     0x08000a54   Section        0  lcd.o(i.LCD_Fast_DrawPoint)
    i.LCD_Init                               0x08000ca4   Section        0  lcd.o(i.LCD_Init)
    i.LCD_Pow                                0x0800443c   Section        0  lcd.o(i.LCD_Pow)
    i.LCD_RD_DATA                            0x0800444c   Section        0  lcd.o(i.LCD_RD_DATA)
    i.LCD_ReadReg                            0x080044bc   Section        0  lcd.o(i.LCD_ReadReg)
    i.LCD_SSD_BackLightSet                   0x080044cc   Section        0  lcd.o(i.LCD_SSD_BackLightSet)
    i.LCD_Scan_Dir                           0x08004568   Section        0  lcd.o(i.LCD_Scan_Dir)
    i.LCD_SetCursor                          0x0800485c   Section        0  lcd.o(i.LCD_SetCursor)
    i.LCD_ShowChar                           0x08004bb0   Section        0  lcd.o(i.LCD_ShowChar)
    i.LCD_ShowString                         0x08004c7c   Section        0  lcd.o(i.LCD_ShowString)
    i.LCD_ShowxNum                           0x08004cd0   Section        0  lcd.o(i.LCD_ShowxNum)
    i.LCD_WR_DATAX                           0x08004d58   Section        0  lcd.o(i.LCD_WR_DATAX)
    i.LCD_WR_REG                             0x08004d7c   Section        0  lcd.o(i.LCD_WR_REG)
    i.LCD_WriteRAM_Prepare                   0x08004da0   Section        0  lcd.o(i.LCD_WriteRAM_Prepare)
    i.LCD_WriteReg                           0x08004dac   Section        0  lcd.o(i.LCD_WriteReg)
    i.MemManage_Handler                      0x08004dd8   Section        0  stm32f10x_it.o(i.MemManage_Handler)
    i.Multiple_read                          0x08004dda   Section        0  bmp180.o(i.Multiple_read)
    i.NMI_Handler                            0x08004e1c   Section        0  stm32f10x_it.o(i.NMI_Handler)
    i.NVIC_Configuration                     0x08004e1e   Section        0  nvic.o(i.NVIC_Configuration)
    i.NVIC_Init                              0x08004e80   Section        0  misc.o(i.NVIC_Init)
    i.NVIC_PriorityGroupConfig               0x08004ee4   Section        0  misc.o(i.NVIC_PriorityGroupConfig)
    i.NVIC_SetVectorTable                    0x08004ef8   Section        0  misc.o(i.NVIC_SetVectorTable)
    i.PendSV_Handler                         0x08004f0c   Section        0  stm32f10x_it.o(i.PendSV_Handler)
    i.Pressure_Convert                       0x08004f10   Section        0  bmp180.o(i.Pressure_Convert)
    i.RCC_APB1PeriphClockCmd                 0x08004fcc   Section        0  stm32f10x_rcc.o(i.RCC_APB1PeriphClockCmd)
    i.RCC_APB2PeriphClockCmd                 0x08004fe4   Section        0  stm32f10x_rcc.o(i.RCC_APB2PeriphClockCmd)
    i.RCC_GetClocksFreq                      0x08004ffc   Section        0  stm32f10x_rcc.o(i.RCC_GetClocksFreq)
    i.SVC_Handler                            0x08005090   Section        0  stm32f10x_it.o(i.SVC_Handler)
    i.SetSysClockTo72                        0x08005094   Section        0  system_stm32f10x.o(i.SetSysClockTo72)
    SetSysClockTo72                          0x08005095   Thumb Code   160  system_stm32f10x.o(i.SetSysClockTo72)
    i.SysTick_Handler                        0x0800513c   Section        0  stm32f10x_it.o(i.SysTick_Handler)
    i.SystemInit                             0x08005140   Section        0  system_stm32f10x.o(i.SystemInit)
    i.USART1_Configuration                   0x08005190   Section        0  sci.o(i.USART1_Configuration)
    i.USART1_IRQHandler                      0x080051d4   Section        0  sci.o(i.USART1_IRQHandler)
    i.USART2_Configuration                   0x0800520c   Section        0  sci.o(i.USART2_Configuration)
    i.USART2_IRQHandler                      0x08005250   Section        0  sci.o(i.USART2_IRQHandler)
    i.USART3_Configuration                   0x08005288   Section        0  sci.o(i.USART3_Configuration)
    i.USART3_IRQHandler                      0x080052cc   Section        0  sci.o(i.USART3_IRQHandler)
    i.USART_ClearFlag                        0x08005304   Section        0  stm32f10x_usart.o(i.USART_ClearFlag)
    i.USART_Cmd                              0x0800530a   Section        0  stm32f10x_usart.o(i.USART_Cmd)
    i.USART_GetFlagStatus                    0x0800531e   Section        0  stm32f10x_usart.o(i.USART_GetFlagStatus)
    i.USART_GetITStatus                      0x0800532c   Section        0  stm32f10x_usart.o(i.USART_GetITStatus)
    i.USART_ITConfig                         0x0800536a   Section        0  stm32f10x_usart.o(i.USART_ITConfig)
    i.USART_Init                             0x0800539c   Section        0  stm32f10x_usart.o(i.USART_Init)
    i.USART_ReceiveData                      0x08005448   Section        0  stm32f10x_usart.o(i.USART_ReceiveData)
    i.USART_SendData                         0x08005450   Section        0  stm32f10x_usart.o(i.USART_SendData)
    i.USART_printf                           0x08005458   Section        0  sci.o(i.USART_printf)
    i.UsageFault_Handler                     0x08005506   Section        0  stm32f10x_it.o(i.UsageFault_Handler)
    i.__scatterload_copy                     0x08005508   Section       14  handlers.o(i.__scatterload_copy)
    i.__scatterload_null                     0x08005516   Section        2  handlers.o(i.__scatterload_null)
    i.__scatterload_zeroinit                 0x08005518   Section       14  handlers.o(i.__scatterload_zeroinit)
    i.bmp180ReadPressure                     0x08005526   Section        0  bmp180.o(i.bmp180ReadPressure)
    i.bmp180ReadTemp                         0x08005552   Section        0  bmp180.o(i.bmp180ReadTemp)
    i.bmp180_Init                            0x08005580   Section        0  bmp180.o(i.bmp180_Init)
    i.chage_char                             0x080055e4   Section        0  main.o(i.chage_char)
    i.delay_init                             0x08005650   Section        0  user_delay.o(i.delay_init)
    i.delay_ms                               0x0800567c   Section        0  user_delay.o(i.delay_ms)
    i.delay_us                               0x080056a4   Section        0  user_delay.o(i.delay_us)
    i.init                                   0x080056cc   Section        0  main.o(i.init)
    i.itoa                                   0x08005714   Section        0  sci.o(i.itoa)
    i.main                                   0x08005774   Section        0  main.o(i.main)
    .constdata                               0x08005854   Section     6080  lcd.o(.constdata)
    .data                                    0x20000000   Section        6  sci.o(.data)
    .data                                    0x20000006   Section        4  user_delay.o(.data)
    fac_us                                   0x20000006   Data           1  user_delay.o(.data)
    fac_ms                                   0x20000008   Data           2  user_delay.o(.data)
    .data                                    0x2000000a   Section       22  bmp180.o(.data)
    .data                                    0x20000020   Section        4  lcd.o(.data)
    .data                                    0x20000024   Section       20  stm32f10x_rcc.o(.data)
    ADCPrescTable                            0x20000024   Data           4  stm32f10x_rcc.o(.data)
    APBAHBPrescTable                         0x20000028   Data          16  stm32f10x_rcc.o(.data)
    .bss                                     0x20000038   Section      300  sci.o(.bss)
    .bss                                     0x20000164   Section       14  lcd.o(.bss)
    STACK                                    0x20000178   Section     1024  startup_stm32f10x_md.o(STACK)

    Global Symbols

    Symbol Name                              Value     Ov Type        Size  Object(Section)

    BuildAttributes$$THM_ISAv4$P$D$K$B$S$PE$A:L22UL41UL21$X:L11$S22US41US21$IEEE1$IW$USESV6$~STKCKD$USESV7$~SHL$OTIME$ROPI$EBA8$MICROLIB$REQ8$PRES8$EABIv2 0x00000000   Number         0  anon$$obj.o ABSOLUTE
    __ARM_use_no_argv                        0x00000000   Number         0  main.o ABSOLUTE
    __cpp_initialize__aeabi_                  - Undefined Weak Reference
    __cxa_finalize                            - Undefined Weak Reference
    __decompress                              - Undefined Weak Reference
    _clock_init                               - Undefined Weak Reference
    _microlib_exit                            - Undefined Weak Reference
    __Vectors_Size                           0x000000ec   Number         0  startup_stm32f10x_md.o ABSOLUTE
    __Vectors                                0x08000000   Data           4  startup_stm32f10x_md.o(RESET)
    __Vectors_End                            0x080000ec   Data           0  startup_stm32f10x_md.o(RESET)
    __main                                   0x080000ed   Thumb Code     0  entry.o(.ARM.Collect$$$$00000000)
    _main_stk                                0x080000ed   Thumb Code     0  entry2.o(.ARM.Collect$$$$00000001)
    _main_scatterload                        0x080000f1   Thumb Code     0  entry5.o(.ARM.Collect$$$$00000004)
    __main_after_scatterload                 0x080000f5   Thumb Code     0  entry5.o(.ARM.Collect$$$$00000004)
    _main_clock                              0x080000f5   Thumb Code     0  entry7b.o(.ARM.Collect$$$$00000008)
    _main_cpp_init                           0x080000f5   Thumb Code     0  entry8b.o(.ARM.Collect$$$$0000000A)
    _main_init                               0x080000f5   Thumb Code     0  entry9a.o(.ARM.Collect$$$$0000000B)
    __rt_final_cpp                           0x080000fd   Thumb Code     0  entry10a.o(.ARM.Collect$$$$0000000D)
    __rt_final_exit                          0x080000fd   Thumb Code     0  entry11a.o(.ARM.Collect$$$$0000000F)
    Reset_Handler                            0x08000101   Thumb Code     8  startup_stm32f10x_md.o(.text)
    ADC1_2_IRQHandler                        0x0800011b   Thumb Code     0  startup_stm32f10x_md.o(.text)
    CAN1_RX1_IRQHandler                      0x0800011b   Thumb Code     0  startup_stm32f10x_md.o(.text)
    CAN1_SCE_IRQHandler                      0x0800011b   Thumb Code     0  startup_stm32f10x_md.o(.text)
    DMA1_Channel1_IRQHandler                 0x0800011b   Thumb Code     0  startup_stm32f10x_md.o(.text)
    DMA1_Channel2_IRQHandler                 0x0800011b   Thumb Code     0  startup_stm32f10x_md.o(.text)
    DMA1_Channel3_IRQHandler                 0x0800011b   Thumb Code     0  startup_stm32f10x_md.o(.text)
    DMA1_Channel4_IRQHandler                 0x0800011b   Thumb Code     0  startup_stm32f10x_md.o(.text)
    DMA1_Channel5_IRQHandler                 0x0800011b   Thumb Code     0  startup_stm32f10x_md.o(.text)
    DMA1_Channel6_IRQHandler                 0x0800011b   Thumb Code     0  startup_stm32f10x_md.o(.text)
    DMA1_Channel7_IRQHandler                 0x0800011b   Thumb Code     0  startup_stm32f10x_md.o(.text)
    EXTI0_IRQHandler                         0x0800011b   Thumb Code     0  startup_stm32f10x_md.o(.text)
    EXTI1_IRQHandler                         0x0800011b   Thumb Code     0  startup_stm32f10x_md.o(.text)
    EXTI2_IRQHandler                         0x0800011b   Thumb Code     0  startup_stm32f10x_md.o(.text)
    EXTI3_IRQHandler                         0x0800011b   Thumb Code     0  startup_stm32f10x_md.o(.text)
    EXTI4_IRQHandler                         0x0800011b   Thumb Code     0  startup_stm32f10x_md.o(.text)
    EXTI9_5_IRQHandler                       0x0800011b   Thumb Code     0  startup_stm32f10x_md.o(.text)
    FLASH_IRQHandler                         0x0800011b   Thumb Code     0  startup_stm32f10x_md.o(.text)
    I2C1_ER_IRQHandler                       0x0800011b   Thumb Code     0  startup_stm32f10x_md.o(.text)
    I2C1_EV_IRQHandler                       0x0800011b   Thumb Code     0  startup_stm32f10x_md.o(.text)
    I2C2_ER_IRQHandler                       0x0800011b   Thumb Code     0  startup_stm32f10x_md.o(.text)
    I2C2_EV_IRQHandler                       0x0800011b   Thumb Code     0  startup_stm32f10x_md.o(.text)
    PVD_IRQHandler                           0x0800011b   Thumb Code     0  startup_stm32f10x_md.o(.text)
    RCC_IRQHandler                           0x0800011b   Thumb Code     0  startup_stm32f10x_md.o(.text)
    RTCAlarm_IRQHandler                      0x0800011b   Thumb Code     0  startup_stm32f10x_md.o(.text)
    RTC_IRQHandler                           0x0800011b   Thumb Code     0  startup_stm32f10x_md.o(.text)
    SPI1_IRQHandler                          0x0800011b   Thumb Code     0  startup_stm32f10x_md.o(.text)
    SPI2_IRQHandler                          0x0800011b   Thumb Code     0  startup_stm32f10x_md.o(.text)
    TAMPER_IRQHandler                        0x0800011b   Thumb Code     0  startup_stm32f10x_md.o(.text)
    TIM1_BRK_IRQHandler                      0x0800011b   Thumb Code     0  startup_stm32f10x_md.o(.text)
    TIM1_CC_IRQHandler                       0x0800011b   Thumb Code     0  startup_stm32f10x_md.o(.text)
    TIM1_TRG_COM_IRQHandler                  0x0800011b   Thumb Code     0  startup_stm32f10x_md.o(.text)
    TIM1_UP_IRQHandler                       0x0800011b   Thumb Code     0  startup_stm32f10x_md.o(.text)
    TIM2_IRQHandler                          0x0800011b   Thumb Code     0  startup_stm32f10x_md.o(.text)
    TIM3_IRQHandler                          0x0800011b   Thumb Code     0  startup_stm32f10x_md.o(.text)
    TIM4_IRQHandler                          0x0800011b   Thumb Code     0  startup_stm32f10x_md.o(.text)
    USBWakeUp_IRQHandler                     0x0800011b   Thumb Code     0  startup_stm32f10x_md.o(.text)
    USB_HP_CAN1_TX_IRQHandler                0x0800011b   Thumb Code     0  startup_stm32f10x_md.o(.text)
    USB_LP_CAN1_RX0_IRQHandler               0x0800011b   Thumb Code     0  startup_stm32f10x_md.o(.text)
    WWDG_IRQHandler                          0x0800011b   Thumb Code     0  startup_stm32f10x_md.o(.text)
    __aeabi_dmul                             0x08000125   Thumb Code   228  dmul.o(.text)
    __aeabi_i2f                              0x08000209   Thumb Code    18  fflti.o(.text)
    __aeabi_ui2d                             0x0800021b   Thumb Code    26  dfltui.o(.text)
    __aeabi_f2iz                             0x08000235   Thumb Code    50  ffixi.o(.text)
    __aeabi_f2uiz                            0x08000267   Thumb Code    40  ffixui.o(.text)
    __aeabi_d2uiz                            0x0800028f   Thumb Code    50  dfixui.o(.text)
    __aeabi_llsr                             0x080002c1   Thumb Code    32  llushr.o(.text)
    _ll_ushift_r                             0x080002c1   Thumb Code     0  llushr.o(.text)
    __I$use$fp                               0x080002e1   Thumb Code     0  iusefp.o(.text)
    _float_round                             0x080002e1   Thumb Code    18  fepilogue.o(.text)
    _float_epilogue                          0x080002f3   Thumb Code    92  fepilogue.o(.text)
    _double_round                            0x0800034f   Thumb Code    26  depilogue.o(.text)
    _double_epilogue                         0x08000369   Thumb Code   156  depilogue.o(.text)
    __scatterload                            0x08000405   Thumb Code    28  init.o(.text)
    __scatterload_rt2                        0x08000405   Thumb Code     0  init.o(.text)
    __aeabi_llsl                             0x08000429   Thumb Code    30  llshl.o(.text)
    _ll_shift_l                              0x08000429   Thumb Code     0  llshl.o(.text)
    BusFault_Handler                         0x08000447   Thumb Code     2  stm32f10x_it.o(i.BusFault_Handler)
    DebugMon_Handler                         0x08000449   Thumb Code     2  stm32f10x_it.o(i.DebugMon_Handler)
    EXTI15_10_IRQHandler                     0x0800044b   Thumb Code     2  stm32f10x_it.o(i.EXTI15_10_IRQHandler)
    GPIO_Configuration                       0x0800044d   Thumb Code   230  gpio.o(i.GPIO_Configuration)
    GPIO_Init                                0x0800053d   Thumb Code   156  stm32f10x_gpio.o(i.GPIO_Init)
    GPIO_PinRemapConfig                      0x080005d9   Thumb Code    82  stm32f10x_gpio.o(i.GPIO_PinRemapConfig)
    GPIO_SetBits                             0x08000631   Thumb Code     4  stm32f10x_gpio.o(i.GPIO_SetBits)
    HardFault_Handler                        0x08000635   Thumb Code     2  stm32f10x_it.o(i.HardFault_Handler)
    IIC_Ack                                  0x08000639   Thumb Code    56  myiic.o(i.IIC_Ack)
    IIC_Init                                 0x08000679   Thumb Code    52  myiic.o(i.IIC_Init)
    IIC_NAck                                 0x080006b5   Thumb Code    56  myiic.o(i.IIC_NAck)
    IIC_Read_Byte                            0x080006f5   Thumb Code   100  myiic.o(i.IIC_Read_Byte)
    IIC_Send_Byte                            0x08000761   Thumb Code    90  myiic.o(i.IIC_Send_Byte)
    IIC_Start                                0x080007c5   Thumb Code    56  myiic.o(i.IIC_Start)
    IIC_Stop                                 0x08000805   Thumb Code    58  myiic.o(i.IIC_Stop)
    IIC_Wait_Ack                             0x08000849   Thumb Code    76  myiic.o(i.IIC_Wait_Ack)
    LCD_Clear                                0x0800089d   Thumb Code   120  lcd.o(i.LCD_Clear)
    LCD_Display_Dir                          0x08000921   Thumb Code   304  lcd.o(i.LCD_Display_Dir)
    LCD_Fast_DrawPoint                       0x08000a55   Thumb Code   580  lcd.o(i.LCD_Fast_DrawPoint)
    LCD_Init                                 0x08000ca5   Thumb Code 14220  lcd.o(i.LCD_Init)
    LCD_Pow                                  0x0800443d   Thumb Code    16  lcd.o(i.LCD_Pow)
    LCD_RD_DATA                              0x0800444d   Thumb Code   100  lcd.o(i.LCD_RD_DATA)
    LCD_ReadReg                              0x080044bd   Thumb Code    14  lcd.o(i.LCD_ReadReg)
    LCD_SSD_BackLightSet                     0x080044cd   Thumb Code   142  lcd.o(i.LCD_SSD_BackLightSet)
    LCD_Scan_Dir                             0x08004569   Thumb Code   742  lcd.o(i.LCD_Scan_Dir)
    LCD_SetCursor                            0x0800485d   Thumb Code   838  lcd.o(i.LCD_SetCursor)
    LCD_ShowChar                             0x08004bb1   Thumb Code   182  lcd.o(i.LCD_ShowChar)
    LCD_ShowString                           0x08004c7d   Thumb Code    84  lcd.o(i.LCD_ShowString)
    LCD_ShowxNum                             0x08004cd1   Thumb Code   134  lcd.o(i.LCD_ShowxNum)
    LCD_WR_DATAX                             0x08004d59   Thumb Code    26  lcd.o(i.LCD_WR_DATAX)
    LCD_WR_REG                               0x08004d7d   Thumb Code    26  lcd.o(i.LCD_WR_REG)
    LCD_WriteRAM_Prepare                     0x08004da1   Thumb Code     8  lcd.o(i.LCD_WriteRAM_Prepare)
    LCD_WriteReg                             0x08004dad   Thumb Code    34  lcd.o(i.LCD_WriteReg)
    MemManage_Handler                        0x08004dd9   Thumb Code     2  stm32f10x_it.o(i.MemManage_Handler)
    Multiple_read                            0x08004ddb   Thumb Code    66  bmp180.o(i.Multiple_read)
    NMI_Handler                              0x08004e1d   Thumb Code     2  stm32f10x_it.o(i.NMI_Handler)
    NVIC_Configuration                       0x08004e1f   Thumb Code    98  nvic.o(i.NVIC_Configuration)
    NVIC_Init                                0x08004e81   Thumb Code    94  misc.o(i.NVIC_Init)
    NVIC_PriorityGroupConfig                 0x08004ee5   Thumb Code    10  misc.o(i.NVIC_PriorityGroupConfig)
    NVIC_SetVectorTable                      0x08004ef9   Thumb Code    12  misc.o(i.NVIC_SetVectorTable)
    PendSV_Handler                           0x08004f0d   Thumb Code     2  stm32f10x_it.o(i.PendSV_Handler)
    Pressure_Convert                         0x08004f11   Thumb Code   178  bmp180.o(i.Pressure_Convert)
    RCC_APB1PeriphClockCmd                   0x08004fcd   Thumb Code    18  stm32f10x_rcc.o(i.RCC_APB1PeriphClockCmd)
    RCC_APB2PeriphClockCmd                   0x08004fe5   Thumb Code    18  stm32f10x_rcc.o(i.RCC_APB2PeriphClockCmd)
    RCC_GetClocksFreq                        0x08004ffd   Thumb Code   132  stm32f10x_rcc.o(i.RCC_GetClocksFreq)
    SVC_Handler                              0x08005091   Thumb Code     2  stm32f10x_it.o(i.SVC_Handler)
    SysTick_Handler                          0x0800513d   Thumb Code     2  stm32f10x_it.o(i.SysTick_Handler)
    SystemInit                               0x08005141   Thumb Code    64  system_stm32f10x.o(i.SystemInit)
    USART1_Configuration                     0x08005191   Thumb Code    64  sci.o(i.USART1_Configuration)
    USART1_IRQHandler                        0x080051d5   Thumb Code    42  sci.o(i.USART1_IRQHandler)
    USART2_Configuration                     0x0800520d   Thumb Code    64  sci.o(i.USART2_Configuration)
    USART2_IRQHandler                        0x08005251   Thumb Code    42  sci.o(i.USART2_IRQHandler)
    USART3_Configuration                     0x08005289   Thumb Code    64  sci.o(i.USART3_Configuration)
    USART3_IRQHandler                        0x080052cd   Thumb Code    42  sci.o(i.USART3_IRQHandler)
    USART_ClearFlag                          0x08005305   Thumb Code     6  stm32f10x_usart.o(i.USART_ClearFlag)
    USART_Cmd                                0x0800530b   Thumb Code    20  stm32f10x_usart.o(i.USART_Cmd)
    USART_GetFlagStatus                      0x0800531f   Thumb Code    14  stm32f10x_usart.o(i.USART_GetFlagStatus)
    USART_GetITStatus                        0x0800532d   Thumb Code    62  stm32f10x_usart.o(i.USART_GetITStatus)
    USART_ITConfig                           0x0800536b   Thumb Code    48  stm32f10x_usart.o(i.USART_ITConfig)
    USART_Init                               0x0800539d   Thumb Code   166  stm32f10x_usart.o(i.USART_Init)
    USART_ReceiveData                        0x08005449   Thumb Code     8  stm32f10x_usart.o(i.USART_ReceiveData)
    USART_SendData                           0x08005451   Thumb Code     8  stm32f10x_usart.o(i.USART_SendData)
    USART_printf                             0x08005459   Thumb Code   174  sci.o(i.USART_printf)
    UsageFault_Handler                       0x08005507   Thumb Code     2  stm32f10x_it.o(i.UsageFault_Handler)
    __scatterload_copy                       0x08005509   Thumb Code    14  handlers.o(i.__scatterload_copy)
    __scatterload_null                       0x08005517   Thumb Code     2  handlers.o(i.__scatterload_null)
    __scatterload_zeroinit                   0x08005519   Thumb Code    14  handlers.o(i.__scatterload_zeroinit)
    bmp180ReadPressure                       0x08005527   Thumb Code    44  bmp180.o(i.bmp180ReadPressure)
    bmp180ReadTemp                           0x08005553   Thumb Code    44  bmp180.o(i.bmp180ReadTemp)
    bmp180_Init                              0x08005581   Thumb Code    94  bmp180.o(i.bmp180_Init)
    chage_char                               0x080055e5   Thumb Code    94  main.o(i.chage_char)
    delay_init                               0x08005651   Thumb Code    38  user_delay.o(i.delay_init)
    delay_ms                                 0x0800567d   Thumb Code    36  user_delay.o(i.delay_ms)
    delay_us                                 0x080056a5   Thumb Code    36  user_delay.o(i.delay_us)
    init                                     0x080056cd   Thumb Code    60  main.o(i.init)
    itoa                                     0x08005715   Thumb Code    94  sci.o(i.itoa)
    main                                     0x08005775   Thumb Code   186  main.o(i.main)
    asc2_1206                                0x08005854   Data        1140  lcd.o(.constdata)
    asc2_1608                                0x08005cc8   Data        1520  lcd.o(.constdata)
    asc2_2412                                0x080062b8   Data        3420  lcd.o(.constdata)
    Region$$Table$$Base                      0x08007014   Number         0  anon$$obj.o(Region$$Table)
    Region$$Table$$Limit                     0x08007034   Number         0  anon$$obj.o(Region$$Table)
    RS232_REC_Flag1                          0x20000000   Data           1  sci.o(.data)
    RS232_REC_Count1                         0x20000001   Data           1  sci.o(.data)
    RS232_REC_Flag2                          0x20000002   Data           1  sci.o(.data)
    RS232_REC_Count2                         0x20000003   Data           1  sci.o(.data)
    RS232_REC_Flag3                          0x20000004   Data           1  sci.o(.data)
    RS232_REC_Count3                         0x20000005   Data           1  sci.o(.data)
    ac1                                      0x2000000a   Data           2  bmp180.o(.data)
    ac2                                      0x2000000c   Data           2  bmp180.o(.data)
    ac3                                      0x2000000e   Data           2  bmp180.o(.data)
    ac4                                      0x20000010   Data           2  bmp180.o(.data)
    ac5                                      0x20000012   Data           2  bmp180.o(.data)
    ac6                                      0x20000014   Data           2  bmp180.o(.data)
    b1                                       0x20000016   Data           2  bmp180.o(.data)
    b2                                       0x20000018   Data           2  bmp180.o(.data)
    mb                                       0x2000001a   Data           2  bmp180.o(.data)
    mc                                       0x2000001c   Data           2  bmp180.o(.data)
    md                                       0x2000001e   Data           2  bmp180.o(.data)
    POINT_COLOR                              0x20000020   Data           2  lcd.o(.data)
    BACK_COLOR                               0x20000022   Data           2  lcd.o(.data)
    RS232_buff1                              0x20000038   Data         100  sci.o(.bss)
    RS232_buff2                              0x2000009c   Data         100  sci.o(.bss)
    RS232_buff3                              0x20000100   Data         100  sci.o(.bss)
    lcddev                                   0x20000164   Data          14  lcd.o(.bss)
    __initial_sp                             0x20000578   Data           0  startup_stm32f10x_md.o(STACK)



==============================================================================

Memory Map of the image

  Image Entry point : 0x080000ed

  Load Region LR_IROM1 (Base: 0x08000000, Size: 0x0000706c, Max: 0x00010000, ABSOLUTE)

    Execution Region ER_IROM1 (Base: 0x08000000, Size: 0x00007034, Max: 0x00010000, ABSOLUTE)

    Base Addr    Size         Type   Attr      Idx    E Section Name        Object

    0x08000000   0x000000ec   Data   RO         1417    RESET               startup_stm32f10x_md.o
    0x080000ec   0x00000000   Code   RO         1422  * .ARM.Collect$$$$00000000  mc_w.l(entry.o)
    0x080000ec   0x00000004   Code   RO         1437    .ARM.Collect$$$$00000001  mc_w.l(entry2.o)
    0x080000f0   0x00000004   Code   RO         1440    .ARM.Collect$$$$00000004  mc_w.l(entry5.o)
    0x080000f4   0x00000000   Code   RO         1442    .ARM.Collect$$$$00000008  mc_w.l(entry7b.o)
    0x080000f4   0x00000000   Code   RO         1444    .ARM.Collect$$$$0000000A  mc_w.l(entry8b.o)
    0x080000f4   0x00000008   Code   RO         1445    .ARM.Collect$$$$0000000B  mc_w.l(entry9a.o)
    0x080000fc   0x00000000   Code   RO         1447    .ARM.Collect$$$$0000000D  mc_w.l(entry10a.o)
    0x080000fc   0x00000000   Code   RO         1449    .ARM.Collect$$$$0000000F  mc_w.l(entry11a.o)
    0x080000fc   0x00000004   Code   RO         1438    .ARM.Collect$$$$00002712  mc_w.l(entry2.o)
    0x08000100   0x00000024   Code   RO         1418    .text               startup_stm32f10x_md.o
    0x08000124   0x000000e4   Code   RO         1425    .text               mf_w.l(dmul.o)
    0x08000208   0x00000012   Code   RO         1427    .text               mf_w.l(fflti.o)
    0x0800021a   0x0000001a   Code   RO         1429    .text               mf_w.l(dfltui.o)
    0x08000234   0x00000032   Code   RO         1431    .text               mf_w.l(ffixi.o)
    0x08000266   0x00000028   Code   RO         1433    .text               mf_w.l(ffixui.o)
    0x0800028e   0x00000032   Code   RO         1435    .text               mf_w.l(dfixui.o)
    0x080002c0   0x00000020   Code   RO         1451    .text               mc_w.l(llushr.o)
    0x080002e0   0x00000000   Code   RO         1453    .text               mc_w.l(iusefp.o)
    0x080002e0   0x0000006e   Code   RO         1454    .text               mf_w.l(fepilogue.o)
    0x0800034e   0x000000b6   Code   RO         1456    .text               mf_w.l(depilogue.o)
    0x08000404   0x00000024   Code   RO         1458    .text               mc_w.l(init.o)
    0x08000428   0x0000001e   Code   RO         1460    .text               mc_w.l(llshl.o)
    0x08000446   0x00000002   Code   RO            1    i.BusFault_Handler  stm32f10x_it.o
    0x08000448   0x00000002   Code   RO            2    i.DebugMon_Handler  stm32f10x_it.o
    0x0800044a   0x00000002   Code   RO            4    i.EXTI15_10_IRQHandler  stm32f10x_it.o
    0x0800044c   0x000000f0   Code   RO          266    i.GPIO_Configuration  gpio.o
    0x0800053c   0x0000009c   Code   RO          812    i.GPIO_Init         stm32f10x_gpio.o
    0x080005d8   0x00000058   Code   RO          814    i.GPIO_PinRemapConfig  stm32f10x_gpio.o
    0x08000630   0x00000004   Code   RO          820    i.GPIO_SetBits      stm32f10x_gpio.o
    0x08000634   0x00000002   Code   RO            5    i.HardFault_Handler  stm32f10x_it.o
    0x08000636   0x00000002   PAD
    0x08000638   0x00000040   Code   RO          316    i.IIC_Ack           myiic.o
    0x08000678   0x0000003c   Code   RO          317    i.IIC_Init          myiic.o
    0x080006b4   0x00000040   Code   RO          318    i.IIC_NAck          myiic.o
    0x080006f4   0x0000006c   Code   RO          319    i.IIC_Read_Byte     myiic.o
    0x08000760   0x00000064   Code   RO          320    i.IIC_Send_Byte     myiic.o
    0x080007c4   0x00000040   Code   RO          321    i.IIC_Start         myiic.o
    0x08000804   0x00000044   Code   RO          322    i.IIC_Stop          myiic.o
    0x08000848   0x00000054   Code   RO          323    i.IIC_Wait_Ack      myiic.o
    0x0800089c   0x00000084   Code   RO          430    i.LCD_Clear         lcd.o
    0x08000920   0x00000134   Code   RO          434    i.LCD_Display_Dir   lcd.o
    0x08000a54   0x00000250   Code   RO          439    i.LCD_Fast_DrawPoint  lcd.o
    0x08000ca4   0x00003798   Code   RO          441    i.LCD_Init          lcd.o
    0x0800443c   0x00000010   Code   RO          442    i.LCD_Pow           lcd.o
    0x0800444c   0x00000070   Code   RO          443    i.LCD_RD_DATA       lcd.o
    0x080044bc   0x0000000e   Code   RO          445    i.LCD_ReadReg       lcd.o
    0x080044ca   0x00000002   PAD
    0x080044cc   0x0000009c   Code   RO          446    i.LCD_SSD_BackLightSet  lcd.o
    0x08004568   0x000002f4   Code   RO          447    i.LCD_Scan_Dir      lcd.o
    0x0800485c   0x00000354   Code   RO          448    i.LCD_SetCursor     lcd.o
    0x08004bb0   0x000000cc   Code   RO          450    i.LCD_ShowChar      lcd.o
    0x08004c7c   0x00000054   Code   RO          452    i.LCD_ShowString    lcd.o
    0x08004cd0   0x00000086   Code   RO          453    i.LCD_ShowxNum      lcd.o
    0x08004d56   0x00000002   PAD
    0x08004d58   0x00000024   Code   RO          454    i.LCD_WR_DATAX      lcd.o
    0x08004d7c   0x00000024   Code   RO          455    i.LCD_WR_REG        lcd.o
    0x08004da0   0x0000000c   Code   RO          457    i.LCD_WriteRAM_Prepare  lcd.o
    0x08004dac   0x0000002c   Code   RO          458    i.LCD_WriteReg      lcd.o
    0x08004dd8   0x00000002   Code   RO            6    i.MemManage_Handler  stm32f10x_it.o
    0x08004dda   0x00000042   Code   RO          370    i.Multiple_read     bmp180.o
    0x08004e1c   0x00000002   Code   RO            7    i.NMI_Handler       stm32f10x_it.o
    0x08004e1e   0x00000062   Code   RO          278    i.NVIC_Configuration  nvic.o
    0x08004e80   0x00000064   Code   RO         1120    i.NVIC_Init         misc.o
    0x08004ee4   0x00000014   Code   RO         1121    i.NVIC_PriorityGroupConfig  misc.o
    0x08004ef8   0x00000014   Code   RO         1122    i.NVIC_SetVectorTable  misc.o
    0x08004f0c   0x00000002   Code   RO            8    i.PendSV_Handler    stm32f10x_it.o
    0x08004f0e   0x00000002   PAD
    0x08004f10   0x000000bc   Code   RO          371    i.Pressure_Convert  bmp180.o
    0x08004fcc   0x00000018   Code   RO          922    i.RCC_APB1PeriphClockCmd  stm32f10x_rcc.o
    0x08004fe4   0x00000018   Code   RO          924    i.RCC_APB2PeriphClockCmd  stm32f10x_rcc.o
    0x08004ffc   0x00000094   Code   RO          932    i.RCC_GetClocksFreq  stm32f10x_rcc.o
    0x08005090   0x00000002   Code   RO            9    i.SVC_Handler       stm32f10x_it.o
    0x08005092   0x00000002   PAD
    0x08005094   0x000000a8   Code   RO         1378    i.SetSysClockTo72   system_stm32f10x.o
    0x0800513c   0x00000002   Code   RO           10    i.SysTick_Handler   stm32f10x_it.o
    0x0800513e   0x00000002   PAD
    0x08005140   0x00000050   Code   RO         1380    i.SystemInit        system_stm32f10x.o
    0x08005190   0x00000044   Code   RO          180    i.USART1_Configuration  sci.o
    0x080051d4   0x00000038   Code   RO          181    i.USART1_IRQHandler  sci.o
    0x0800520c   0x00000044   Code   RO          182    i.USART2_Configuration  sci.o
    0x08005250   0x00000038   Code   RO          183    i.USART2_IRQHandler  sci.o
    0x08005288   0x00000044   Code   RO          184    i.USART3_Configuration  sci.o
    0x080052cc   0x00000038   Code   RO          185    i.USART3_IRQHandler  sci.o
    0x08005304   0x00000006   Code   RO          626    i.USART_ClearFlag   stm32f10x_usart.o
    0x0800530a   0x00000014   Code   RO          630    i.USART_Cmd         stm32f10x_usart.o
    0x0800531e   0x0000000e   Code   RO          633    i.USART_GetFlagStatus  stm32f10x_usart.o
    0x0800532c   0x0000003e   Code   RO          634    i.USART_GetITStatus  stm32f10x_usart.o
    0x0800536a   0x00000030   Code   RO          636    i.USART_ITConfig    stm32f10x_usart.o
    0x0800539a   0x00000002   PAD
    0x0800539c   0x000000ac   Code   RO          637    i.USART_Init        stm32f10x_usart.o
    0x08005448   0x00000008   Code   RO          644    i.USART_ReceiveData  stm32f10x_usart.o
    0x08005450   0x00000008   Code   RO          647    i.USART_SendData    stm32f10x_usart.o
    0x08005458   0x000000ae   Code   RO          186    i.USART_printf      sci.o
    0x08005506   0x00000002   Code   RO           11    i.UsageFault_Handler  stm32f10x_it.o
    0x08005508   0x0000000e   Code   RO         1464    i.__scatterload_copy  mc_w.l(handlers.o)
    0x08005516   0x00000002   Code   RO         1465    i.__scatterload_null  mc_w.l(handlers.o)
    0x08005518   0x0000000e   Code   RO         1466    i.__scatterload_zeroinit  mc_w.l(handlers.o)
    0x08005526   0x0000002c   Code   RO          373    i.bmp180ReadPressure  bmp180.o
    0x08005552   0x0000002c   Code   RO          374    i.bmp180ReadTemp    bmp180.o
    0x0800557e   0x00000002   PAD
    0x08005580   0x00000064   Code   RO          375    i.bmp180_Init       bmp180.o
    0x080055e4   0x0000006c   Code   RO          124    i.chage_char        main.o
    0x08005650   0x0000002c   Code   RO          290    i.delay_init        user_delay.o
    0x0800567c   0x00000028   Code   RO          291    i.delay_ms          user_delay.o
    0x080056a4   0x00000028   Code   RO          292    i.delay_us          user_delay.o
    0x080056cc   0x00000048   Code   RO          125    i.init              main.o
    0x08005714   0x0000005e   Code   RO          188    i.itoa              sci.o
    0x08005772   0x00000002   PAD
    0x08005774   0x000000e0   Code   RO          126    i.main              main.o
    0x08005854   0x000017c0   Data   RO          461    .constdata          lcd.o
    0x08007014   0x00000020   Data   RO         1462    Region$$Table       anon$$obj.o


    Execution Region RW_IRAM1 (Base: 0x20000000, Size: 0x00000578, Max: 0x00002800, ABSOLUTE)

    Base Addr    Size         Type   Attr      Idx    E Section Name        Object

    0x20000000   0x00000006   Data   RW          190    .data               sci.o
    0x20000006   0x00000004   Data   RW          293    .data               user_delay.o
    0x2000000a   0x00000016   Data   RW          376    .data               bmp180.o
    0x20000020   0x00000004   Data   RW          462    .data               lcd.o
    0x20000024   0x00000014   Data   RW          952    .data               stm32f10x_rcc.o
    0x20000038   0x0000012c   Zero   RW          189    .bss                sci.o
    0x20000164   0x0000000e   Zero   RW          460    .bss                lcd.o
    0x20000172   0x00000006   PAD
    0x20000178   0x00000400   Zero   RW         1415    STACK               startup_stm32f10x_md.o


==============================================================================

Image component sizes


      Code (inc. data)   RO Data    RW Data    ZI Data      Debug   Object Name

       442         16          0         22          0       3352   bmp180.o
         0          0          0          0          0         32   core_cm3.o
       240         10          0          0          0        673   gpio.o
     17720        192       6080          4         14      22119   lcd.o
       404         64          0          0          0       2363   main.o
       140         24          0          0          0       2229   misc.o
       612         68          0          0          0       4262   myiic.o
        98          0          0          0          0        565   nvic.o
       640         54          0          6        300       6148   sci.o
        36          8        236          0       1024        904   startup_stm32f10x_md.o
       248          6          0          0          0       3265   stm32f10x_gpio.o
        20          0          0          0          0     235621   stm32f10x_it.o
       196         28          0         20          0       4702   stm32f10x_rcc.o
       338          6          0          0          0       6811   stm32f10x_usart.o
       248         24          0          0          0       1745   system_stm32f10x.o
       124         14          0          4          0       1663   user_delay.o

    ----------------------------------------------------------------------
     21524        514       6348         56       1344     296454   Object Totals
         0          0         32          0          0          0   (incl. Generated)
        18          0          0          0          6          0   (incl. Padding)

    ----------------------------------------------------------------------

      Code (inc. data)   RO Data    RW Data    ZI Data      Debug   Library Member Name

         0          0          0          0          0          0   entry.o
         0          0          0          0          0          0   entry10a.o
         0          0          0          0          0          0   entry11a.o
         8          4          0          0          0          0   entry2.o
         4          0          0          0          0          0   entry5.o
         0          0          0          0          0          0   entry7b.o
         0          0          0          0          0          0   entry8b.o
         8          4          0          0          0          0   entry9a.o
        30          0          0          0          0          0   handlers.o
        36          8          0          0          0         68   init.o
         0          0          0          0          0          0   iusefp.o
        30          0          0          0          0         68   llshl.o
        32          0          0          0          0         68   llushr.o
       182          0          0          0          0        176   depilogue.o
        50          0          0          0          0         76   dfixui.o
        26          0          0          0          0         76   dfltui.o
       228          0          0          0          0         96   dmul.o
       110          0          0          0          0        168   fepilogue.o
        50          0          0          0          0         68   ffixi.o
        40          0          0          0          0         68   ffixui.o
        18          0          0          0          0         68   fflti.o

    ----------------------------------------------------------------------
       852         16          0          0          0       1000   Library Totals
         0          0          0          0          0          0   (incl. Padding)

    ----------------------------------------------------------------------

      Code (inc. data)   RO Data    RW Data    ZI Data      Debug   Library Name

       148         16          0          0          0        204   mc_w.l
       704          0          0          0          0        796   mf_w.l

    ----------------------------------------------------------------------
       852         16          0          0          0       1000   Library Totals

    ----------------------------------------------------------------------

==============================================================================


      Code (inc. data)   RO Data    RW Data    ZI Data      Debug   

     22376        530       6348         56       1344     293394   Grand Totals
     22376        530       6348         56       1344     293394   ELF Image Totals
     22376        530       6348         56          0          0   ROM Totals

==============================================================================

    Total RO  Size (Code + RO Data)                28724 (  28.05kB)
    Total RW  Size (RW Data + ZI Data)              1400 (   1.37kB)
    Total ROM Size (Code + RO Data + RW Data)      28780 (  28.11kB)

==============================================================================

